 testmodel_1109_xpc

 Timestamp is 5654481d (Tue Nov 24 12:21:01 2015)

 Preferred load address is 10000000

 Start         Length     Name                   Class
 0001:00000000 0001586aH .text                   CODE
 0002:00000000 00000108H .idata$5                DATA
 0002:00000108 00000004H .CRT$XCA                DATA
 0002:0000010c 00000004H .CRT$XCZ                DATA
 0002:00000110 00000004H .CRT$XIA                DATA
 0002:00000114 00000014H .CRT$XIC                DATA
 0002:00000128 00000004H .CRT$XIZ                DATA
 0002:0000012c 00000004H .CRT$XPA                DATA
 0002:00000130 00000004H .CRT$XPX                DATA
 0002:00000134 00000004H .CRT$XPXA               DATA
 0002:00000138 00000004H .CRT$XPZ                DATA
 0002:0000013c 00000004H .CRT$XTA                DATA
 0002:00000140 00000004H .CRT$XTZ                DATA
 0002:00000150 00007210H .rdata                  DATA
 0002:00007360 0000000cH .rdata$sxdata           DATA
 0002:0000736c 00000004H .rtc$IAA                DATA
 0002:00007370 00000004H .rtc$IZZ                DATA
 0002:00007374 00000004H .rtc$TAA                DATA
 0002:00007378 00000004H .rtc$TZZ                DATA
 0002:00007380 000002f4H .xdata$x                DATA
 0002:00007674 00000014H .idata$2                DATA
 0002:00007688 00000014H .idata$3                DATA
 0002:0000769c 00000108H .idata$4                DATA
 0002:000077a4 000004b4H .idata$6                DATA
 0002:00007c60 000000c1H .edata                  DATA
 0003:00000000 00002240H .data                   DATA
 0003:00002240 00005624H .bss                    DATA

  Address         Publics by Value              Rva+Base       Lib:Object

 0000:00000000       __except_list              00000000     <absolute>
 0000:00000003       ___safe_se_handler_count   00000003     <absolute>
 0000:00000000       ___ImageBase               10000000     <linker-defined>
 0001:00000000       _rt_roundd_snf             10001000 f   testmodel_1109.obj
 0001:00003d00       _MdlOutputs                10004d00 f   testmodel_1109.obj
 0001:00003d10       _MdlUpdate                 10004d10 f   testmodel_1109.obj
 0001:00003d20       _MdlStart                  10004d20 f   testmodel_1109.obj
 0001:00003d30       _MdlTerminate              10004d30 f   testmodel_1109.obj
 0001:00003d40       _testmodel_1109            10004d40 f   testmodel_1109.obj
 0001:00005760       _rtGetInfF                 10006760 f   rtGetInf.obj
 0001:00005780       _rtGetMinusInfF            10006780 f   rtGetInf.obj
 0001:000057a0       _rtGetInf                  100067a0 f   rtGetInf.obj
 0001:000057c0       _rtGetMinusInf             100067c0 f   rtGetInf.obj
 0001:000057e0       _rtGetNaNF                 100067e0 f   rtGetNaN.obj
 0001:00005800       _rtGetNaN                  10006800 f   rtGetNaN.obj
 0001:00005820       _rt_InitInfAndNaN          10006820 f   rt_nonfinite.obj
 0001:00005870       _rtIsInf                   10006870 f   rt_nonfinite.obj
 0001:000058b0       _rtIsNaN                   100068b0 f   rt_nonfinite.obj
 0001:000058d0       _rt_ZCFcn                  100068d0 f   rt_zcfcn.obj
 0001:00005980       _testmodel_1109_InitializeDataMapInfo 10006980 f   testmodel_1109_capi.obj
 0001:000059e0       _changeStepSize            100069e0 f   xpctarget.obj
 0001:00005a30       _DllMain@12                10006a30 f   xpctarget.obj
 0001:00005a40       _getrlmdlinfo              10006a40 f   xpctarget.obj
 0001:00005bd0       _getDLMVersion             10006bd0 f   xpctarget.obj
 0001:00006980       _sg_IO601_write_s_3        10007980 f   sg_IO601_write_s_3.obj
 0001:00007900       _sg_IO601_setup_s_3        10008900 f   sg_IO601_setup_s_3.obj
 0001:000083e0       _updateDiscreteEvents      100093e0 f   xpctarget.obj
 0001:000083e0       _MdlInitializeSampleTimes  100093e0 f   testmodel_1109.obj
 0001:000083e0       _MdlInitializeSizes        100093e0 f   testmodel_1109.obj
 0001:000083f0       _sg_IO601_read_s_3         100093f0 f   sg_IO601_read_s_3.obj
 0001:00008700       _xpcInitProcs              10009700 f   xpcruntime:xpcimports.obj
 0001:00009400       _GetPCIDeviceFull          1000a400 f   xpcruntime:xpcimports.obj
 0001:00009448       _malloc                    1000a448 f   LIBCMT:malloc.obj
 0001:000094e0       _ceil                      1000a4e0 f   LIBCMT:_ceil_pentium4_.obj
 0001:00009520       __ceil_pentium4            1000a520 f   LIBCMT:_ceil_pentium4_.obj
 0001:000095fd       __cfltcvt_init             1000a5fd f   LIBCMT:_fpinit_.obj
 0001:0000965d       __fpmath                   1000a65d f   LIBCMT:_fpinit_.obj
 0001:00009680       _floor                     1000a680 f   LIBCMT:_floor_pentium4_.obj
 0001:000096c0       __floor_pentium4           1000a6c0 f   LIBCMT:_floor_pentium4_.obj
 0001:000097b0       __ftol2_sse                1000a7b0 f   LIBCMT:ftol2.obj
 0001:000097b9       __ftol2_pentium4           1000a7b9 f   LIBCMT:ftol2.obj
 0001:000097cc       __ftol2_sse_excpt          1000a7cc f   LIBCMT:ftol2.obj
 0001:000097e6       __ftol2                    1000a7e6 f   LIBCMT:ftol2.obj
 0001:00009860       _fmod                      1000a860 f   LIBCMT:_87fmod_.obj
 0001:0000986a       __CIfmod                   1000a86a f   LIBCMT:_87fmod_.obj
 0001:00009890       _sin                       1000a890 f   LIBCMT:_sin_.obj
 0001:000098d0       __CIsin                    1000a8d0 f   LIBCMT:_sin_.obj
 0001:0000990b       __CIsin_default            1000a90b f   LIBCMT:_sin_.obj
 0001:0000991f       __sin_default              1000a91f     LIBCMT:_sin_.obj
 0001:000099b9       _printf                    1000a9b9 f   LIBCMT:printf.obj
 0001:00009a60       __get_printf_count_output  1000aa60 f   LIBCMT:printf.obj
 0001:00009a80       _memset                    1000aa80 f   LIBCMT:memset.obj
 0001:00009afa       _free                      1000aafa f   LIBCMT:free.obj
 0001:00009b34       ___iob_func                1000ab34 f   LIBCMT:_file.obj
 0001:00009b3a       ___initstdio               1000ab3a f   LIBCMT:_file.obj
 0001:00009beb       ___endstdio                1000abeb f   LIBCMT:_file.obj
 0001:00009c0b       __lock_file                1000ac0b f   LIBCMT:_file.obj
 0001:00009c4c       __lock_file2               1000ac4c f   LIBCMT:_file.obj
 0001:00009c7e       __unlock_file              1000ac7e f   LIBCMT:_file.obj
 0001:00009cba       __unlock_file2             1000acba f   LIBCMT:_file.obj
 0001:00009ce9       @__security_check_cookie@4 1000ace9 f   LIBCMT:secchk.obj
 0001:00009d00       _memcpy                    1000ad00 f   LIBCMT:memcpy.obj
 0001:0000a070       _memmove                   1000b070 f   LIBCMT:memmove.obj
 0001:0000a3d1       __fclose_nolock            1000b3d1 f   LIBCMT:fclose.obj
 0001:0000a43e       _fclose                    1000b43e f   LIBCMT:fclose.obj
 0001:0000a4b2       _sprintf                   1000b4b2 f   LIBCMT:sprintf.obj
 0001:0000a540       _strncat                   1000b540 f   LIBCMT:strncat.obj
 0001:0000a680       _strncpy                   1000b680 f   LIBCMT:strncpy.obj
 0001:0000a7a4       ___crtCorExitProcess       1000b7a4 f   LIBCMT:crt0dat.obj
 0001:0000a7cf       ___crtExitProcess          1000b7cf f   LIBCMT:crt0dat.obj
 0001:0000a7e7       __lockexit                 1000b7e7 f   LIBCMT:crt0dat.obj
 0001:0000a7f0       __unlockexit               1000b7f0 f   LIBCMT:crt0dat.obj
 0001:0000a7f9       __init_pointers            1000b7f9 f   LIBCMT:crt0dat.obj
 0001:0000a82c       __initterm_e               1000b82c f   LIBCMT:crt0dat.obj
 0001:0000a850       __cinit                    1000b850 f   LIBCMT:crt0dat.obj
 0001:0000aa27       __exit                     1000ba27 f   LIBCMT:crt0dat.obj
 0001:0000aa3d       __cexit                    1000ba3d f   LIBCMT:crt0dat.obj
 0001:0000aa4c       __amsg_exit                1000ba4c f   LIBCMT:crt0dat.obj
 0001:0000aa6a       _realloc                   1000ba6a f   LIBCMT:realloc.obj
 0001:0000ab30       _strchr                    1000bb30 f   LIBCMT:strchr.obj
 0001:0000ab36       ___from_strstr_to_strchr   1000bb36     LIBCMT:strchr.obj
 0001:0000abee       _strncmp                   1000bbee f   LIBCMT:strncmp.obj
 0001:0000acae       __CRT_INIT@12              1000bcae f   LIBCMT:dllcrt0.obj
 0001:0000af08       __DllMainCRTStartup@12     1000bf08 f   LIBCMT:dllcrt0.obj
 0001:0000af2b       __GET_RTERRMSG             1000bf2b f   LIBCMT:crt0msg.obj
 0001:0000af54       __NMSG_WRITE               1000bf54 f   LIBCMT:crt0msg.obj
 0001:0000b103       __FF_MSGBANNER             1000c103 f   LIBCMT:crt0msg.obj
 0001:0000b13c       __heap_init                1000c13c f   LIBCMT:heapinit.obj
 0001:0000b15a       __heap_term                1000c15a f   LIBCMT:heapinit.obj
 0001:0000b16e       __get_errno_from_oserr     1000c16e f   LIBCMT:dosmap.obj
 0001:0000b1b0       __errno                    1000c1b0 f   LIBCMT:dosmap.obj
 0001:0000b1c3       ___doserrno                1000c1c3 f   LIBCMT:dosmap.obj
 0001:0000b1d6       __dosmaperr                1000c1d6 f   LIBCMT:dosmap.obj
 0001:0000b1f9       __initp_heap_handler       1000c1f9 f   LIBCMT:handler.obj
 0001:0000b208       __callnewh                 1000c208 f   LIBCMT:handler.obj
 0001:0000b230       ___libm_error_support      1000c230 f   LIBCMT:_libm_error_.obj
 0001:0000b4fc       __sse2_mathfcns_init       1000c4fc f   LIBCMT:_mathfcns_.obj
 0001:0000b50c       __ceil_default             1000c50c f   LIBCMT:_ceil_.obj
 0001:0000b5e4       ??0_LocaleUpdate@@QAE@PAUlocaleinfo_struct@@@Z 1000c5e4 f i LIBCMT:cvt.obj
 0001:0000b66b       __forcdecpt_l              1000c66b f   LIBCMT:cvt.obj
 0001:0000b6df       __cropzeros_l              1000c6df f   LIBCMT:cvt.obj
 0001:0000b761       __positive                 1000c761 f   LIBCMT:cvt.obj
 0001:0000b77d       __fassign_l                1000c77d f   LIBCMT:cvt.obj
 0001:0000b7bf       __fassign                  1000c7bf f   LIBCMT:cvt.obj
 0001:0000b7f8       __forcdecpt                1000c7f8 f   LIBCMT:cvt.obj
 0001:0000b80b       __cropzeros                1000c80b f   LIBCMT:cvt.obj
 0001:0000b97f       __cftoe_l                  1000c97f f   LIBCMT:cvt.obj
 0001:0000ba46       __cftoe                    1000ca46 f   LIBCMT:cvt.obj
 0001:0000ba66       __cftoa_l                  1000ca66 f   LIBCMT:cvt.obj
 0001:0000bedf       __cftof_l                  1000cedf f   LIBCMT:cvt.obj
 0001:0000bfa0       __cftog_l                  1000cfa0 f   LIBCMT:cvt.obj
 0001:0000c08d       __cfltcvt_l                1000d08d f   LIBCMT:cvt.obj
 0001:0000c115       __cfltcvt                  1000d115 f   LIBCMT:cvt.obj
 0001:0000c138       __initp_misc_cfltcvt_tab   1000d138 f   LIBCMT:cmiscdat.obj
 0001:0000c15b       __setdefaultprecision      1000d15b f   LIBCMT:fp8.obj
 0001:0000c183       __floor_default            1000d183 f   LIBCMT:_floor_.obj
 0001:0000c25b       ___sse2_available_init     1000d25b f   LIBCMT:cpu_disp.obj
 0001:0000c270       __cintrindisp2             1000d270 f   LIBCMT:_87cdisp_.obj
 0001:0000c2ae       __cintrindisp1             1000d2ae f   LIBCMT:_87cdisp_.obj
 0001:0000c2eb       __ctrandisp2               1000d2eb f   LIBCMT:_87cdisp_.obj
 0001:0000c47a       __ctrandisp1               1000d47a f   LIBCMT:_87cdisp_.obj
 0001:0000c4ad       __fload                    1000d4ad f   LIBCMT:_87cdisp_.obj
 0001:0000c4f0       __trandisp1                1000d4f0 f   LIBCMT:_87disp_.obj
 0001:0000c557       __trandisp2                1000d557 f   LIBCMT:_87disp_.obj
 0001:0000c5e3       __rttospopde               1000d5e3     LIBCMT:_87disp_.obj
 0001:0000c5e8       __rttospop                 1000d5e8     LIBCMT:_87disp_.obj
 0001:0000c5ea       __rtnospop                 1000d5ea     LIBCMT:_87disp_.obj
 0001:0000c5ec       __rttosnpop                1000d5ec     LIBCMT:_87disp_.obj
 0001:0000c5ed       __rtnospopde               1000d5ed     LIBCMT:_87disp_.obj
 0001:0000c5f4       __rtzeropop                1000d5f4     LIBCMT:_87disp_.obj
 0001:0000c5f6       __rtzeronpop               1000d5f6     LIBCMT:_87disp_.obj
 0001:0000c5fb       __rtonepop                 1000d5fb     LIBCMT:_87disp_.obj
 0001:0000c5fd       __rtonenpop                1000d5fd     LIBCMT:_87disp_.obj
 0001:0000c602       __tosnan1                  1000d602     LIBCMT:_87disp_.obj
 0001:0000c62d       __nosnan2                  1000d62d     LIBCMT:_87disp_.obj
 0001:0000c62f       __tosnan2                  1000d62f     LIBCMT:_87disp_.obj
 0001:0000c657       __nan2                     1000d657     LIBCMT:_87disp_.obj
 0001:0000c696       __rtindfpop                1000d696     LIBCMT:_87disp_.obj
 0001:0000c698       __rtindfnpop               1000d698     LIBCMT:_87disp_.obj
 0001:0000c6a9       __rttosnpopde              1000d6a9     LIBCMT:_87disp_.obj
 0001:0000c6b3       __rtchsifneg               1000d6b3     LIBCMT:_87disp_.obj
 0001:0000c6c0       __CIsin_pentium4           1000d6c0 f   LIBCMT:_sin_pentium4_.obj
 0001:0000c6d8       __sin_pentium4             1000d6d8     LIBCMT:_sin_pentium4_.obj
 0001:0000c890       __twoToTOS                 1000d890 f   LIBCMT:_common_.obj
 0001:0000c8a5       __load_CW                  1000d8a5 f   LIBCMT:_common_.obj
 0001:0000c8bc       __convertTOStoQNaN         1000d8bc f   LIBCMT:_common_.obj
 0001:0000c8d5       __fload_withFB             1000d8d5 f   LIBCMT:_common_.obj
 0001:0000c918       __checkTOS_withFB          1000d918 f   LIBCMT:_common_.obj
 0001:0000c92e       __fast_exit                1000d92e f   LIBCMT:_common_.obj
 0001:0000c93b       __math_exit                1000d93b f   LIBCMT:_common_.obj
 0001:0000c965       __check_overflow_exit      1000d965 f   LIBCMT:_common_.obj
 0001:0000c979       __check_range_exit         1000d979 f   LIBCMT:_common_.obj
 0001:0000ca20       __startTwoArgErrorHandling 1000da20 f   LIBCMT:_genexcep_.obj
 0001:0000ca37       __startOneArgErrorHandling 1000da37 f   LIBCMT:_genexcep_.obj
 0001:0000ca73       __stbuf                    1000da73 f   LIBCMT:_sftbuf.obj
 0001:0000cb0f       __ftbuf                    1000db0f f   LIBCMT:_sftbuf.obj
 0001:0000cbea       __output_l                 1000dbea f   LIBCMT:output.obj
 0001:0000d796       __initp_misc_invarg        1000e796 f   LIBCMT:invarg.obj
 0001:0000d7a5       __call_reportfault         1000e7a5 f   LIBCMT:invarg.obj
 0001:0000d8ce       __invoke_watson            1000e8ce f   LIBCMT:invarg.obj
 0001:0000d8f3       __invalid_parameter        1000e8f3 f   LIBCMT:invarg.obj
 0001:0000d920       __invalid_parameter_noinfo 1000e920 f   LIBCMT:invarg.obj
 0001:0000d930       __SEH_prolog4              1000e930 f   LIBCMT:sehprolg4.obj
 0001:0000d975       __SEH_epilog4              1000e975 f   LIBCMT:sehprolg4.obj
 0001:0000d990       __except_handler4          1000e990 f   LIBCMT:chandler4.obj
 0001:0000db1f       __VEC_memzero              1000eb1f f   LIBCMT:p4_memset.obj
 0001:0000dbd9       __set_exp                  1000ebd9 f   LIBCMT:_util_.obj
 0001:0000dc06       __sptype                   1000ec06 f   LIBCMT:_util_.obj
 0001:0000dc6c       __decomp                   1000ec6c f   LIBCMT:_util_.obj
 0001:0000dd2f       __raise_exc_ex             1000ed2f f   LIBCMT:_fpexcept_.obj
 0001:0000e00b       __raise_exc                1000f00b f   LIBCMT:_fpexcept_.obj
 0001:0000e02e       __handle_exc               1000f02e f   LIBCMT:_fpexcept_.obj
 0001:0000e212       __set_errno_from_matherr   1000f212 f   LIBCMT:_fpexcept_.obj
 0001:0000e23f       __errcode                  1000f23f f   LIBCMT:_fpexcept_.obj
 0001:0000e273       __umatherr                 1000f273 f   LIBCMT:_fpexcept_.obj
 0001:0000e313       __handle_qnan1             1000f313 f   LIBCMT:_fpexcept_.obj
 0001:0000e368       __except1                  1000f368 f   LIBCMT:_fpexcept_.obj
 0001:0000e432       __statfp                   1000f432 f   LIBCMT:_fpctrl_.obj
 0001:0000e442       __clrfp                    1000f442 f   LIBCMT:_fpctrl_.obj
 0001:0000e453       __ctrlfp                   1000f453 f   LIBCMT:_fpctrl_.obj
 0001:0000e47e       __set_statfp               1000f47e f   LIBCMT:_fpctrl_.obj
 0001:0000e4d6       ___set_fpsr_sse2           1000f4d6 f   LIBCMT:_fpctrl_.obj
 0001:0000e548       __calloc_impl              1000f548 f   LIBCMT:calloc_impl.obj
 0001:0000e5ca       __ioinit                   1000f5ca f   LIBCMT:ioinit.obj
 0001:0000e80f       __ioterm                   1000f80f f   LIBCMT:ioinit.obj
 0001:0000e862       __fileno                   1000f862 f   LIBCMT:fileno.obj
 0001:0000e888       __malloc_crt               1000f888 f   LIBCMT:crtheap.obj
 0001:0000e8cd       __calloc_crt               1000f8cd f   LIBCMT:crtheap.obj
 0001:0000e919       __realloc_crt              1000f919 f   LIBCMT:crtheap.obj
 0001:0000e967       __fcloseall                1000f967 f   LIBCMT:closeall.obj
 0001:0000ea03       __flush                    1000fa03 f   LIBCMT:fflush.obj
 0001:0000ea6b       __fflush_nolock            1000fa6b f   LIBCMT:fflush.obj
 0001:0000eb8d       __flushall                 1000fb8d f   LIBCMT:fflush.obj
 0001:0000eb96       __mtinitlocks              1000fb96 f   LIBCMT:mlock.obj
 0001:0000ebe0       __mtdeletelocks            1000fbe0 f   LIBCMT:mlock.obj
 0001:0000ec37       __unlock                   1000fc37 f   LIBCMT:mlock.obj
 0001:0000ec4e       __mtinitlocknum            1000fc4e f   LIBCMT:mlock.obj
 0001:0000ed10       __lock                     1000fd10 f   LIBCMT:mlock.obj
 0001:0000ed43       ___report_gsfailure        1000fd43 f   LIBCMT:gs_report.obj
 0001:0000ee49       __flsbuf                   1000fe49 f   LIBCMT:_flsbuf.obj
 0001:0000efad       __write_nolock             1000ffad f   LIBCMT:write.obj
 0001:0000f6aa       __write                    100106aa f   LIBCMT:write.obj
 0001:0000f77e       __VEC_memcpy               1001077e f   LIBCMT:p4_memcpy.obj
 0001:0000f881       __close_nolock             10010881 f   LIBCMT:close.obj
 0001:0000f91d       __close                    1001091d f   LIBCMT:close.obj
 0001:0000f9e1       __freebuf                  100109e1 f   LIBCMT:_freebuf.obj
 0001:0000fa20       __local_unwind4            10010a20 f   LIBCMT:exsup4.obj
 0001:0000faf6       __seh_longjmp_unwind4@4    10010af6 f   LIBCMT:exsup4.obj
 0001:0000fb12       @_EH4_CallFilterFunc@8     10010b12 f   LIBCMT:exsup4.obj
 0001:0000fb29       @_EH4_TransferToHandler@8  10010b29 f   LIBCMT:exsup4.obj
 0001:0000fb42       @_EH4_GlobalUnwind2@8      10010b42 f   LIBCMT:exsup4.obj
 0001:0000fb5b       @_EH4_LocalUnwind@16       10010b5b f   LIBCMT:exsup4.obj
 0001:0000fb72       ?terminate@@YAXXZ          10010b72 f   LIBCMT:hooks.obj
 0001:0000fbab       __initp_eh_hooks           10010bab f   LIBCMT:hooks.obj
 0001:0000fbbc       __initp_misc_winsig        10010bbc f   LIBCMT:winsig.obj
 0001:0000fc11       ___get_sigabrt             10010c11 f   LIBCMT:winsig.obj
 0001:0000fc1e       _raise                     10010c1e f   LIBCMT:winsig.obj
 0001:0000fdc1       __initp_misc_rand_s        10010dc1 f   LIBCMT:rand_s.obj
 0001:0000fdd0       __initp_misc_purevirt      10010dd0 f   LIBCMT:inithelp.obj
 0001:0000fddf       __encoded_null             10010ddf f   LIBCMT:tidtable.obj
 0001:0000fde8       ___crtTlsAlloc@4           10010de8 f   LIBCMT:tidtable.obj
 0001:0000fdf1       ___set_flsgetvalue         10010df1 f   LIBCMT:tidtable.obj
 0001:0000fe25       __mtterm                   10010e25 f   LIBCMT:tidtable.obj
 0001:0000fe62       __initptd                  10010e62 f   LIBCMT:tidtable.obj
 0001:0000ff16       __getptd_noexit            10010f16 f   LIBCMT:tidtable.obj
 0001:0000ff8f       __getptd                   10010f8f f   LIBCMT:tidtable.obj
 0001:0000ffa9       __freefls@4                10010fa9 f   LIBCMT:tidtable.obj
 0001:000100d8       __freeptd                  100110d8 f   LIBCMT:tidtable.obj
 0001:00010146       __mtinit                   10011146 f   LIBCMT:tidtable.obj
 0001:00010377       ___onexitinit              10011377 f   LIBCMT:onexit.obj
 0001:000103a8       __onexit                   100113a8 f   LIBCMT:onexit.obj
 0001:000103e4       _atexit                    100113e4 f   LIBCMT:onexit.obj
 0001:000103fb       __RTC_Initialize           100113fb f   LIBCMT:_initsect_.obj
 0001:00010421       __RTC_Terminate            10011421 f   LIBCMT:_initsect_.obj
 0001:00010450       __ValidateImageBase        10011450 f   LIBCMT:pesect.obj
 0001:00010490       __FindPESection            10011490 f   LIBCMT:pesect.obj
 0001:000104e0       __IsNonwritableInCurrentImage 100114e0 f   LIBCMT:pesect.obj
 0001:0001059c       _abort                     1001159c f   LIBCMT:abort.obj
 0001:000105cf       ___crtMessageBoxW          100115cf f   LIBCMT:crtmboxw.obj
 0001:0001073b       _wcsncpy_s                 1001173b f   LIBCMT:wcsncpy_s.obj
 0001:00010808       _wcslen                    10011808 f   LIBCMT:wcslen.obj
 0001:00010823       _wcscat_s                  10011823 f   LIBCMT:wcscat_s.obj
 0001:00010898       _wcscpy_s                  10011898 f   LIBCMT:wcscpy_s.obj
 0001:000108fb       __set_error_mode           100118fb f   LIBCMT:errmode.obj
 0001:0001093a       __setenvp                  1001193a f   LIBCMT:stdenvp.obj
 0001:00010bb0       __setargv                  10011bb0 f   LIBCMT:stdargv.obj
 0001:00010c6b       ___crtGetEnvironmentStringsA 10011c6b f   LIBCMT:a_env.obj
 0001:00010d02       __XcptFilter               10011d02 f   LIBCMT:winxfltr.obj
 0001:00010e4c       ___CppXcptFilter           10011e4c f   LIBCMT:winxfltr.obj
 0001:00010e6c       ___security_init_cookie    10011e6c f   LIBCMT:gs_support.obj
 0001:00010f10       _strlen                    10011f10 f   LIBCMT:strlen.obj
 0001:00010f9b       __matherr                  10011f9b f   LIBCMT:_matherr_.obj
 0001:00010f9e       __frnd                     10011f9e f   LIBCMT:_frnd_.obj
 0001:00010fc0       _strrchr                   10011fc0 f   LIBCMT:strrchr.obj
 0001:00011210       ___updatetmbcinfo          10012210 f   LIBCMT:mbctype.obj
 0001:00011330       __setmbcp_nolock           10012330 f   LIBCMT:mbctype.obj
 0001:00011519       __setmbcp                  10012519 f   LIBCMT:mbctype.obj
 0001:000116b3       ___initmbctable            100126b3 f   LIBCMT:mbctype.obj
 0001:000116d1       ___addlocaleref            100126d1 f   LIBCMT:localref.obj
 0001:00011760       ___removelocaleref         10012760 f   LIBCMT:localref.obj
 0001:000117f9       ___freetlocinfo            100127f9 f   LIBCMT:localref.obj
 0001:00011944       __updatetlocinfoEx_nolock  10012944 f   LIBCMT:localref.obj
 0001:00011991       ___updatetlocinfo          10012991 f   LIBCMT:localref.obj
 0001:00011a0a       __isdigit_l                10012a0a f i LIBCMT:_ctype.obj
 0001:00011a5b       _isdigit                   10012a5b f i LIBCMT:_ctype.obj
 0001:00011a89       __tolower_l                10012a89 f   LIBCMT:tolower.obj
 0001:00011b9e       _tolower                   10012b9e f   LIBCMT:tolower.obj
 0001:00011bca       __atodbl_l                 10012bca f   LIBCMT:atodbl.obj
 0001:00011c72       __atoflt_l                 10012c72 f   LIBCMT:atodbl.obj
 0001:00011d1a       _strcpy_s                  10012d1a f   LIBCMT:strcpy_s.obj
 0001:00011d79       __fptostr                  10012d79 f   LIBCMT:_fptostr.obj
 0001:00011e2c       ___dtold                   10012e2c f   LIBCMT:_cfout_.obj
 0001:00011edf       __fltout2                  10012edf f   LIBCMT:_cfout_.obj
 0001:00011f70       __alldvrm                  10012f70 f   LIBCMT:lldvrm.obj
 0001:00012050       __aullshr                  10013050 f   LIBCMT:ullshr.obj
 0001:0001206f       __fptrap                   1001306f f   LIBCMT:crt0fp.obj
 0001:00012078       __controlfp_s              10013078 f   LIBCMT:_contrlfp_.obj
 0001:000120d7       __87except                 100130d7 f   LIBCMT:_87except_.obj
 0001:00012216       __isatty                   10013216 f   LIBCMT:isatty.obj
 0001:0001226c       __wctomb_s_l               1001326c f   LIBCMT:wctomb.obj
 0001:000123c1       _wctomb_s                  100133c1 f   LIBCMT:wctomb.obj
 0001:000123de       __isleadbyte_l             100133de f i LIBCMT:_wctype.obj
 0001:00012416       _isleadbyte                10013416 f i LIBCMT:_wctype.obj
 0001:00012430       __aulldvrm                 10013430 f   LIBCMT:ulldvrm.obj
 0001:000124c5       __crt_debugger_hook        100134c5 f   LIBCMT:dbghook.obj
 0001:000124cd       __commit                   100134cd f   LIBCMT:commit.obj
 0001:000125a6       __lseeki64_nolock          100135a6 f   LIBCMT:lseeki64.obj
 0001:0001262b       __lseeki64                 1001362b f   LIBCMT:lseeki64.obj
 0001:00012715       __getbuf                   10013715 f   LIBCMT:_getbuf.obj
 0001:0001275e       __putwch_nolock            1001375e f   LIBCMT:putwch.obj
 0001:000127a0       __mbtowc_l                 100137a0 f   LIBCMT:mbtowc.obj
 0001:000128b6       _mbtowc                    100138b6 f   LIBCMT:mbtowc.obj
 0001:000128d0       __chkstk                   100138d0 f   LIBCMT:chkstk.obj
 0001:000128d0       __alloca_probe             100138d0     LIBCMT:chkstk.obj
 0001:000128fb       __free_osfhnd              100138fb f   LIBCMT:osfinfo.obj
 0001:00012981       __get_osfhandle            10013981 f   LIBCMT:osfinfo.obj
 0001:000129ea       ___lock_fhandle            100139ea f   LIBCMT:osfinfo.obj
 0001:00012a89       __unlock_fhandle           10013a89 f   LIBCMT:osfinfo.obj
 0001:00012ab0       __global_unwind2           10013ab0 f   LIBCMT:exsup.obj
 0001:00012b15       __local_unwind2            10013b15 f   LIBCMT:exsup.obj
 0001:00012b99       __abnormal_termination     10013b99 f   LIBCMT:exsup.obj
 0001:00012bbc       __NLG_Notify1              10013bbc f   LIBCMT:exsup.obj
 0001:00012bc5       __NLG_Notify               10013bc5 f   LIBCMT:exsup.obj
 0001:00012bdc       __NLG_Dispatch             10013bdc     LIBCMT:exsup.obj
 0001:00012bdc       __NLG_Dispatch2            10013bdc     LIBCMT:exsup.obj
 0001:00012be4       __NLG_Call                 10013be4 f   LIBCMT:exsup.obj
 0001:00012be6       __NLG_Return2              10013be6     LIBCMT:exsup.obj
 0001:00012be7       __freea                    10013be7 f i LIBCMT:a_loc.obj
 0001:00012c07       __msize                    10013c07 f   LIBCMT:msize.obj
 0001:00012c8d       __ismbblead                10013c8d f   LIBCMT:ismbbyte.obj
 0001:00012e8c       ___crtLCMapStringA         10013e8c f   LIBCMT:a_map.obj
 0001:00012fb9       ___crtGetStringTypeA       10013fb9 f   LIBCMT:a_str.obj
 0001:00012ff9       ___free_lc_time            10013ff9 f   LIBCMT:inittime.obj
 0001:00013370       ___free_lconv_num          10014370 f   LIBCMT:initnum.obj
 0001:000133d9       ___free_lconv_mon          100143d9 f   LIBCMT:initmon.obj
 0001:000134d7       __isctype_l                100144d7 f   LIBCMT:isctype.obj
 0001:0001358f       __ld12tod                  1001458f f   LIBCMT:_intrncvt_.obj
 0001:00013ae0       __ld12tof                  10014ae0 f   LIBCMT:_intrncvt_.obj
 0001:00014031       ___strgtold12_l            10015031 f   LIBCMT:_strgtold_.obj
 0001:0001470d       _$I10_OUTPUT               1001570d f   LIBCMT:_x10fout_.obj
 0001:00015133       __control87                10016133 f i LIBCMT:_ieee87_.obj
 0001:00015445       ___initconout              10016445 f   LIBCMT:initcon.obj
 0001:00015464       ___termconout              10016464 f   LIBCMT:initcon.obj
 0001:00015480       __alloca_probe_16          10016480 f   LIBCMT:alloca16.obj
 0001:00015496       __alloca_probe_8           10016496     LIBCMT:alloca16.obj
 0001:000154b0       _strcspn                   100164b0 f   LIBCMT:strcspn.obj
 0001:00015500       _strcmp                    10016500 f   LIBCMT:strcmp.obj
 0001:00015590       _strpbrk                   10016590 f   LIBCMT:strpbrk.obj
 0001:000155d0       ___mtold12                 100165d0 f   LIBCMT:_mantold_.obj
 0001:000157c0       ___ascii_strnicmp          100167c0 f   LIBCMT:_strnicm.obj
 0001:00015830       __allmul                   10016830 f   LIBCMT:llmul.obj
 0001:00015864       _RtlUnwind@16              10016864 f   kernel32:KERNEL32.dll
 0002:00000000       __imp__GetProcAddress@8    10017000     kernel32:KERNEL32.dll
 0002:00000004       __imp__GetModuleHandleA@4  10017004     kernel32:KERNEL32.dll
 0002:00000008       __imp__HeapAlloc@12        10017008     kernel32:KERNEL32.dll
 0002:0000000c       __imp__GetLastError@0      1001700c     kernel32:KERNEL32.dll
 0002:00000010       __imp__HeapFree@12         10017010     kernel32:KERNEL32.dll
 0002:00000014       __imp__EnterCriticalSection@4 10017014     kernel32:KERNEL32.dll
 0002:00000018       __imp__LeaveCriticalSection@4 10017018     kernel32:KERNEL32.dll
 0002:0000001c       __imp__GetModuleHandleW@4  1001701c     kernel32:KERNEL32.dll
 0002:00000020       __imp__ExitProcess@4       10017020     kernel32:KERNEL32.dll
 0002:00000024       __imp__DecodePointer@4     10017024     kernel32:KERNEL32.dll
 0002:00000028       __imp__HeapReAlloc@16      10017028     kernel32:KERNEL32.dll
 0002:0000002c       __imp__WriteConsoleW@20    1001702c     kernel32:KERNEL32.dll
 0002:00000030       __imp__GetFileType@4       10017030     kernel32:KERNEL32.dll
 0002:00000034       __imp__GetStdHandle@4      10017034     kernel32:KERNEL32.dll
 0002:00000038       __imp__GetModuleFileNameW@12 10017038     kernel32:KERNEL32.dll
 0002:0000003c       __imp__GetCurrentThreadId@0 1001703c     kernel32:KERNEL32.dll
 0002:00000040       __imp__GetCommandLineA@0   10017040     kernel32:KERNEL32.dll
 0002:00000044       __imp__WriteFile@20        10017044     kernel32:KERNEL32.dll
 0002:00000048       __imp__HeapCreate@12       10017048     kernel32:KERNEL32.dll
 0002:0000004c       __imp__HeapDestroy@4       1001704c     kernel32:KERNEL32.dll
 0002:00000050       __imp__EncodePointer@4     10017050     kernel32:KERNEL32.dll
 0002:00000054       __imp__IsProcessorFeaturePresent@4 10017054     kernel32:KERNEL32.dll
 0002:00000058       __imp__UnhandledExceptionFilter@4 10017058     kernel32:KERNEL32.dll
 0002:0000005c       __imp__SetUnhandledExceptionFilter@4 1001705c     kernel32:KERNEL32.dll
 0002:00000060       __imp__IsDebuggerPresent@0 10017060     kernel32:KERNEL32.dll
 0002:00000064       __imp__TerminateProcess@8  10017064     kernel32:KERNEL32.dll
 0002:00000068       __imp__GetCurrentProcess@0 10017068     kernel32:KERNEL32.dll
 0002:0000006c       __imp__RaiseException@16   1001706c     kernel32:KERNEL32.dll
 0002:00000070       __imp__SetHandleCount@4    10017070     kernel32:KERNEL32.dll
 0002:00000074       __imp__InitializeCriticalSectionAndSpinCount@8 10017074     kernel32:KERNEL32.dll
 0002:00000078       __imp__GetStartupInfoW@4   10017078     kernel32:KERNEL32.dll
 0002:0000007c       __imp__DeleteCriticalSection@4 1001707c     kernel32:KERNEL32.dll
 0002:00000080       __imp__Sleep@4             10017080     kernel32:KERNEL32.dll
 0002:00000084       __imp__WideCharToMultiByte@32 10017084     kernel32:KERNEL32.dll
 0002:00000088       __imp__GetConsoleCP@0      10017088     kernel32:KERNEL32.dll
 0002:0000008c       __imp__GetConsoleMode@8    1001708c     kernel32:KERNEL32.dll
 0002:00000090       __imp__CloseHandle@4       10017090     kernel32:KERNEL32.dll
 0002:00000094       __imp__MultiByteToWideChar@24 10017094     kernel32:KERNEL32.dll
 0002:00000098       __imp__SetFilePointer@16   10017098     kernel32:KERNEL32.dll
 0002:0000009c       __imp__RtlUnwind@16        1001709c     kernel32:KERNEL32.dll
 0002:000000a0       __imp__LoadLibraryW@4      100170a0     kernel32:KERNEL32.dll
 0002:000000a4       __imp__TlsAlloc@0          100170a4     kernel32:KERNEL32.dll
 0002:000000a8       __imp__TlsGetValue@4       100170a8     kernel32:KERNEL32.dll
 0002:000000ac       __imp__TlsSetValue@8       100170ac     kernel32:KERNEL32.dll
 0002:000000b0       __imp__TlsFree@4           100170b0     kernel32:KERNEL32.dll
 0002:000000b4       __imp__InterlockedIncrement@4 100170b4     kernel32:KERNEL32.dll
 0002:000000b8       __imp__SetLastError@4      100170b8     kernel32:KERNEL32.dll
 0002:000000bc       __imp__InterlockedDecrement@4 100170bc     kernel32:KERNEL32.dll
 0002:000000c0       __imp__GetModuleFileNameA@12 100170c0     kernel32:KERNEL32.dll
 0002:000000c4       __imp__FreeEnvironmentStringsW@4 100170c4     kernel32:KERNEL32.dll
 0002:000000c8       __imp__GetEnvironmentStringsW@0 100170c8     kernel32:KERNEL32.dll
 0002:000000cc       __imp__QueryPerformanceCounter@4 100170cc     kernel32:KERNEL32.dll
 0002:000000d0       __imp__GetTickCount@0      100170d0     kernel32:KERNEL32.dll
 0002:000000d4       __imp__GetCurrentProcessId@0 100170d4     kernel32:KERNEL32.dll
 0002:000000d8       __imp__GetSystemTimeAsFileTime@4 100170d8     kernel32:KERNEL32.dll
 0002:000000dc       __imp__GetCPInfo@8         100170dc     kernel32:KERNEL32.dll
 0002:000000e0       __imp__GetACP@0            100170e0     kernel32:KERNEL32.dll
 0002:000000e4       __imp__GetOEMCP@0          100170e4     kernel32:KERNEL32.dll
 0002:000000e8       __imp__IsValidCodePage@4   100170e8     kernel32:KERNEL32.dll
 0002:000000ec       __imp__FlushFileBuffers@4  100170ec     kernel32:KERNEL32.dll
 0002:000000f0       __imp__SetStdHandle@8      100170f0     kernel32:KERNEL32.dll
 0002:000000f4       __imp__HeapSize@12         100170f4     kernel32:KERNEL32.dll
 0002:000000f8       __imp__LCMapStringW@24     100170f8     kernel32:KERNEL32.dll
 0002:000000fc       __imp__GetStringTypeW@16   100170fc     kernel32:KERNEL32.dll
 0002:00000100       __imp__CreateFileW@28      10017100     kernel32:KERNEL32.dll
 0002:00000104       \177KERNEL32_NULL_THUNK_DATA 10017104     kernel32:KERNEL32.dll
 0002:00000108       ___xc_a                    10017108     LIBCMT:crt0init.obj
 0002:0000010c       ___xc_z                    1001710c     LIBCMT:crt0init.obj
 0002:00000110       ___xi_a                    10017110     LIBCMT:crt0init.obj
 0002:00000128       ___xi_z                    10017128     LIBCMT:crt0init.obj
 0002:0000012c       ___xp_a                    1001712c     LIBCMT:crt0init.obj
 0002:00000138       ___xp_z                    10017138     LIBCMT:crt0init.obj
 0002:0000013c       ___xt_a                    1001713c     LIBCMT:crt0init.obj
 0002:00000140       ___xt_z                    10017140     LIBCMT:crt0init.obj
 0002:00000150       _testmodel_1109_M          10017150     testmodel_1109.obj
 0002:00000158       __real@0000000000000000    10017158     testmodel_1109.obj
 0002:00000160       __real@bfe0000000000000    10017160     testmodel_1109.obj
 0002:00000168       __real@3fe0000000000000    10017168     testmodel_1109.obj
 0002:00000170       __real@4330000000000000    10017170     testmodel_1109.obj
 0002:00000178       __real@402a000000000000    10017178     testmodel_1109.obj
 0002:00000180       __real@4062a00000000000    10017180     testmodel_1109.obj
 0002:00000188       __real@4070000000000000    10017188     testmodel_1109.obj
 0002:00000190       __real@41efffffffe00000    10017190     testmodel_1109.obj
 0002:00000198       __real@406fe00000000000    10017198     testmodel_1109.obj
 0002:000001a0       __real@41f0000000000000    100171a0     testmodel_1109.obj
 0002:000001a8       __real@4059000000000000    100171a8     testmodel_1109.obj
 0002:000001b0       __real@4083a28c59d5433b    100171b0     testmodel_1109.obj
 0002:000001b8       __real@3ff0000000000000    100171b8     testmodel_1109.obj
 0002:000001c0       ??_C@_0BD@MDHIKNKI@IO601?1Read?5?$CIv3?$CJ?1p2?$AA@ 100171c0     testmodel_1109.obj
 0002:000001d8       ??_C@_0EA@JJHPKFKP@IO601?1ReadQueueSS?1For?5Iterator?5S@ 100171d8     testmodel_1109.obj
 0002:00000218       ??_C@_0EA@LCFCPGGM@IO601?1ReadQueueSS?1For?5Iterator?5S@ 10017218     testmodel_1109.obj
 0002:00000258       ??_C@_0EA@KLEJMHCN@IO601?1ReadQueueSS?1For?5Iterator?5S@ 10017258     testmodel_1109.obj
 0002:00000298       ??_C@_0EA@OEAIFBOK@IO601?1ReadQueueSS?1For?5Iterator?5S@ 10017298     testmodel_1109.obj
 0002:000002d8       ??_C@_0EA@PNBDGAKL@IO601?1ReadQueueSS?1For?5Iterator?5S@ 100172d8     testmodel_1109.obj
 0002:00000318       ??_C@_0EA@NGDODDGI@IO601?1ReadQueueSS?1For?5Iterator?5S@ 10017318     testmodel_1109.obj
 0002:00000358       ??_C@_0EA@MPCFACCJ@IO601?1ReadQueueSS?1For?5Iterator?5S@ 10017358     testmodel_1109.obj
 0002:00000398       ??_C@_0DP@HBJHAKJC@IO601?1ReadQueueSS?1For?5Iterator?5S@ 10017398     testmodel_1109.obj
 0002:000003d8       ??_C@_0DP@GIIMDLND@IO601?1ReadQueueSS?1For?5Iterator?5S@ 100173d8     testmodel_1109.obj
 0002:00000418       ??_C@_0DP@OPBECHBM@IO601?1ReadQueueSS?1For?5Iterator?5S@ 10017418     testmodel_1109.obj
 0002:00000458       ??_C@_0DP@PGAPBGFN@IO601?1ReadQueueSS?1For?5Iterator?5S@ 10017458     testmodel_1109.obj
 0002:00000498       ??_C@_0DP@NNCCEFJO@IO601?1ReadQueueSS?1For?5Iterator?5S@ 10017498     testmodel_1109.obj
 0002:000004d8       ??_C@_0DP@MEDJHENP@IO601?1ReadQueueSS?1For?5Iterator?5S@ 100174d8     testmodel_1109.obj
 0002:00000518       ??_C@_0DP@ILHIOCBI@IO601?1ReadQueueSS?1For?5Iterator?5S@ 10017518     testmodel_1109.obj
 0002:00000558       ??_C@_0DP@JCGDNDFJ@IO601?1ReadQueueSS?1For?5Iterator?5S@ 10017558     testmodel_1109.obj
 0002:00000598       ??_C@_0DP@LJEOIAJK@IO601?1ReadQueueSS?1For?5Iterator?5S@ 10017598     testmodel_1109.obj
 0002:000005d8       ??_C@_0DP@MMNIJIMI@IO601?1ReadQueueSS?1For?5Iterator?5S@ 100175d8     testmodel_1109.obj
 0002:00000618       ??_C@_0DP@NFMDKJIJ@IO601?1ReadQueueSS?1For?5Iterator?5S@ 10017618     testmodel_1109.obj
 0002:00000658       ??_C@_0DP@POOOPKEK@IO601?1ReadQueueSS?1For?5Iterator?5S@ 10017658     testmodel_1109.obj
 0002:00000698       ??_C@_0DI@LIJLNKAJ@IO601?1ReadQueueSS?1For?5Iterator?5S@ 10017698     testmodel_1109.obj
 0002:000006d0       __real@40f5f90000000000    100176d0     testmodel_1109.obj
 0002:000006d8       __real@c0f5f90000000000    100176d8     testmodel_1109.obj
 0002:000006e0       ??_C@_0DH@PLMBDDBB@IO601?1ReadQueueSS?1For?5Iterator?5S@ 100176e0     testmodel_1109.obj
 0002:00000718       ??_C@_0DH@OCNKACFA@IO601?1ReadQueueSS?1For?5Iterator?5S@ 10017718     testmodel_1109.obj
 0002:00000750       ??_C@_06KFNFIEK@?$CF15?46f?$AA@ 10017750     testmodel_1109.obj
 0002:00000758       ??_C@_0DI@KBIAOLEI@IO601?1ReadQueueSS?1For?5Iterator?5S@ 10017758     testmodel_1109.obj
 0002:00000790       __real@4000000000000000    10017790     testmodel_1109.obj
 0002:00000798       __real@40c86a0000000000    10017798     testmodel_1109.obj
 0002:000007a0       ??_C@_0BP@COABAJMD@IO601?1Discrete?5Derivative?1Diff?$AA@ 100177a0     testmodel_1109.obj
 0002:000007c0       ??_C@_0BJ@DLEHJFIF@Error?5creating?5scope?521?6?$AA@ 100177c0     testmodel_1109.obj
 0002:000007dc       ??_C@_0BJ@IFDADAAL@Error?5creating?5scope?534?6?$AA@ 100177dc     testmodel_1109.obj
 0002:000007f8       ??_C@_0BJ@IAHPCGIO@Error?5creating?5scope?533?6?$AA@ 100177f8     testmodel_1109.obj
 0002:00000814       ??_C@_0BJ@IDPLPCOA@Error?5creating?5scope?531?6?$AA@ 10017814     testmodel_1109.obj
 0002:00000830       ??_C@_0BJ@CIDAFAFM@Error?5creating?5scope?510?6?$AA@ 10017830     testmodel_1109.obj
 0002:0000084c       ??_C@_0BI@PHJEPFFP@Error?5creating?5scope?51?6?$AA@ 1001784c     testmodel_1109.obj
 0002:00000864       ??_C@_0BI@PFNCELAG@Error?5creating?5scope?52?6?$AA@ 10017864     testmodel_1109.obj
 0002:0000087c       ??_C@_0BJ@CLLEIEDC@Error?5creating?5scope?512?6?$AA@ 1001787c     testmodel_1109.obj
 0002:00000898       ??_C@_0BI@PEBACBDB@Error?5creating?5scope?53?6?$AA@ 10017898     testmodel_1109.obj
 0002:000008b0       ??_C@_0BP@OMOIOGJO@testmodel_1109?1IO601?1Read?5?$CIv3?$CJ?$AA@ 100178b0     testmodel_1109.obj
 0002:000008d0       ??_C@_09OPKJHFF@Read?5?$CIv3?$CJ?$AA@ 100178d0     testmodel_1109.obj
 0002:000008dc       ??_C@_0CA@DBALLENM@testmodel_1109?1IO601?1Setup?5?$CIv3?$CJ?$AA@ 100178dc     testmodel_1109.obj
 0002:000008fc       ??_C@_0L@DNFPLNJF@Setup?5?$CIv3?$CJ?$AA@ 100178fc     testmodel_1109.obj
 0002:00000908       ??_C@_0DB@DOECDGMN@testmodel_1109?1IO601?1Velocity?5co@ 10017908     testmodel_1109.obj
 0002:0000093c       ??_C@_0CF@BFJGMJAE@testmodel_1109?1IO601?1STOP?1Write?5@ 1001793c     testmodel_1109.obj
 0002:00000964       ??_C@_0DB@DHFLHAGJ@testmodel_1109?1IO601?1PositionCon@ 10017964     testmodel_1109.obj
 0002:00000998       ??_C@_0DF@ECOLCIKP@testmodel_1109?1IO601?1Initialize?1@ 10017998     testmodel_1109.obj
 0002:000009d0       ??_C@_0DL@DKMNDHH@testmodel_1109?1IO601?1Initialize?1@ 100179d0     testmodel_1109.obj
 0002:00000a0c       ??_C@_0DI@BDFDBDPB@testmodel_1109?1IO601?1Initialize?1@ 10017a0c     testmodel_1109.obj
 0002:00000a44       ??_C@_0DJ@IAMEFJBN@testmodel_1109?1IO601?1Initialize?1@ 10017a44     testmodel_1109.obj
 0002:00000a80       ??_C@_0L@OMDHECFH@Write?5?$CIv3?$CJ?$AA@ 10017a80     testmodel_1109.obj
 0002:00000a8c       ??_C@_03HBFGMJOD@rt_?$AA@  10017a8c     testmodel_1109.obj
 0002:00000a90       ??_C@_04EPKDLPPB@tout?$AA@ 10017a90     testmodel_1109.obj
 0002:00000a98       ??_C@_0BC@OJJPBDHH@FixedStepDiscrete?$AA@ 10017a98     testmodel_1109.obj
 0002:00000ab0       __real@4049000000000000    10017ab0     testmodel_1109.obj
 0002:00000ab8       ??_C@_00CNPNBAHC@?$AA@     10017ab8     testmodel_1109.obj
 0002:00000ac0       __real@3f70624dd2f1a9fc    10017ac0     testmodel_1109.obj
 0002:00000ac8       _CAN_DATATYPE_GROUND       10017ac8     can_datatype_ground.obj
 0002:000011e0       __real@bff0000000000000    100181e0     rt_logging.obj
 0002:00001210       ??_C@_0BI@INNPNFJN@Memory?5Allocation?5Error?$AA@ 10018210     rtw_modelmap_utils.obj
 0002:00001228       ??_C@_05KNFBNCOH@float?$AA@ 10018228     testmodel_1109_capi.obj
 0002:00001230       ??_C@_08CCMIKNJF@uint32_T?$AA@ 10018230     testmodel_1109_capi.obj
 0002:0000123c       ??_C@_0N@OFHMGPAL@unsigned?5int?$AA@ 1001823c     testmodel_1109_capi.obj
 0002:0000124c       ??_C@_06MOLJCAAB@int8_T?$AA@ 1001824c     testmodel_1109_capi.obj
 0002:00001254       ??_C@_0M@MPLPCMBL@signed?5char?$AA@ 10018254     testmodel_1109_capi.obj
 0002:00001260       ??_C@_07BLNHOAMI@int32_T?$AA@ 10018260     testmodel_1109_capi.obj
 0002:00001268       ??_C@_03JBIPMCLC@int?$AA@  10018268     testmodel_1109_capi.obj
 0002:0000126c       ??_C@_07NCEHLPOC@uint8_T?$AA@ 1001826c     testmodel_1109_capi.obj
 0002:00001274       ??_C@_0O@PPAIJIHF@unsigned?5char?$AA@ 10018274     testmodel_1109_capi.obj
 0002:00001284       ??_C@_0N@HINIGIGN@CAN_DATATYPE?$AA@ 10018284     testmodel_1109_capi.obj
 0002:00001294       ??_C@_07MMLECJPG@numeric?$AA@ 10018294     testmodel_1109_capi.obj
 0002:0000129c       ??_C@_06CNMIJIPB@real_T?$AA@ 1001829c     testmodel_1109_capi.obj
 0002:000012a4       ??_C@_06BNJCAIGJ@double?$AA@ 100182a4     testmodel_1109_capi.obj
 0002:000012ac       ??_C@_0DN@CKNFONDD@IO601?1ReadQueueSS?1Counter?5Free?9R@ 100182ac     testmodel_1109_capi.obj
 0002:000012f0       ??_C@_0EL@LHHMGDBF@IO601?1ReadQueueSS?1Counter?5Free?9R@ 100182f0     testmodel_1109_capi.obj
 0002:0000133c       ??_C@_0CP@ONPOJJHG@IO601?1ReadQueueSS?1For?5Iterator?5S@ 1001833c     testmodel_1109_capi.obj
 0002:0000136c       ??_C@_0O@LILIEJBO@InitialOutput?$AA@ 1001836c     testmodel_1109_capi.obj
 0002:0000137c       ??_C@_0CP@MGNDMKLF@IO601?1ReadQueueSS?1For?5Iterator?5S@ 1001837c     testmodel_1109_capi.obj
 0002:000013ac       ??_C@_0BB@CFEOEMDC@InitialCondition?$AA@ 100183ac     testmodel_1109_capi.obj
 0002:000013c0       ??_C@_09HLCHFPPJ@Threshold?$AA@ 100183c0     testmodel_1109_capi.obj
 0002:000013cc       ??_C@_0DE@HPCBFMO@IO601?1ReadQueueSS?1Counter?5Free?9R@ 100183cc     testmodel_1109_capi.obj
 0002:00001400       ??_C@_0CG@MLOIINPD@IO601?1Initialize?1QuitError?1Write@ 10018400     testmodel_1109_capi.obj
 0002:00001428       ??_C@_0CF@GHMGCHLH@IO601?1Initialize?1QuitError?1Const@ 10018428     testmodel_1109_capi.obj
 0002:00001450       ??_C@_0CF@HONNBGPG@IO601?1Initialize?1QuitError?1Const@ 10018450     testmodel_1109_capi.obj
 0002:00001478       ??_C@_0CM@DMHGIEPM@IO601?1Initialize?1InitialPosition@ 10018478     testmodel_1109_capi.obj
 0002:000014a4       ??_C@_0CL@MNMCNCKF@IO601?1Initialize?1InitialPosition@ 100184a4     testmodel_1109_capi.obj
 0002:000014d0       ??_C@_0CL@ICIDEEGC@IO601?1Initialize?1InitialPosition@ 100184d0     testmodel_1109_capi.obj
 0002:000014fc       ??_C@_0CL@KJKOBHKB@IO601?1Initialize?1InitialPosition@ 100184fc     testmodel_1109_capi.obj
 0002:00001528       ??_C@_0CJ@DMIMNNLK@IO601?1Initialize?1GetState?$CIms?$CJ?1Wr@ 10018528     testmodel_1109_capi.obj
 0002:00001554       ??_C@_0CF@KBLHOCOH@IO601?1Initialize?1GetState?$CIms?$CJ?1st@ 10018554     testmodel_1109_capi.obj
 0002:0000157c       ??_C@_0CI@DIADENEG@IO601?1Initialize?1GetState?$CIms?$CJ?1Ti@ 1001857c     testmodel_1109_capi.obj
 0002:000015a4       ??_C@_0CK@IHMBEOEM@IO601?1Initialize?1GetState?$CIms?$CJ?1Ge@ 100185a4     testmodel_1109_capi.obj
 0002:000015d0       ??_C@_0CG@EBNFNLLB@IO601?1Initialize?1GetState?$CIms?$CJ?1Da@ 100185d0     testmodel_1109_capi.obj
 0002:000015f8       ??_C@_0CK@GBOFBOML@IO601?1Initialize?1DefaultConfig?1W@ 100185f8     testmodel_1109_capi.obj
 0002:00001624       ??_C@_0CJ@BNGOLEJM@IO601?1Initialize?1DefaultConfig?1C@ 10018624     testmodel_1109_capi.obj
 0002:00001650       ??_C@_0CJ@DGEDOHFP@IO601?1Initialize?1DefaultConfig?1C@ 10018650     testmodel_1109_capi.obj
 0002:0000167c       ??_C@_0CJ@CPFINGBO@IO601?1Initialize?1DefaultConfig?1C@ 1001867c     testmodel_1109_capi.obj
 0002:000016a8       ??_C@_0CJ@GABJEANJ@IO601?1Initialize?1DefaultConfig?1C@ 100186a8     testmodel_1109_capi.obj
 0002:000016d4       ??_C@_0CJ@HJACHBJI@IO601?1Initialize?1DefaultConfig?1C@ 100186d4     testmodel_1109_capi.obj
 0002:00001700       ??_C@_0CJ@FCCPCCFL@IO601?1Initialize?1DefaultConfig?1C@ 10018700     testmodel_1109_capi.obj
 0002:0000172c       ??_C@_0CC@OAEPFJKL@IO601?1Velocity?5control?1Write?5?$CIv3@ 1001872c     testmodel_1109_capi.obj
 0002:00001750       ??_C@_0CA@IBEMGOHC@IO601?1Velocity?5control?1position?$AA@ 10018750     testmodel_1109_capi.obj
 0002:00001770       ??_C@_0CE@FGNODEKD@IO601?1Velocity?5control?1GetState?5@ 10018770     testmodel_1109_capi.obj
 0002:00001794       ??_C@_0BO@ILNIOIHB@IO601?1Velocity?5control?1FragSt?$AA@ 10018794     testmodel_1109_capi.obj
 0002:000017b4       ??_C@_0BO@CDFOMNGI@IO601?1Velocity?5control?1FragEn?$AA@ 100187b4     testmodel_1109_capi.obj
 0002:000017d4       ??_C@_0BO@NDHKKNMH@IO601?1Velocity?5control?1D?9Len1?$AA@ 100187d4     testmodel_1109_capi.obj
 0002:000017f4       ??_C@_0BN@PNIHDMFN@IO601?1Velocity?5control?1D?9Len?$AA@ 100187f4     testmodel_1109_capi.obj
 0002:00001814       ??_C@_0CB@JDPBJEI@IO601?1Velocity?5control?1Constant6@ 10018814     testmodel_1109_capi.obj
 0002:00001838       ??_C@_0CB@CCBCEKIL@IO601?1Velocity?5control?1Constant5@ 10018838     testmodel_1109_capi.obj
 0002:0000185c       ??_C@_0BL@JNFBJJKH@IO601?1Velocity?5control?1Cmd?$AA@ 1001885c     testmodel_1109_capi.obj
 0002:00001878       ??_C@_0BG@FNHHFELI@IO601?1STOP?1Write?5?$CIv3?$CJ?$AA@ 10018878     testmodel_1109_capi.obj
 0002:00001890       ??_C@_0BH@GJKONEOJ@IO601?1STOP?1GetStateCmd?$AA@ 10018890     testmodel_1109_capi.obj
 0002:000018a8       ??_C@_0BD@IBLKFCMC@IO601?1STOP?1DataLen?$AA@ 100188a8     testmodel_1109_capi.obj
 0002:000018bc       ??_C@_0BF@MDIBIAHP@IO601?1STOP?1Constant1?$AA@ 100188bc     testmodel_1109_capi.obj
 0002:000018d4       ??_C@_0CC@OJFGBPAP@IO601?1PositionControl?5?1Write?5?$CIv3@ 100188d4     testmodel_1109_capi.obj
 0002:000018f8       ??_C@_0CB@INBIMFIH@IO601?1PositionControl?5?1Constant5@ 100188f8     testmodel_1109_capi.obj
 0002:0000191c       ??_C@_0CB@MCFJFDEA@IO601?1PositionControl?5?1Constant2@ 1001891c     testmodel_1109_capi.obj
 0002:00001940       ??_C@_0CB@OJHEAAID@IO601?1PositionControl?5?1Constant1@ 10018940     testmodel_1109_capi.obj
 0002:00001964       ??_C@_04GKLBNPCL@WtEt?$AA@ 10018964     testmodel_1109_capi.obj
 0002:0000196c       ??_C@_05CLADCAAM@After?$AA@ 1001896c     testmodel_1109_capi.obj
 0002:00001974       ??_C@_06NDPGJMFM@Before?$AA@ 10018974     testmodel_1109_capi.obj
 0002:0000197c       ??_C@_04OKOFBOPB@Time?$AA@ 1001897c     testmodel_1109_capi.obj
 0002:00001984       ??_C@_03PGECKHFE@P11?$AA@  10018984     testmodel_1109_capi.obj
 0002:00001988       ??_C@_03OPFJJGBF@P10?$AA@  10018988     testmodel_1109_capi.obj
 0002:0000198c       ??_C@_02GCIGIFOH@P9?$AA@   1001898c     testmodel_1109_capi.obj
 0002:00001990       ??_C@_02HLJNLEKG@P8?$AA@   10018990     testmodel_1109_capi.obj
 0002:00001994       ??_C@_0BB@PGJCMMJJ@IO601?1Setup?5?$CIv3?$CJ?$AA@ 10018994     testmodel_1109_capi.obj
 0002:000019a8       ??_C@_02PMAFKIGJ@P7?$AA@   100189a8     testmodel_1109_capi.obj
 0002:000019ac       ??_C@_02OFBOJJCI@P6?$AA@   100189ac     testmodel_1109_capi.obj
 0002:000019b0       ??_C@_02MODDMKOL@P5?$AA@   100189b0     testmodel_1109_capi.obj
 0002:000019b4       ??_C@_02NHCIPLKK@P4?$AA@   100189b4     testmodel_1109_capi.obj
 0002:000019b8       ??_C@_02JIGJGNGN@P3?$AA@   100189b8     testmodel_1109_capi.obj
 0002:000019bc       ??_C@_02IBHCFMCM@P2?$AA@   100189bc     testmodel_1109_capi.obj
 0002:000019c0       ??_C@_02KKFPAPOP@P1?$AA@   100189c0     testmodel_1109_capi.obj
 0002:000019c4       ??_C@_0BA@KCDIBHOF@IO601?1Read?5?$CIv3?$CJ?$AA@ 100189c4     testmodel_1109_capi.obj
 0002:000019d4       ??_C@_0L@JNLMCMDB@PhaseDelay?$AA@ 100189d4     testmodel_1109_capi.obj
 0002:000019e0       ??_C@_0L@HCJBDGGO@PulseWidth?$AA@ 100189e0     testmodel_1109_capi.obj
 0002:000019ec       ??_C@_06JOFJHOEH@Period?$AA@ 100189ec     testmodel_1109_capi.obj
 0002:000019f4       ??_C@_09IHLJOMI@Amplitude?$AA@ 100189f4     testmodel_1109_capi.obj
 0002:00001a00       ??_C@_0L@NIOHMCMM@IO601?1vel?5?$AA@ 10018a00     testmodel_1109_capi.obj
 0002:00001a0c       ??_C@_05LPIJGKJ@Value?$AA@ 10018a0c     testmodel_1109_capi.obj
 0002:00001a14       ??_C@_09NOBFKCFM@IO601?1Cur?$AA@ 10018a14     testmodel_1109_capi.obj
 0002:00001a20       ??_C@_0BC@DNAKAAEE@ICPrevScaledInput?$AA@ 10018a20     testmodel_1109_capi.obj
 0002:00001a34       ??_C@_0BK@LCCPEFFB@IO601?1Discrete?5Derivative?$AA@ 10018a34     testmodel_1109_capi.obj
 0002:00001a50       ??_C@_0EB@EJLGIOPG@IO601?1ReadQueueSS?1Counter?5Free?9R@ 10018a50     testmodel_1109_capi.obj
 0002:00001a98       ??_C@_0EH@FMOCDAGD@IO601?1ReadQueueSS?1Counter?5Free?9R@ 10018a98     testmodel_1109_capi.obj
 0002:00001ae0       ??_C@_0DF@BDCLDKAO@IO601?1ReadQueueSS?1For?5Iterator?5S@ 10018ae0     testmodel_1109_capi.obj
 0002:00001b18       ??_C@_0DF@KDAALEP@IO601?1ReadQueueSS?1For?5Iterator?5S@ 10018b18     testmodel_1109_capi.obj
 0002:00001b50       ??_C@_0DI@JDLGIJMK@IO601?1ReadQueueSS?1For?5Iterator?5S@ 10018b50     testmodel_1109_capi.obj
 0002:00001b88       ??_C@_0DH@NAOMGANC@IO601?1ReadQueueSS?1For?5Iterator?5S@ 10018b88     testmodel_1109_capi.obj
 0002:00001bc0       ??_C@_0DG@KDHBEPNH@IO601?1ReadQueueSS?1For?5Iterator?5S@ 10018bc0     testmodel_1109_capi.obj
 0002:00001bf8       ??_C@_0DG@DEMKODMA@IO601?1ReadQueueSS?1For?5Iterator?5S@ 10018bf8     testmodel_1109_capi.obj
 0002:00001c30       ??_C@_0DM@BINAEENM@IO601?1ReadQueueSS?1For?5Iterator?5S@ 10018c30     testmodel_1109_capi.obj
 0002:00001c6c       ??_C@_0DM@DDPNBHBP@IO601?1ReadQueueSS?1For?5Iterator?5S@ 10018c6c     testmodel_1109_capi.obj
 0002:00001ca8       ??_C@_0CO@HKMJOGFB@IO601?1ReadQueueSS?1Counter?5Free?9R@ 10018ca8     testmodel_1109_capi.obj
 0002:00001cd8       ??_C@_0CE@PMCFDNCF@IO601?1Initialize?1QuitError?1CAN?5P@ 10018cd8     testmodel_1109_capi.obj
 0002:00001cfc       ??_C@_0CF@FFPAEFDF@IO601?1Initialize?1QuitError?1Const@ 10018cfc     testmodel_1109_capi.obj
 0002:00001d24       ??_C@_0CK@BLPPNFHO@IO601?1Initialize?1InitialPosition@ 10018d24     testmodel_1109_capi.obj
 0002:00001d50       ??_C@_0CK@EDGHPCNG@IO601?1Initialize?1InitialPosition@ 10018d50     testmodel_1109_capi.obj
 0002:00001d7c       ??_C@_0CI@KAIPLBJP@IO601?1Initialize?1GetState?$CIms?$CJ?1CA@ 10018d7c     testmodel_1109_capi.obj
 0002:00001da4       ??_C@_0CI@FDPHFBKB@IO601?1Initialize?1GetState?$CIms?$CJ?1Co@ 10018da4     testmodel_1109_capi.obj
 0002:00001dcc       ??_C@_0CJ@IKHKJBKG@IO601?1Initialize?1DefaultConfig?1C@ 10018dcc     testmodel_1109_capi.obj
 0002:00001df8       ??_C@_0CI@EOIGEKCB@IO601?1Initialize?1DefaultConfig?1C@ 10018df8     testmodel_1109_capi.obj
 0002:00001e20       ??_C@_0CI@BGBOGNIJ@IO601?1Initialize?1DefaultConfig?1C@ 10018e20     testmodel_1109_capi.obj
 0002:00001e48       ??_C@_0CB@LFAGGPLB@IO601?1Velocity?5control?1CAN?5Pack2@ 10018e48     testmodel_1109_capi.obj
 0002:00001e6c       ??_C@_0CB@JOCLDMHC@IO601?1Velocity?5control?1CAN?5Pack1@ 10018e6c     testmodel_1109_capi.obj
 0002:00001e90       ??_C@_0CA@BOHHNBDN@IO601?1Velocity?5control?1CAN?5Pack?$AA@ 10018e90     testmodel_1109_capi.obj
 0002:00001eb0       ??_C@_0CA@EGOPPGJF@IO601?1Velocity?5control?1Constant?$AA@ 10018eb0     testmodel_1109_capi.obj
 0002:00001ed0       ??_C@_0CI@MLBGOBJI@IO601?1Velocity?5control?1MATLAB?5Fu@ 10018ed0     testmodel_1109_capi.obj
 0002:00001ef8       ??_C@_0BF@DAPJGAEB@IO601?1STOP?1CAN?5Pack2?$AA@ 10018ef8     testmodel_1109_capi.obj
 0002:00001f10       ??_C@_0BD@LHAPKHCK@IO601?1STOP?1Product?$AA@ 10018f10     testmodel_1109_capi.obj
 0002:00001f24       ??_C@_0CC@BJHHKOKD@IO601?1ReadQueueSS?1MATLAB?5Functio@ 10018f24     testmodel_1109_capi.obj
 0002:00001f48       ??_C@_0CA@BOODJBJE@IO601?1PositionControl?5?1CAN?5Pack?$AA@ 10018f48     testmodel_1109_capi.obj
 0002:00001f68       ??_C@_0CA@EGHLLGDM@IO601?1PositionControl?5?1Constant?$AA@ 10018f68     testmodel_1109_capi.obj
 0002:00001f88       ??_C@_0BH@ILKPFIBP@IO601?1Initialize?1Step5?$AA@ 10018f88     testmodel_1109_capi.obj
 0002:00001fa0       ??_C@_0BH@NNPFPPJJ@IO601?1Initialize?1Step3?$AA@ 10018fa0     testmodel_1109_capi.obj
 0002:00001fb8       ??_C@_0BH@OPMDJNBL@IO601?1Initialize?1Step1?$AA@ 10018fb8     testmodel_1109_capi.obj
 0002:00001fd0       ??_C@_0BG@EHFDDBHJ@IO601?1Initialize?1Step?$AA@ 10018fd0     testmodel_1109_capi.obj
 0002:00001fe8       ??_C@_06CFNEEADJ@U?$CIk?91?$CJ?$AA@ 10018fe8     testmodel_1109_capi.obj
 0002:00001ff0       ??_C@_0BN@ENJCBLBO@IO601?1Discrete?5Derivative?1UD?$AA@ 10018ff0     testmodel_1109_capi.obj
 0002:00002010       ??_C@_0CA@FELJJOBB@IO601?1Discrete?5Derivative?1TSamp?$AA@ 10019010     testmodel_1109_capi.obj
 0002:00002030       ??_C@_0M@DCHFNBCD@IO601?1Step4?$AA@ 10019030     testmodel_1109_capi.obj
 0002:0000203c       ??_C@_0M@GECPHGKF@IO601?1Step2?$AA@ 1001903c     testmodel_1109_capi.obj
 0002:00002048       ??_C@_0M@EPACCFGG@IO601?1Step1?$AA@ 10019048     testmodel_1109_capi.obj
 0002:00002054       ??_C@_0BD@OIFFPOGL@IO601?1Read?5?$CIv3?$CJ?1p1?$AA@ 10019054     testmodel_1109_capi.obj
 0002:00002068       ??_C@_0O@LELDHBHI@IO601?1Product?$AA@ 10019068     testmodel_1109_capi.obj
 0002:00002078       ??_C@_0BG@PAKNPIGK@IO601?1Pulse?5Generator?$AA@ 10019078     testmodel_1109_capi.obj
 0002:00002090       ??_C@_0M@CNMNLDCN@IO601?1Clock?$AA@ 10019090     testmodel_1109_capi.obj
 0002:0000339c       _serialfifoground          1001a39c     xpc_datatype_ground.obj
 0002:000033a8       _bcmsg1553ground           1001a3a8     xpc_datatype_ground.obj
 0002:000033b8       _bcstatground              1001a3b8     xpc_datatype_ground.obj
 0002:000033d0       _bmmsg1553ground           1001a3d0     xpc_datatype_ground.obj
 0002:000033e0       ??_C@_0P@OBNPAIIM@testmodel_1109?$AA@ 1001a3e0     xpctarget.obj
 0002:000033f0       _ptsetfilename             1001a3f0     xpctarget.obj
 0002:000033f8       _testmodel_1109_BIO        1001a3f8     xpctarget.obj
 0002:00003650       _testmodel_1109_LBL        1001a650     xpctarget.obj
 0002:000038a8       _testmodel_1109_SID        1001a8a8     xpctarget.obj
 0002:00003b00       _xpcMMI                    1001ab00     xpctarget.obj
 0002:00003b20       _testmodel_1109_PT         1001ab20     xpctarget.obj
 0002:00003d84       _xpcparamsMMI              1001ad84     xpctarget.obj
 0002:00003d9c       _xmlfile                   1001ad9c     xpctarget.obj
 0002:00003da4       ??_C@_0L@CHBJKKFC@xpceSetVar?$AA@ 1001ada4     xpctarget.obj
 0002:00003db0       __real@3fb999999999999a    1001adb0     xpctarget.obj
 0002:00003db8       ??_C@_03MNEDIJEE@6?43?$AA@ 1001adb8     xpctarget.obj
 0002:00003dc0       ??_C@_0ED@LKHIFFLC@Wrong?5number?5of?5input?5arguments?5@ 1001adc0     sg_IO601_write_s_3.obj
 0002:00003e04       ??_C@_0CI@NFFNBHJA@?$CFs?5?$CIbus?5?$CFd?0?5slot?5?$CFd?$CJ?3?5board?5not?5@ 1001ae04     sg_IO601_write_s_3.obj
 0002:00003e2c       ??_C@_0BA@PEEBPDNK@Speedgoat?5IO601?$AA@ 1001ae2c     sg_IO601_write_s_3.obj
 0002:00003e40       __real@3fa999999999999a    1001ae40     sg_IO601_setup_s_3.obj
 0002:00003e48       ??_C@_0CC@JOAAOKEM@?$CFs?3?5Failed?5to?5start?5CAN?5on?5port?5@ 1001ae48     sg_IO601_setup_s_3.obj
 0002:00003e6c       ??_C@_0CJ@GOBCKFJL@?$CFs?3?5Failed?5to?5configure?5RX?5queue@ 1001ae6c     sg_IO601_setup_s_3.obj
 0002:00003e98       ??_C@_0CM@NKLCILNM@Failed?5to?5set?5EXT?5acceptance?5mas@ 1001ae98     sg_IO601_setup_s_3.obj
 0002:00003ec4       ??_C@_0CM@DBIFDANP@Failed?5to?5set?5EXT?5acceptance?5mas@ 1001aec4     sg_IO601_setup_s_3.obj
 0002:00003ef0       ??_C@_0DA@FAJCIGJF@?$CFs?3?5Failed?5to?5set?5STD?5acceptance@ 1001aef0     sg_IO601_setup_s_3.obj
 0002:00003f20       ??_C@_0DA@LLKFDNJG@?$CFs?3?5Failed?5to?5set?5STD?5acceptance@ 1001af20     sg_IO601_setup_s_3.obj
 0002:00003f50       ??_C@_0BJ@PGMEJPIO@?$CFs?3?5Failed?5to?5init?5CAN?52?$AA@ 1001af50     sg_IO601_setup_s_3.obj
 0002:00003f6c       ??_C@_0CC@CCDBKGEL@initialize?5Speedgoat?5IO601?5CAN?52@ 1001af6c     sg_IO601_setup_s_3.obj
 0002:00003f90       ??_C@_0CC@LFCNLJIP@?$CFs?3?5Failed?5to?5start?5CAN?5on?5port?5@ 1001af90     sg_IO601_setup_s_3.obj
 0002:00003fb4       ??_C@_0CJ@GMFEBLMC@?$CFs?3?5Failed?5to?5configure?5RX?5queue@ 1001afb4     sg_IO601_setup_s_3.obj
 0002:00003fe0       ??_C@_0CM@NIPEDFIF@Failed?5to?5set?5EXT?5acceptance?5mas@ 1001afe0     sg_IO601_setup_s_3.obj
 0002:0000400c       ??_C@_0CM@DDMDIOIG@Failed?5to?5set?5EXT?5acceptance?5mas@ 1001b00c     sg_IO601_setup_s_3.obj
 0002:00004038       ??_C@_0DA@FCNEDIMM@?$CFs?3?5Failed?5to?5set?5STD?5acceptance@ 1001b038     sg_IO601_setup_s_3.obj
 0002:00004068       ??_C@_0DA@LJODIDMP@?$CFs?3?5Failed?5to?5set?5STD?5acceptance@ 1001b068     sg_IO601_setup_s_3.obj
 0002:00004098       ??_C@_0BJ@NNOJMMEN@?$CFs?3?5Failed?5to?5init?5CAN?51?$AA@ 1001b098     sg_IO601_setup_s_3.obj
 0002:000040b4       ??_C@_0CC@CAHHBIBC@initialize?5Speedgoat?5IO601?5CAN?51@ 1001b0b4     sg_IO601_setup_s_3.obj
 0002:000040d8       ??_C@_0BI@ODAKADLH@?$CFs?3?5wrong?5firmware?5?$CI?$CFs?$CJ?$AA@ 1001b0d8     sg_IO601_setup_s_3.obj
 0002:000040f0       ??_C@_04BPKHPNPF@4?418?$AA@ 1001b0f0     sg_IO601_setup_s_3.obj
 0002:000040f8       ??_C@_04JKHJFPGD@4?427?$AA@ 1001b0f8     sg_IO601_setup_s_3.obj
 0002:00004100       ??_C@_0CE@JCCAPNGC@IO601?3?5Failed?5to?5stop?5CAN?5on?5por@ 1001b100     sg_IO601_setup_s_3.obj
 0002:00004124       ??_C@_0CE@LJANKOKB@IO601?3?5Failed?5to?5stop?5CAN?5on?5por@ 1001b124     sg_IO601_setup_s_3.obj
 0002:00004148       ??_C@_0CF@PNCKPEHN@sendToAsyncQueueTgtAppSvc?5not?5fo@ 1001b148     xpcruntime:xpcimports.obj
 0002:00004170       ??_C@_0BK@IDACEHAO@sendToAsyncQueueTgtAppSvc?$AA@ 1001b170     xpcruntime:xpcimports.obj
 0002:0000418c       ??_C@_0CK@NDEMAMKF@terminateToAsyncQueueTgtAppSvc?5n@ 1001b18c     xpcruntime:xpcimports.obj
 0002:000041b8       ??_C@_0BP@IJNGPPPE@terminateToAsyncQueueTgtAppSvc?$AA@ 1001b1b8     xpcruntime:xpcimports.obj
 0002:000041d8       ??_C@_0CG@JGOFFKEL@startToAsyncQueueTgtAppSvc?5not?5f@ 1001b1d8     xpcruntime:xpcimports.obj
 0002:00004200       ??_C@_0BL@CDFCLKOL@startToAsyncQueueTgtAppSvc?$AA@ 1001b200     xpcruntime:xpcimports.obj
 0002:0000421c       ??_C@_0BK@NEKDLJHG@getStatusFlags?5not?5found?6?$AA@ 1001b21c     xpcruntime:xpcimports.obj
 0002:00004238       ??_C@_0P@GDLHFECE@getStatusFlags?$AA@ 1001b238     xpcruntime:xpcimports.obj
 0002:00004248       ??_C@_0BK@NCECBKNM@getCommService?5not?5found?6?$AA@ 1001b248     xpcruntime:xpcimports.obj
 0002:00004264       ??_C@_0P@KIKONDKK@getCommService?$AA@ 1001b264     xpcruntime:xpcimports.obj
 0002:00004274       ??_C@_0BM@MPLCNIIE@getMemoryService?5not?5found?6?$AA@ 1001b274     xpcruntime:xpcimports.obj
 0002:00004290       ??_C@_0BB@LCMHHHFN@getMemoryService?$AA@ 1001b290     xpcruntime:xpcimports.obj
 0002:000042a4       ??_C@_0BI@NHJNFMKH@xpceaddEvent?5not?5found?6?$AA@ 1001b2a4     xpcruntime:xpcimports.obj
 0002:000042bc       ??_C@_0N@IGGLCIGE@xpceaddEvent?$AA@ 1001b2bc     xpcruntime:xpcimports.obj
 0002:000042cc       ??_C@_0BH@OINCDMLA@StreamVideo?5not?5found?6?$AA@ 1001b2cc     xpcruntime:xpcimports.obj
 0002:000042e4       ??_C@_0M@MFJEGMHC@StreamVideo?$AA@ 1001b2e4     xpcruntime:xpcimports.obj
 0002:000042f0       ??_C@_0BM@DBJBPLEL@StopVideoDisplay?5not?5found?6?$AA@ 1001b2f0     xpcruntime:xpcimports.obj
 0002:0000430c       ??_C@_0BB@JBBLMILG@StopVideoDisplay?$AA@ 1001b30c     xpcruntime:xpcimports.obj
 0002:00004320       ??_C@_0BN@EFIEBGOO@StartVideoDisplay?5not?5found?6?$AA@ 1001b320     xpcruntime:xpcimports.obj
 0002:00004340       ??_C@_0BC@HCMIMIDN@StartVideoDisplay?$AA@ 1001b340     xpcruntime:xpcimports.obj
 0002:00004354       ??_C@_0BP@FMGLJAIJ@DestroyVideoDisplay?5not?5found?6?$AA@ 1001b354     xpcruntime:xpcimports.obj
 0002:00004374       ??_C@_0BE@KJCKGPHA@DestroyVideoDisplay?$AA@ 1001b374     xpcruntime:xpcimports.obj
 0002:00004388       ??_C@_0BO@HPPLLNFP@CreateVideoDisplay?5not?5found?6?$AA@ 1001b388     xpcruntime:xpcimports.obj
 0002:000043a8       ??_C@_0BD@NKCBPBJJ@CreateVideoDisplay?$AA@ 1001b3a8     xpcruntime:xpcimports.obj
 0002:000043bc       ??_C@_0BJ@PHJKOAFL@ConvertUImage?5not?5found?6?$AA@ 1001b3bc     xpcruntime:xpcimports.obj
 0002:000043d8       ??_C@_0O@MCPKDLLL@ConvertUImage?$AA@ 1001b3d8     xpcruntime:xpcimports.obj
 0002:000043e8       ??_C@_0BF@NKGKKADL@StopVideo?5not?5found?6?$AA@ 1001b3e8     xpcruntime:xpcimports.obj
 0002:00004400       ??_C@_09FAHCLKAG@StopVideo?$AA@ 1001b400     xpcruntime:xpcimports.obj
 0002:0000440c       ??_C@_0BL@JHGHPNBI@ReadFrameBuffer?5not?5found?6?$AA@ 1001b40c     xpcruntime:xpcimports.obj
 0002:00004428       ??_C@_0BA@FDNPOCLN@ReadFrameBuffer?$AA@ 1001b428     xpcruntime:xpcimports.obj
 0002:00004438       ??_C@_0BG@HDCELEBP@StartVideo?5not?5found?6?$AA@ 1001b438     xpcruntime:xpcimports.obj
 0002:00004450       ??_C@_0L@GBAEMHMH@StartVideo?$AA@ 1001b450     xpcruntime:xpcimports.obj
 0002:0000445c       ??_C@_0BL@DALDHKHC@GetVideoConfigs?5not?5found?6?$AA@ 1001b45c     xpcruntime:xpcimports.obj
 0002:00004478       ??_C@_0BA@PLPAPNAB@GetVideoConfigs?$AA@ 1001b478     xpcruntime:xpcimports.obj
 0002:00004488       ??_C@_0BO@POKLDHMI@FindUsbVideoDevice?5not?5found?6?$AA@ 1001b488     xpcruntime:xpcimports.obj
 0002:000044a8       ??_C@_0BD@MFNDMBOF@FindUsbVideoDevice?$AA@ 1001b4a8     xpcruntime:xpcimports.obj
 0002:000044bc       ??_C@_0BP@OFNCKOJH@xpceDeleteSemaphore?5not?5found?6?$AA@ 1001b4bc     xpcruntime:xpcimports.obj
 0002:000044dc       ??_C@_0BE@MEBEKOIM@xpceDeleteSemaphore?$AA@ 1001b4dc     xpcruntime:xpcimports.obj
 0002:000044f0       ??_C@_0BP@LBANMHJP@xpceSignalSemaphore?5not?5found?6?$AA@ 1001b4f0     xpcruntime:xpcimports.obj
 0002:00004510       ??_C@_0BE@NNDIOBKE@xpceSignalSemaphore?$AA@ 1001b510     xpcruntime:xpcimports.obj
 0002:00004524       ??_C@_0BN@NMFAADIO@xpceWaitSemaphore?5not?5found?6?$AA@ 1001b524     xpcruntime:xpcimports.obj
 0002:00004544       ??_C@_0BC@IFNIONKJ@xpceWaitSemaphore?$AA@ 1001b544     xpcruntime:xpcimports.obj
 0002:00004558       ??_C@_0BP@KFBAFFKJ@xpceCreateSemaphore?5not?5found?6?$AA@ 1001b558     xpcruntime:xpcimports.obj
 0002:00004578       ??_C@_0BE@IIGBFDHK@xpceCreateSemaphore?$AA@ 1001b578     xpcruntime:xpcimports.obj
 0002:0000458c       ??_C@_0BK@KGPJBJND@TBGiveSpinFast?5not?5found?6?$AA@ 1001b58c     xpcruntime:xpcimports.obj
 0002:000045a8       ??_C@_0P@FKNAAELA@TBGiveSpinFast?$AA@ 1001b5a8     xpcruntime:xpcimports.obj
 0002:000045b8       ??_C@_0BK@NKAIBHGB@TBTakeSpinFast?5not?5found?6?$AA@ 1001b5b8     xpcruntime:xpcimports.obj
 0002:000045d4       ??_C@_0P@DAHDDBJG@TBTakeSpinFast?$AA@ 1001b5d4     xpcruntime:xpcimports.obj
 0002:000045e4       ??_C@_0BI@BKCPAAG@TBDeleteSpin?5not?5found?6?$AA@ 1001b5e4     xpcruntime:xpcimports.obj
 0002:000045fc       ??_C@_0N@HOAJHNBD@TBDeleteSpin?$AA@ 1001b5fc     xpcruntime:xpcimports.obj
 0002:0000460c       ??_C@_0BI@FHKMLKOE@TBCreateSpin?5not?5found?6?$AA@ 1001b60c     xpcruntime:xpcimports.obj
 0002:00004624       ??_C@_0N@LKKJEKKA@TBCreateSpin?$AA@ 1001b624     xpcruntime:xpcimports.obj
 0002:00004634       ??_C@_0BH@FBOPECBI@xpcBusyWait?5not?5found?6?$AA@ 1001b634     xpcruntime:xpcimports.obj
 0002:0000464c       ??_C@_0M@ICBLMODA@xpcBusyWait?$AA@ 1001b64c     xpcruntime:xpcimports.obj
 0002:00004658       ??_C@_0BN@OEOAHCIO@xpcGetElapsedTime?5not?5found?6?$AA@ 1001b658     xpcruntime:xpcimports.obj
 0002:00004678       ??_C@_0BC@JGKNLICL@xpcGetElapsedTime?$AA@ 1001b678     xpcruntime:xpcimports.obj
 0002:0000468c       ??_C@_0CB@PKJEBPOG@xpcFreePhysicalMemory?5not?5found?6@ 1001b68c     xpcruntime:xpcimports.obj
 0002:000046b0       ??_C@_0BG@CBNPGAEL@xpcFreePhysicalMemory?$AA@ 1001b6b0     xpcruntime:xpcimports.obj
 0002:000046c8       ??_C@_0CC@MOJPNHKL@xpcAllocPhysicalMemory?5not?5found@ 1001b6c8     xpcruntime:xpcimports.obj
 0002:000046ec       ??_C@_0BH@KJJLCAOJ@xpcAllocPhysicalMemory?$AA@ 1001b6ec     xpcruntime:xpcimports.obj
 0002:00004704       ??_C@_0BK@DHEMLBIM@xpcIsModelInit?5not?5found?6?$AA@ 1001b704     xpcruntime:xpcimports.obj
 0002:00004720       ??_C@_0P@OKGNGAGH@xpcIsModelInit?$AA@ 1001b720     xpcruntime:xpcimports.obj
 0002:00004730       ??_C@_0BI@FHPFHECO@xpceUDPClose?5not?5found?6?$AA@ 1001b730     xpcruntime:xpcimports.obj
 0002:00004748       ??_C@_0N@IEHPMFME@xpceUDPClose?$AA@ 1001b748     xpcruntime:xpcimports.obj
 0002:00004758       ??_C@_0BK@OPJMLDLH@xpceUDPReceive?5not?5found?6?$AA@ 1001b758     xpcruntime:xpcimports.obj
 0002:00004774       ??_C@_0P@PLFDECIN@xpceUDPReceive?$AA@ 1001b774     xpcruntime:xpcimports.obj
 0002:00004784       ??_C@_0BH@NOIKLPAB@xpceUDPSend?5not?5found?6?$AA@ 1001b784     xpcruntime:xpcimports.obj
 0002:0000479c       ??_C@_0M@OFPFLJGN@xpceUDPSend?$AA@ 1001b79c     xpcruntime:xpcimports.obj
 0002:000047a8       ??_C@_0BO@IFKJBHKC@xpceUDPOpenReceive?5not?5found?6?$AA@ 1001b7a8     xpcruntime:xpcimports.obj
 0002:000047c8       ??_C@_0BD@BCELJJJL@xpceUDPOpenReceive?$AA@ 1001b7c8     xpcruntime:xpcimports.obj
 0002:000047dc       ??_C@_0BL@HNLPFEK@xpceUDPOpenSend?5not?5found?6?$AA@ 1001b7dc     xpcruntime:xpcimports.obj
 0002:000047f8       ??_C@_0BA@FHMIOKFL@xpceUDPOpenSend?$AA@ 1001b7f8     xpcruntime:xpcimports.obj
 0002:00004808       ??_C@_0BG@HNOFBOB@xpceGetTET?5not?5found?6?$AA@ 1001b808     xpcruntime:xpcimports.obj
 0002:00004820       ??_C@_0L@OCBLLHBM@xpceGetTET?$AA@ 1001b820     xpcruntime:xpcimports.obj
 0002:0000482c       ??_C@_0BM@OABDBKAO@xpceGetParamDims?5not?5found?6?$AA@ 1001b82c     xpcruntime:xpcimports.obj
 0002:00004848       ??_C@_0BB@CEIJLFCD@xpceGetParamDims?$AA@ 1001b848     xpcruntime:xpcimports.obj
 0002:0000485c       ??_C@_0BM@POHNKBC@xpceGetParameter?5not?5found?6?$AA@ 1001b85c     xpcruntime:xpcimports.obj
 0002:00004878       ??_C@_0BB@GNFDFMCM@xpceGetParameter?$AA@ 1001b878     xpcruntime:xpcimports.obj
 0002:0000488c       ??_C@_0BM@BJIKDLHA@xpceSetParameter?5not?5found?6?$AA@ 1001b88c     xpcruntime:xpcimports.obj
 0002:000048a8       ??_C@_0BB@BJONJAGA@xpceSetParameter?$AA@ 1001b8a8     xpcruntime:xpcimports.obj
 0002:000048bc       ??_C@_0BO@GCBDJHMB@xpceGetSignalValue?5not?5found?6?$AA@ 1001b8bc     xpcruntime:xpcimports.obj
 0002:000048dc       ??_C@_0BD@PCKOKHO@xpceGetSignalValue?$AA@ 1001b8dc     xpcruntime:xpcimports.obj
 0002:000048f0       ??_C@_0BK@KNBNFIKH@rl32eSendBlock?5not?5found?6?$AA@ 1001b8f0     xpcruntime:xpcimports.obj
 0002:0000490c       ??_C@_0P@MDMKIJF@rl32eSendBlock?$AA@ 1001b90c     xpcruntime:xpcimports.obj
 0002:0000491c       ??_C@_0BL@PLIDKKGI@rl32eLineStatus?5not?5found?6?$AA@ 1001b91c     xpcruntime:xpcimports.obj
 0002:00004938       ??_C@_0BA@CFIJOJPK@rl32eLineStatus?$AA@ 1001b938     xpcruntime:xpcimports.obj
 0002:00004948       ??_C@_0CD@LNMOFLAH@rl32eReceiveBufferCount?5not?5foun@ 1001b948     xpcruntime:xpcimports.obj
 0002:0000496c       ??_C@_0BI@PKEJFHMJ@rl32eReceiveBufferCount?$AA@ 1001b96c     xpcruntime:xpcimports.obj
 0002:00004984       ??_C@_0BM@HGAIOAND@rl32eReceiveChar?5not?5found?6?$AA@ 1001b984     xpcruntime:xpcimports.obj
 0002:000049a0       ??_C@_0BB@OMFKCOEK@rl32eReceiveChar?$AA@ 1001b9a0     xpcruntime:xpcimports.obj
 0002:000049b4       ??_C@_0BJ@JCJKDACJ@rl32eSendChar?5not?5found?6?$AA@ 1001b9b4     xpcruntime:xpcimports.obj
 0002:000049d0       ??_C@_0O@LLJGKFOG@rl32eSendChar?$AA@ 1001b9d0     xpcruntime:xpcimports.obj
 0002:000049e0       ??_C@_0BN@KCOFELEM@rl32eCloseCOMPort?5not?5found?6?$AA@ 1001b9e0     xpcruntime:xpcimports.obj
 0002:00004a00       ??_C@_0BC@CHEEFCP@rl32eCloseCOMPort?$AA@ 1001ba00     xpcruntime:xpcimports.obj
 0002:00004a14       ??_C@_0BM@DDJGKAHB@rl32eInitCOMPort?5not?5found?6?$AA@ 1001ba14     xpcruntime:xpcimports.obj
 0002:00004a30       ??_C@_0BB@FCHHFAAH@rl32eInitCOMPort?$AA@ 1001ba30     xpcruntime:xpcimports.obj
 0002:00004a44       ??_C@_0CC@CDNDNJBJ@xpceAssignPCIInterrupt?5not?5found@ 1001ba44     xpcruntime:xpcimports.obj
 0002:00004a68       ??_C@_0BH@OKBOPNFG@xpceAssignPCIInterrupt?$AA@ 1001ba68     xpcruntime:xpcimports.obj
 0002:00004a80       ??_C@_0CB@BBKIPMLA@rl32eGetPCIInfoAtSlot?5not?5found?6@ 1001ba80     xpcruntime:xpcimports.obj
 0002:00004aa4       ??_C@_0BG@NJPFKFDP@rl32eGetPCIInfoAtSlot?$AA@ 1001baa4     xpcruntime:xpcimports.obj
 0002:00004abc       ??_C@_0BL@IGOMLDCK@rl32eGetPCIInfo?5not?5found?6?$AA@ 1001babc     xpcruntime:xpcimports.obj
 0002:00004ad8       ??_C@_0BA@BGPAADB@rl32eGetPCIInfo?$AA@ 1001bad8     xpcruntime:xpcimports.obj
 0002:00004ae8       ??_C@_0BM@IFDMAGLO@rl32eShowPCIInfo?5not?5found?6?$AA@ 1001bae8     xpcruntime:xpcimports.obj
 0002:00004b04       ??_C@_0BB@KBCOJPFB@rl32eShowPCIInfo?$AA@ 1001bb04     xpcruntime:xpcimports.obj
 0002:00004b18       ??_C@_0BL@DDFFLNHI@rl32eShowPCIDev?5not?5found?6?$AA@ 1001bb18     xpcruntime:xpcimports.obj
 0002:00004b34       ??_C@_0BA@JGPMHGAF@rl32eShowPCIDev?$AA@ 1001bb34     xpcruntime:xpcimports.obj
 0002:00004b44       ??_C@_0CC@KAAAGPI@xpcReserveMemoryRegion?5not?5found@ 1001bb44     xpcruntime:xpcimports.obj
 0002:00004b68       ??_C@_0BH@EHOLELHH@xpcReserveMemoryRegion?$AA@ 1001bb68     xpcruntime:xpcimports.obj
 0002:00004b80       ??_C@_0BF@GJKLPNHB@xpcOutpDW?5not?5found?6?$AA@ 1001bb80     xpcruntime:xpcimports.obj
 0002:00004b98       ??_C@_09FLIEKHJG@xpcOutpDW?$AA@ 1001bb98     xpcruntime:xpcimports.obj
 0002:00004ba4       ??_C@_0BE@NLIFDBGM@xpcOutpW?5not?5found?6?$AA@ 1001bba4     xpcruntime:xpcimports.obj
 0002:00004bb8       ??_C@_08MOOJAOHK@xpcOutpW?$AA@ 1001bbb8     xpcruntime:xpcimports.obj
 0002:00004bc4       ??_C@_0BE@HCKNCEKF@xpcOutpB?5not?5found?6?$AA@ 1001bbc4     xpcruntime:xpcimports.obj
 0002:00004bd8       ??_C@_08PJFMOIGO@xpcOutpB?$AA@ 1001bbd8     xpcruntime:xpcimports.obj
 0002:00004be4       ??_C@_0BE@PIELDNIL@xpcInpDW?5not?5found?6?$AA@ 1001bbe4     xpcruntime:xpcimports.obj
 0002:00004bf8       ??_C@_08KDIAJBOP@xpcInpDW?$AA@ 1001bbf8     xpcruntime:xpcimports.obj
 0002:00004c04       ??_C@_0BD@FPCJFMCC@xpcInpW?5not?5found?6?$AA@ 1001bc04     xpcruntime:xpcimports.obj
 0002:00004c18       ??_C@_07KIHBBOKH@xpcInpW?$AA@ 1001bc18     xpcruntime:xpcimports.obj
 0002:00004c20       ??_C@_0BD@PGABEJOL@xpcInpB?5not?5found?6?$AA@ 1001bc20     xpcruntime:xpcimports.obj
 0002:00004c34       ??_C@_07JPMEPILD@xpcInpB?$AA@ 1001bc34     xpcruntime:xpcimports.obj
 0002:00004c3c       ??_C@_0BK@HONODOKP@xpceFTSubtract?5not?5found?6?$AA@ 1001bc3c     xpcruntime:xpcimports.obj
 0002:00004c58       ??_C@_0P@KEODBLHO@xpceFTSubtract?$AA@ 1001bc58     xpcruntime:xpcimports.obj
 0002:00004c68       ??_C@_0BF@FJLEIILA@xpceFTAdd?5not?5found?6?$AA@ 1001bc68     xpcruntime:xpcimports.obj
 0002:00004c80       ??_C@_09PHNHCHFH@xpceFTAdd?$AA@ 1001bc80     xpcruntime:xpcimports.obj
 0002:00004c8c       ??_C@_0BK@NMABIODN@xpceFTReadTime?5not?5found?6?$AA@ 1001bc8c     xpcruntime:xpcimports.obj
 0002:00004ca8       ??_C@_0P@CPGPNKEB@xpceFTReadTime?$AA@ 1001bca8     xpcruntime:xpcimports.obj
 0002:00004cb8       ??_C@_0BN@DCAIKFFD@xpceDeRegisterISR?5not?5found?6?$AA@ 1001bcb8     xpcruntime:xpcimports.obj
 0002:00004cd8       ??_C@_0BC@NLBADGKF@xpceDeRegisterISR?$AA@ 1001bcd8     xpcruntime:xpcimports.obj
 0002:00004cec       ??_C@_0BL@NNDLOEJE@xpceRegisterISR?5not?5found?6?$AA@ 1001bcec     xpcruntime:xpcimports.obj
 0002:00004d08       ??_C@_0BA@IJINKAHF@xpceRegisterISR?$AA@ 1001bd08     xpcruntime:xpcimports.obj
 0002:00004d18       ??_C@_0BK@NJCKNFPN@xpceScopeAcqOK?5not?5found?6?$AA@ 1001bd18     xpcruntime:xpcimports.obj
 0002:00004d34       ??_C@_0P@IEIIADJB@xpceScopeAcqOK?$AA@ 1001bd34     xpcruntime:xpcimports.obj
 0002:00004d44       ??_C@_0CD@LLBEFFBO@rl32eRestartAcquisition?5not?5foun@ 1001bd44     xpcruntime:xpcimports.obj
 0002:00004d68       ??_C@_0BI@JAPOIDNG@rl32eRestartAcquisition?$AA@ 1001bd68     xpcruntime:xpcimports.obj
 0002:00004d80       ??_C@_0CE@JLGHCFHI@rl32eSetTargetScopeSigFt?5not?5fou@ 1001bd80     xpcruntime:xpcimports.obj
 0002:00004da4       ??_C@_0BJ@LIDLNDHC@rl32eSetTargetScopeSigFt?$AA@ 1001bda4     xpcruntime:xpcimports.obj
 0002:00004dc0       ??_C@_0BP@JCHFMKPJ@rl32eSetTargetScope?5not?5found?6?$AA@ 1001bdc0     xpcruntime:xpcimports.obj
 0002:00004de0       ??_C@_0BE@DLACEEJM@rl32eSetTargetScope?$AA@ 1001bde0     xpcruntime:xpcimports.obj
 0002:00004df4       ??_C@_0BK@JODJPNNH@xpceFSScopeSet?5not?5found?6?$AA@ 1001bdf4     xpcruntime:xpcimports.obj
 0002:00004e10       ??_C@_0P@IKMCBMHH@xpceFSScopeSet?$AA@ 1001be10     xpcruntime:xpcimports.obj
 0002:00004e20       ??_C@_0BJ@JCLHHIN@rl32eSetScope?5not?5found?6?$AA@ 1001be20     xpcruntime:xpcimports.obj
 0002:00004e3c       ??_C@_0O@CFDGALBP@rl32eSetScope?$AA@ 1001be3c     xpcruntime:xpcimports.obj
 0002:00004e4c       ??_C@_0BM@LGAMBAID@rl32eGetSignalNo?5not?5found?6?$AA@ 1001be4c     xpcruntime:xpcimports.obj
 0002:00004e68       ??_C@_0BB@LDMIHGCE@rl32eGetSignalNo?$AA@ 1001be68     xpcruntime:xpcimports.obj
 0002:00004e7c       ??_C@_0BK@GMJAJBAI@rl32eAddSignal?5not?5found?6?$AA@ 1001be7c     xpcruntime:xpcimports.obj
 0002:00004e98       ??_C@_0P@CKNKILDP@rl32eAddSignal?$AA@ 1001be98     xpcruntime:xpcimports.obj
 0002:00004ea8       ??_C@_0BJ@CDNOENKA@rl32eDefScope?5not?5found?6?$AA@ 1001bea8     xpcruntime:xpcimports.obj
 0002:00004ec4       ??_C@_0O@BNNGKJEA@rl32eDefScope?$AA@ 1001bec4     xpcruntime:xpcimports.obj
 0002:00004ed4       ??_C@_0BM@FJBFEGFG@rl32eScopeExists?5not?5found?6?$AA@ 1001bed4     xpcruntime:xpcimports.obj
 0002:00004ef0       ??_C@_0BB@BNNCEDPC@rl32eScopeExists?$AA@ 1001bef0     xpcruntime:xpcimports.obj
 0002:00004f58       __FPinit                   1001bf58     LIBCMT:_fpinit_.obj
 0002:00004fb0       __OP_FMODjmptab            1001bfb0     LIBCMT:_87fmod_.obj
 0002:00005000       ??_C@_0P@MIGLKIOC@CorExitProcess?$AA@ 1001c000     LIBCMT:crt0dat.obj
 0002:00005010       ??_C@_1BI@BGOHAHKC@?$AAm?$AAs?$AAc?$AAo?$AAr?$AAe?$AAe?$AA?4?$AAd?$AAl?$AAl?$AA?$AA@ 1001c010     LIBCMT:crt0dat.obj
 0002:00005028       ??_C@_15IABLJNFO@?$AA?6?$AA?6?$AA?$AA@ 1001c028     LIBCMT:wassert.obj
 0002:00005030       ??_C@_13LBAGMAIH@?$AA?6?$AA?$AA@ 1001c030     LIBCMT:wassert.obj
 0002:00005034       ??_C@_17LGKOMLJ@?$AA?4?$AA?4?$AA?4?$AA?$AA@ 1001c034     LIBCMT:wassert.obj
 0002:00005040       ??_C@_1EK@MBDPDCGA@?$AAM?$AAi?$AAc?$AAr?$AAo?$AAs?$AAo?$AAf?$AAt?$AA?5?$AAV?$AAi?$AAs?$AAu?$AAa?$AAl?$AA?5?$AAC?$AA?$CL?$AA?$CL?$AA?5?$AAR?$AAu?$AAn?$AAt?$AAi?$AAm?$AAe?$AA?5?$AAL?$AAi?$AAb@ 1001c040     LIBCMT:wassert.obj
 0002:0000508c       ??_C@_1CO@EAEJAADC@?$AA?$DM?$AAp?$AAr?$AAo?$AAg?$AAr?$AAa?$AAm?$AA?5?$AAn?$AAa?$AAm?$AAe?$AA?5?$AAu?$AAn?$AAk?$AAn?$AAo?$AAw?$AAn?$AA?$DO?$AA?$AA@ 1001c08c     LIBCMT:wassert.obj
 0002:000050bc       __pRawDllMain              1001c0bc     LIBCMT:dllcrt0.obj
 0002:000050bc       __pDefaultRawDllMain       1001c0bc     LIBCMT:dllcrt0.obj
 0002:000050c0       ??_C@_1BO@BKOMIGKJ@?$AAr?$AAu?$AAn?$AAt?$AAi?$AAm?$AAe?$AA?5?$AAe?$AAr?$AAr?$AAo?$AAr?$AA?5?$AA?$AA@ 1001c0c0     LIBCMT:crt0msg.obj
 0002:000050e0       ??_C@_15JNBOKNOG@?$AA?$AN?$AA?6?$AA?$AA@ 1001c0e0     LIBCMT:crt0msg.obj
 0002:000050e8       ??_C@_1BM@JBBEPPHI@?$AAT?$AAL?$AAO?$AAS?$AAS?$AA?5?$AAe?$AAr?$AAr?$AAo?$AAr?$AA?$AN?$AA?6?$AA?$AA@ 1001c0e8     LIBCMT:crt0msg.obj
 0002:00005104       ??_C@_1BK@KMOMNAAI@?$AAS?$AAI?$AAN?$AAG?$AA?5?$AAe?$AAr?$AAr?$AAo?$AAr?$AA?$AN?$AA?6?$AA?$AA@ 1001c104     LIBCMT:crt0msg.obj
 0002:00005120       ??_C@_1BO@BFCDCGC@?$AAD?$AAO?$AAM?$AAA?$AAI?$AAN?$AA?5?$AAe?$AAr?$AAr?$AAo?$AAr?$AA?$AN?$AA?6?$AA?$AA@ 1001c120     LIBCMT:crt0msg.obj
 0002:00005140       ??_C@_1BOO@KGEDBGAJ@?$AAR?$AA6?$AA0?$AA3?$AA3?$AA?$AN?$AA?6?$AA?9?$AA?5?$AAA?$AAt?$AAt?$AAe?$AAm?$AAp?$AAt?$AA?5?$AAt?$AAo?$AA?5?$AAu?$AAs?$AAe?$AA?5?$AAM?$AAS?$AAI?$AAL?$AA?5?$AAc?$AAo?$AAd@ 1001c140     LIBCMT:crt0msg.obj
 0002:00005330       ??_C@_1GG@GOPILAJP@?$AAR?$AA6?$AA0?$AA3?$AA2?$AA?$AN?$AA?6?$AA?9?$AA?5?$AAn?$AAo?$AAt?$AA?5?$AAe?$AAn?$AAo?$AAu?$AAg?$AAh?$AA?5?$AAs?$AAp?$AAa?$AAc?$AAe?$AA?5?$AAf?$AAo?$AAr?$AA?5?$AAl?$AAo@ 1001c330     LIBCMT:crt0msg.obj
 0002:00005398       ??_C@_1MG@ENCOOIDF@?$AAR?$AA6?$AA0?$AA3?$AA1?$AA?$AN?$AA?6?$AA?9?$AA?5?$AAA?$AAt?$AAt?$AAe?$AAm?$AAp?$AAt?$AA?5?$AAt?$AAo?$AA?5?$AAi?$AAn?$AAi?$AAt?$AAi?$AAa?$AAl?$AAi?$AAz?$AAe?$AA?5?$AAt@ 1001c398     LIBCMT:crt0msg.obj
 0002:00005460       ??_C@_1DO@BMFCDCD@?$AAR?$AA6?$AA0?$AA3?$AA0?$AA?$AN?$AA?6?$AA?9?$AA?5?$AAC?$AAR?$AAT?$AA?5?$AAn?$AAo?$AAt?$AA?5?$AAi?$AAn?$AAi?$AAt?$AAi?$AAa?$AAl?$AAi?$AAz?$AAe?$AAd?$AA?$AN?$AA?6?$AA?$AA@ 1001c460     LIBCMT:crt0msg.obj
 0002:000054a0       ??_C@_1EK@HHFLMAOL@?$AAR?$AA6?$AA0?$AA2?$AA8?$AA?$AN?$AA?6?$AA?9?$AA?5?$AAu?$AAn?$AAa?$AAb?$AAl?$AAe?$AA?5?$AAt?$AAo?$AA?5?$AAi?$AAn?$AAi?$AAt?$AAi?$AAa?$AAl?$AAi?$AAz?$AAe?$AA?5?$AAh?$AAe@ 1001c4a0     LIBCMT:crt0msg.obj
 0002:000054f0       ??_C@_1GK@MFGOKLAG@?$AAR?$AA6?$AA0?$AA2?$AA7?$AA?$AN?$AA?6?$AA?9?$AA?5?$AAn?$AAo?$AAt?$AA?5?$AAe?$AAn?$AAo?$AAu?$AAg?$AAh?$AA?5?$AAs?$AAp?$AAa?$AAc?$AAe?$AA?5?$AAf?$AAo?$AAr?$AA?5?$AAl?$AAo@ 1001c4f0     LIBCMT:crt0msg.obj
 0002:00005560       ??_C@_1GK@MCAAGJMO@?$AAR?$AA6?$AA0?$AA2?$AA6?$AA?$AN?$AA?6?$AA?9?$AA?5?$AAn?$AAo?$AAt?$AA?5?$AAe?$AAn?$AAo?$AAu?$AAg?$AAh?$AA?5?$AAs?$AAp?$AAa?$AAc?$AAe?$AA?5?$AAf?$AAo?$AAr?$AA?5?$AAs?$AAt@ 1001c560     LIBCMT:crt0msg.obj
[...]
 0002:00007688       __NULL_IMPORT_DESCRIPTOR   1001e688     kernel32:KERNEL32.dll
 0003:00000398       _testmodel_1109_P          1001f398     testmodel_1109_data.obj
 0003:00000dd0       _pci20041digout            1001fdd0     xpctarget.obj
 0003:00000dd4       _nipcdio24cnfg             1001fdd4     xpctarget.obj
 0003:00000dd8       _rtddm6604cnfg             1001fdd8     xpctarget.obj
 0003:00000ec0       _DefaultCOMIOBase          1001fec0     xpcruntime:xpcimports.obj
 0003:00000ed0       _DefaultCOMIRQ             1001fed0     xpcruntime:xpcimports.obj
 0003:00000ee0       __fltused                  1001fee0     LIBCMT:_fpinit_.obj
 0003:00000ee4       __ldused                   1001fee4     LIBCMT:_fpinit_.obj
 0003:00000f00       __iob                      1001ff00     LIBCMT:_file.obj
 0003:00001180       ___security_cookie         10020180     LIBCMT:gs_cookie.obj
 0003:00001184       ___security_cookie_complement 10020184     LIBCMT:gs_cookie.obj
 0003:00001364       __cfltcvt_tab              10020364     LIBCMT:cmiscdat.obj
 0003:00001390       ___nullstring              10020390     LIBCMT:output.obj
 0003:00001394       ___wnullstring             10020394     LIBCMT:output.obj
 0003:000013a0       __d_inf                    100203a0     LIBCMT:_util_.obj
 0003:000013a8       __d_ind                    100203a8     LIBCMT:_util_.obj
 0003:000013b0       __d_max                    100203b0     LIBCMT:_util_.obj
 0003:000013b8       __d_min                    100203b8     LIBCMT:_util_.obj
 0003:000013c0       __d_mzero                  100203c0     LIBCMT:_util_.obj
 0003:000014d0       ___badioinfo               100204d0     LIBCMT:ioinit.obj
 0003:00001630       __lookuptrailbytes         10020630     LIBCMT:read.obj
 0003:00001730       ___flsindex                10020730     LIBCMT:tidtable.obj
 0003:00001734       ___getvalueindex           10020734     LIBCMT:tidtable.obj
 0003:00001738       ___abort_behavior          10020738     LIBCMT:abort.obj
 0003:00001740       __matherr_flag             10020740     LIBCMT:_matherr_.obj
 0003:00001750       ___initialmbcinfo          10020750     LIBCMT:mbctype.obj
 0003:00001970       __mbctype                  10020970     LIBCMT:mbctype.obj
 0003:00001a78       __mbcasemap                10020a78     LIBCMT:mbctype.obj
 0003:00001b78       ___ptmbcinfo               10020b78     LIBCMT:mbctype.obj
 0003:00001c70       ___globallocalestatus      10020c70     LIBCMT:glstatus.obj
 0003:00001c74       ___clocalestr              10020c74     LIBCMT:nlsdata2.obj
 0003:00001c78       ___lc_time_c               10020c78     LIBCMT:nlsdata2.obj
 0003:00001de0       ___initiallocinfo          10020de0     LIBCMT:nlsdata2.obj
 0003:00001eb8       ___ptlocinfo               10020eb8     LIBCMT:nlsdata2.obj
 0003:00001ec0       __NLG_Destination          10020ec0     LIBCMT:exsup.obj
 0003:00001ed0       ___lconv_static_decimal    10020ed0     LIBCMT:lconv.obj
 0003:00001ed4       ___lconv_static_W_decimal  10020ed4     LIBCMT:lconv.obj
 0003:00001ed8       ___lconv_c                 10020ed8     LIBCMT:lconv.obj
 0003:00001f28       ___lconv                   10020f28     LIBCMT:lconv.obj
 0003:00001f2c       __pctype                   10020f2c     LIBCMT:ctype.obj
 0003:00001f30       __pwctype                  10020f30     LIBCMT:ctype.obj
 0003:00001f68       __confh                    10020f68     LIBCMT:initcon.obj
 0003:00001f70       ___mb_cur_max              10020f70     LIBCMT:nlsdata1.obj
 0003:00001f74       ___decimal_point           10020f74     LIBCMT:nlsdata1.obj
 0003:00001f78       ___decimal_point_length    10020f78     LIBCMT:nlsdata1.obj
 0003:00001f80       __pow10pos                 10020f80     LIBCMT:_constpow_.obj
 0003:000020e0       __pow10neg                 100210e0     LIBCMT:_constpow_.obj
 0003:00002298       _pci20098PortA             10021298     xpctarget.obj
 0003:0000229c       _pci20098PortB             1002129c     xpctarget.obj
 0003:000022a0       _siepowercan_firmware_initialized 100212a0     xpctarget.obj
 0003:000022a4       _siepowercan_port1_configured 100212a4     xpctarget.obj
 0003:000022a8       _siepowercan_port2_configured 100212a8     xpctarget.obj
 0003:000022ac       _CANAC2_FIRMWARE_LOADED    100212ac     xpctarget.obj
 0003:000022b0       _rs232ports                100212b0     xpctarget.obj
 0003:000022c0       _NI_AT_MIO_16F_5_commreg2  100212c0     xpctarget.obj
 0003:000022c4       _RTD_DM6430_init           100212c4     xpctarget.obj
 0003:000022c8       _RTD_DM6420_init           100212c8     xpctarget.obj
 0003:000022cc       _CANAC2_FIRMWARE_LOADED_mb1 100212cc     xpctarget.obj
 0003:000022d0       _CANAC2_FIRMWARE_LOADED_mb2 100212d0     xpctarget.obj
 0003:000022d4       _CANAC2_FIRMWARE_LOADED_mb3 100212d4     xpctarget.obj
 0003:000022d8       _xmlsize                   100212d8     xpctarget.obj
 0003:000025e0       ___fastflag                100215e0     LIBCMT:_fpinit_.obj
 0003:000025e8       __cflush                   100215e8     LIBCMT:_file.obj
 0003:000025ec       __umaskval                 100215ec     LIBCMT:crt0dat.obj
 0003:000025f0       ___argc                    100215f0     LIBCMT:crt0dat.obj
 0003:000025f4       ___argv                    100215f4     LIBCMT:crt0dat.obj
 0003:000025f8       ___wargv                   100215f8     LIBCMT:crt0dat.obj
 0003:000025fc       __environ                  100215fc     LIBCMT:crt0dat.obj
 0003:00002600       ___initenv                 10021600     LIBCMT:crt0dat.obj
 0003:00002604       __wenviron                 10021604     LIBCMT:crt0dat.obj
 0003:00002608       ___winitenv                10021608     LIBCMT:crt0dat.obj
 0003:0000260c       __pgmptr                   1002160c     LIBCMT:crt0dat.obj
 0003:00002610       __wpgmptr                  10021610     LIBCMT:crt0dat.obj
 0003:00002614       __exitflag                 10021614     LIBCMT:crt0dat.obj
 0003:00002618       __C_Termination_Done       10021618     LIBCMT:crt0dat.obj
 0003:0000261c       __C_Exit_Done              1002161c     LIBCMT:crt0dat.obj
 0003:00002624       __aenvptr                  10021624     LIBCMT:dllcrt0.obj
 0003:00002628       __wenvptr                  10021628     LIBCMT:dllcrt0.obj
 0003:0000262c       ___error_mode              1002162c     LIBCMT:dllcrt0.obj
 0003:00002630       ___app_type                10021630     LIBCMT:dllcrt0.obj
 0003:00002c60       __crtheap                  10021c60     LIBCMT:heapinit.obj
 0003:00002c64       ?_pnhHeap@@3P6AHI@ZA       10021c64     LIBCMT:handler.obj
 0003:00002c68       __newmode                  10021c68     LIBCMT:_newmode.obj
 0003:00002c70       __stdbuf                   10021c70     LIBCMT:_sftbuf.obj
 0003:00002c78       ___pInvalidArgHandler      10021c78     LIBCMT:invarg.obj
 0003:00002c7c       __maxwait                  10021c7c     LIBCMT:crtheap.obj
 0003:000030f4       ?__pInconsistency@@3P6AXXZA 100220f4     LIBCMT:hooks.obj
 0003:00003110       ___pPurecall               10022110     LIBCMT:inithelp.obj
 0003:00003114       _gpFlsAlloc                10022114     LIBCMT:tidtable.obj
 0003:00003118       _gpFlsGetValue             10022118     LIBCMT:tidtable.obj
 0003:0000311c       _gpFlsSetValue             1002211c     LIBCMT:tidtable.obj
 0003:00003120       _gpFlsFree                 10022120     LIBCMT:tidtable.obj
 0003:00003244       ___mbulinfo                10022244     LIBCMT:mbctype.obj
 0003:00003250       ___mbcodepage              10022250     LIBCMT:mbctype.obj
 0003:00003254       ___ismbcodepage            10022254     LIBCMT:mbctype.obj
 0003:00003258       ___mblcid                  10022258     LIBCMT:mbctype.obj
 0003:0000325c       __outputformat             1002225c     LIBCMT:outputformat.obj
 0003:00003260       __commode                  10022260     LIBCMT:ncommode.obj
 0003:00003264       ___lconv_static_null       10022264     LIBCMT:lconv.obj
 0003:00003268       ___lconv_static_W_null     10022268     LIBCMT:lconv.obj
 0003:0000326c       ___locale_changed          1002226c     LIBCMT:setlocal.obj
 0003:00003270       __fmode                    10022270     LIBCMT:txtmode.obj
 0003:00003280       _ptrWritePointer2          10022280     <common>
 0003:00003290       _ptrWritePointer1          10022290     <common>
 0003:000032a0       _rtInf                     100222a0     <common>
 0003:000032a8       _rtMinusInfF               100222a8     <common>
 0003:000032ac       _rtInfF                    100222ac     <common>
 0003:000032b0       _rtMinusInf                100222b0     <common>
 0003:000032b8       _rtNaN                     100222b8     <common>
 0003:000032c0       _rtNaNF                    100222c0     <common>
 0003:000032e0       _testmodel_1109_DW         100222e0     <common>
 0003:000034e0       _testmodel_1109_B          100224e0     <common>
 0003:00003b48       _testmodel_1109_PrevZCX    10022b48     <common>
 0003:00003b60       _testmodel_1109_M_         10022b60     <common>
 0003:000065e8       _xpcInpB                   100255e8     <common>
 0003:000065ec       _rl32eReceiveChar          100255ec     <common>
 0003:000065f0       _xpceUDPClose              100255f0     <common>
 0003:000065f4       _rl32eScopeExists          100255f4     <common>
 0003:000065f8       _CreateVideoDisplay        100255f8     <common>
 0003:000065fc       _xpceCreateSemaphore       100255fc     <common>
 0003:00006600       _xpceSetParameter          10025600     <common>
 0003:00006604       _TBTakeSpinFast            10025604     <common>
 0003:00006608       _xpcGetElapsedTime         10025608     <common>
 0003:0000660c       _xpceUDPSend               1002560c     <common>
 0003:00006610       _rl32eSetTargetScope       10025610     <common>
 0003:00006614       _rl32eAddSignal            10025614     <common>
 0003:00006618       _xpceAssignPCIInterrupt    10025618     <common>
 0003:0000661c       _xpceSignalSemaphore       1002561c     <common>
 0003:00006620       _StartVideo                10025620     <common>
 0003:00006624       _startToAsyncQueueTgtAppSvc 10025624     <common>
 0003:00006628       _rl32eSetTargetScopeSigFt  10025628     <common>
 0003:0000662c       _rl32eSetScope             1002562c     <common>
 0003:00006630       _xpceUDPOpenReceive        10025630     <common>
 0003:00006634       _xpcReserveMemoryRegion    10025634     <common>
 0003:00006638       _getCommService            10025638     <common>
 0003:0000663c       _rl32eGetPCIInfoAtSlot     1002563c     <common>
 0003:00006640       _GetVideoConfigs           10025640     <common>
 0003:00006644       _rl32eReceiveBufferCount   10025644     <common>
 0003:00006648       _rl32eSendBlock            10025648     <common>
 0003:0000664c       _StartVideoDisplay         1002564c     <common>
 0003:00006650       _ReadFrameBuffer           10025650     <common>
 0003:00006654       _xpceDeRegisterISR         10025654     <common>
 0003:00006658       _xpceFSScopeSet            10025658     <common>
 0003:0000665c       _rl32eCloseCOMPort         1002565c     <common>
 0003:00006660       _TBDeleteSpin              10025660     <common>
 0003:00006664       _rl32eRestartAcquisition   10025664     <common>
 0003:00006668       _rl32eDefScope             10025668     <common>
 0003:0000666c       _rl32eShowPCIInfo          1002566c     <common>
 0003:00006670       _xpcOutpB                  10025670     <common>
 0003:00006674       _xpceWaitSemaphore         10025674     <common>
 0003:00006678       _rl32eSendChar             10025678     <common>
 0003:0000667c       _sendToAsyncQueueTgtAppSvc 1002567c     <common>
 0003:00006680       _xpceDeleteSemaphore       10025680     <common>
 0003:00006684       _getStatusFlags            10025684     <common>
 0003:00006688       _rl32eGetSignalNo          10025688     <common>
 0003:0000668c       _xpceGetTET                1002568c     <common>
 0003:00006690       _xpceGetParameter          10025690     <common>
 0003:00006694       _StopVideo                 10025694     <common>
 0003:00006698       _getMemoryService          10025698     <common>
 0003:0000669c       _terminateToAsyncQueueTgtAppSvc 1002569c     <common>
 0003:000066a0       _xpcBusyWait               100256a0     <common>
 0003:000066a4       _FindUsbVideoDevice        100256a4     <common>
 0003:000066a8       _xpceaddEvent              100256a8     <common>
 0003:000066ac       _rl32eLineStatus           100256ac     <common>
 0003:000066b0       _ConvertUImage             100256b0     <common>
 0003:000066b4       _xpceGetParamDims          100256b4     <common>
 0003:000066b8       _xpcIsModelInit            100256b8     <common>
 0003:000066bc       _xpceFTReadTime            100256bc     <common>
 0003:000066c0       _rl32eGetPCIInfo           100256c0     <common>
 0003:000066c4       _DestroyVideoDisplay       100256c4     <common>
 0003:000066c8       _xpceUDPReceive            100256c8     <common>
 0003:000066cc       _xpceFTSubtract            100256cc     <common>
 0003:000066d0       _TBCreateSpin              100256d0     <common>
 0003:000066d4       _rl32eShowPCIDev           100256d4     <common>
 0003:000066d8       _xpceFTAdd                 100256d8     <common>
 0003:000066dc       _xpcFreePhysicalMemory     100256dc     <common>
 0003:000066e0       _xpcAllocPhysicalMemory    100256e0     <common>
 0003:000066e4       _StreamVideo               100256e4     <common>
 0003:000066e8       _xpceScopeAcqOK            100256e8     <common>
 0003:000066ec       _xpcInpDW                  100256ec     <common>
 0003:000066f0       _xpcOutpDW                 100256f0     <common>
 0003:000066f4       _rl32eInitCOMPort          100256f4     <common>
 0003:000066f8       _StopVideoDisplay          100256f8     <common>
 0003:000066fc       _xpcOutpW                  100256fc     <common>
 0003:00006700       _xpceGetSignalValue        10025700     <common>
 0003:00006704       _xpceUDPOpenSend           10025704     <common>
 0003:00006708       _xpcInpW                   10025708     <common>
 0003:0000670c       _TBGiveSpinFast            1002570c     <common>
 0003:00006710       _xpceRegisterISR           10025710     <common>
 0003:00006714       __debugger_hook_dummy      10025714     <common>
 0003:00006718       __nhandle                  10025718     <common>
 0003:00006720       ___pioinfo                 10025720     <common>
 0003:00006820       __pDestructExceptionObject 10025820     <common>
 0003:00006824       ___sse2_available          10025824     <common>
 0003:00006828       ___use_sse2_mathfcns       10025828     <common>
 0003:0000682c       __pmatherr                 1002582c     <common>
 0003:00006830       __acmdln                   10025830     <common>
 0003:00006834       ___env_initialized         10025834     <common>
 0003:00006838       ___onexitend               10025838     <common>
 0003:0000683c       ___onexitbegin             1002583c     <common>
 0003:00006840       ___mbctype_initialized     10025840     <common>
 0003:00006844       ___dyn_tls_init_callback   10025844     <common>
 0003:00006848       ___piob                    10025848     <common>
 0003:00006860       __bufin                    10025860     <common>
 0003:00007860       __nstream                  10026860     <common>

 entry point at        0001:0000af08

 Static symbols

 0001:00000080       _testmodel_1109_output     10001080 f   testmodel_1109.obj
 0001:00002a10       _testmodel_1109_update     10003a10 f   testmodel_1109.obj
 0001:00002af0       _testmodel_1109_initialize 10003af0 f   testmodel_1109.obj
 0001:00003c50       _testmodel_1109_terminate  10004c50 f   testmodel_1109.obj
 0001:00005be0       _zffbcd1020c               10006be0 f   sg_IO601_write_s_3.obj
 0001:00005d60       _z50a448c4af               10006d60 f   sg_IO601_write_s_3.obj
 0001:00005f00       _mdlInitializeSizes        10006f00 f   sg_IO601_write_s_3.obj
 0001:00006090       _mdlInitializeSampleTimes  10007090 f   sg_IO601_write_s_3.obj
 0001:00006100       _mdlStart                  10007100 f   sg_IO601_write_s_3.obj
 0001:000064f0       _mdlOutputs                100074f0 f   sg_IO601_write_s_3.obj
 0001:00006760       _mdlTerminate              10007760 f   sg_IO601_write_s_3.obj
 0001:000069c0       _z2521217c2d               100079c0 f   sg_IO601_setup_s_3.obj
 0001:00006a50       _z36e52286a2               10007a50 f   sg_IO601_setup_s_3.obj
 0001:00006a80       _z2cb48b8ffe               10007a80 f   sg_IO601_setup_s_3.obj
 0001:00006ac0       _z49452fc13f               10007ac0 f   sg_IO601_setup_s_3.obj
 0001:00006b40       _mdlInitializeSizes        10007b40 f   sg_IO601_setup_s_3.obj
 0001:00006bb0       _mdlInitializeSampleTimes  10007bb0 f   sg_IO601_setup_s_3.obj
 0001:00006bd0       _mdlStart                  10007bd0 f   sg_IO601_setup_s_3.obj
 0001:000077e0       _mdlTerminate              100087e0 f   sg_IO601_setup_s_3.obj
 0001:00007940       _z825df60379               10008940 f   sg_IO601_read_s_3.obj
 0001:00007b90       _mdlInitializeSizes        10008b90 f   sg_IO601_read_s_3.obj
 0001:00007ce0       _mdlInitializeSampleTimes  10008ce0 f   sg_IO601_read_s_3.obj
 0001:00007d50       _mdlStart                  10008d50 f   sg_IO601_read_s_3.obj
 0001:00007e80       _mdlOutputs                10008e80 f   sg_IO601_read_s_3.obj
 0001:000083e0       _mdlTerminate              100093e0 f   sg_IO601_read_s_3.obj
 0001:000083e0       _mdlOutputs                100093e0 f   sg_IO601_read_s_3.obj
 0001:00008430       _getPciDeviceAtSlot        10009430 f   xpcruntime:xpcimports.obj
 0001:00009110       _getPciDevice              1000a110 f   xpcruntime:xpcimports.obj
 0001:0000a8e7       _doexit                    1000b8e7 f   LIBCMT:crt0dat.obj
 0001:0000ae12       ___DllMainCRTStartup       1000be12 f   LIBCMT:dllcrt0.obj
 0001:0000b7d9       __shift                    1000c7d9 f   LIBCMT:cvt.obj
 0001:0000b81e       __cftoe2_l                 1000c81e f   LIBCMT:cvt.obj
 0001:0000bddc       __cftof2_l                 1000cddc f   LIBCMT:cvt.obj
 0001:0000cb43       _write_char                1000db43 f   LIBCMT:output.obj
 0001:0000cb76       _write_string              1000db76 f   LIBCMT:output.obj
 0001:0000eab3       _flsall                    1000fab3 f   LIBCMT:fflush.obj
 0001:0000fab0       __unwind_handler4          10010ab0 f   LIBCMT:exsup4.obj
 0001:0000fbda       _siglookup                 10010bda f   LIBCMT:winsig.obj
 0001:000102c1       __onexit_nolock            100112c1 f   LIBCMT:onexit.obj
 0001:00010a16       _parse_cmdline             10011a16 f   LIBCMT:stdargv.obj
 0001:00010fed       ?CPtoLCID@@YAHH@Z          10011fed f   LIBCMT:mbctype.obj
 0001:0001101c       ?setSBCS@@YAXPAUthreadmbcinfostruct@@@Z 1001201c f   LIBCMT:mbctype.obj
 0001:00011080       ?setSBUpLow@@YAXPAUthreadmbcinfostruct@@@Z 10012080 f   LIBCMT:mbctype.obj
 0001:000112b4       ?getSystemCP@@YAHH@Z       100122b4 f   LIBCMT:mbctype.obj
 0001:00012ad0       __unwind_handler           10013ad0 f   LIBCMT:exsup.obj
 0001:00012c3a       ?x_ismbbtype_l@@YAHPAUlocaleinfo_struct@@IHH@Z 10013c3a f   LIBCMT:ismbbyte.obj
 0001:00012ca5       ?__crtLCMapStringA_stat@@YAHPAUlocaleinfo_struct@@KKPBDHPADHHH@Z 10013ca5 f   LIBCMT:a_map.obj
 0001:00012ed2       ?__crtGetStringTypeA_stat@@YAHPAUlocaleinfo_struct@@KPBDHPAGHHH@Z 10013ed2 f   LIBCMT:a_str.obj
 0001:00015005       __hw_cw                    10016005 f   LIBCMT:_ieee87_.obj
 0001:00015093       ___hw_cw_sse2              10016093 f   LIBCMT:_ieee87_.obj
