 testmodel_1109_xpc

 Timestamp is 564b464f (Tue Nov 17 16:22:55 2015)

 Preferred load address is 10000000

 Start         Length     Name                   Class
 0001:00000000 00013ecaH .text                   CODE
 0002:00000000 00000108H .idata$5                DATA
 0002:00000108 00000004H .CRT$XCA                DATA
 0002:0000010c 00000004H .CRT$XCZ                DATA
 0002:00000110 00000004H .CRT$XIA                DATA
 0002:00000114 00000014H .CRT$XIC                DATA
 0002:00000128 00000004H .CRT$XIZ                DATA
 0002:0000012c 00000004H .CRT$XPA                DATA
 0002:00000130 00000004H .CRT$XPX                DATA
 0002:00000134 00000004H .CRT$XPXA               DATA
 0002:00000138 00000004H .CRT$XPZ                DATA
 0002:0000013c 00000004H .CRT$XTA                DATA
 0002:00000140 00000004H .CRT$XTZ                DATA
 0002:00000150 000067f0H .rdata                  DATA
 0002:00006940 0000000cH .rdata$sxdata           DATA
 0002:0000694c 00000004H .rtc$IAA                DATA
 0002:00006950 00000004H .rtc$IZZ                DATA
 0002:00006954 00000004H .rtc$TAA                DATA
 0002:00006958 00000004H .rtc$TZZ                DATA
 0002:00006960 000002f4H .xdata$x                DATA
 0002:00006c54 00000014H .idata$2                DATA
 0002:00006c68 00000014H .idata$3                DATA
 0002:00006c7c 00000108H .idata$4                DATA
 0002:00006d84 000004b4H .idata$6                DATA
 0002:00007240 000000c1H .edata                  DATA
 0003:00000000 000021f0H .data                   DATA
 0003:00002200 00005164H .bss                    DATA

  Address         Publics by Value              Rva+Base       Lib:Object

 0000:00000000       __except_list              00000000     <absolute>
 0000:00000003       ___safe_se_handler_count   00000003     <absolute>
 0000:00000000       ___ImageBase               10000000     <linker-defined>
 0001:000022b0       _MdlOutputs                100032b0 f   testmodel_1109.obj
 0001:000022c0       _MdlUpdate                 100032c0 f   testmodel_1109.obj
 0001:000022d0       _MdlStart                  100032d0 f   testmodel_1109.obj
 0001:000022e0       _MdlTerminate              100032e0 f   testmodel_1109.obj
 0001:000022f0       _testmodel_1109            100032f0 f   testmodel_1109.obj
 0001:00003db0       _rtGetInfF                 10004db0 f   rtGetInf.obj
 0001:00003dd0       _rtGetMinusInfF            10004dd0 f   rtGetInf.obj
 0001:00003df0       _rtGetInf                  10004df0 f   rtGetInf.obj
 0001:00003e10       _rtGetMinusInf             10004e10 f   rtGetInf.obj
 0001:00003e30       _rtGetNaNF                 10004e30 f   rtGetNaN.obj
 0001:00003e50       _rtGetNaN                  10004e50 f   rtGetNaN.obj
 0001:00003e70       _rt_InitInfAndNaN          10004e70 f   rt_nonfinite.obj
 0001:00003ec0       _rtIsInf                   10004ec0 f   rt_nonfinite.obj
 0001:00003f00       _rtIsNaN                   10004f00 f   rt_nonfinite.obj
 0001:00003f20       _rt_ZCFcn                  10004f20 f   rt_zcfcn.obj
 0001:00003fd0       _testmodel_1109_InitializeDataMapInfo 10004fd0 f   testmodel_1109_capi.obj
 0001:00004030       _changeStepSize            10005030 f   xpctarget.obj
 0001:00004080       _DllMain@12                10005080 f   xpctarget.obj
 0001:00004090       _getrlmdlinfo              10005090 f   xpctarget.obj
 0001:00004220       _getDLMVersion             10005220 f   xpctarget.obj
 0001:00004fd0       _sg_IO601_write_s_3        10005fd0 f   sg_IO601_write_s_3.obj
 0001:00005f50       _sg_IO601_setup_s_3        10006f50 f   sg_IO601_setup_s_3.obj
 0001:00006a30       _updateDiscreteEvents      10007a30 f   xpctarget.obj
 0001:00006a30       _MdlInitializeSizes        10007a30 f   testmodel_1109.obj
 0001:00006a30       _MdlInitializeSampleTimes  10007a30 f   testmodel_1109.obj
 0001:00006a40       _sg_IO601_read_s_3         10007a40 f   sg_IO601_read_s_3.obj
 0001:00006d50       _xpcInitProcs              10007d50 f   xpcruntime:xpcimports.obj
 0001:00007a50       _GetPCIDeviceFull          10008a50 f   xpcruntime:xpcimports.obj
 0001:00007a98       _malloc                    10008a98 f   LIBCMT:malloc.obj
 0001:00007b30       _ceil                      10008b30 f   LIBCMT:_ceil_pentium4_.obj
 0001:00007b70       __ceil_pentium4            10008b70 f   LIBCMT:_ceil_pentium4_.obj
 0001:00007c4d       __cfltcvt_init             10008c4d f   LIBCMT:_fpinit_.obj
 0001:00007cad       __fpmath                   10008cad f   LIBCMT:_fpinit_.obj
 0001:00007cd0       __ftol2_sse                10008cd0 f   LIBCMT:ftol2.obj
 0001:00007cd9       __ftol2_pentium4           10008cd9 f   LIBCMT:ftol2.obj
 0001:00007cec       __ftol2_sse_excpt          10008cec f   LIBCMT:ftol2.obj
 0001:00007d06       __ftol2                    10008d06 f   LIBCMT:ftol2.obj
 0001:00007d80       _fmod                      10008d80 f   LIBCMT:_87fmod_.obj
 0001:00007d8a       __CIfmod                   10008d8a f   LIBCMT:_87fmod_.obj
 0001:00007db0       _floor                     10008db0 f   LIBCMT:_floor_pentium4_.obj
 0001:00007df0       __floor_pentium4           10008df0 f   LIBCMT:_floor_pentium4_.obj
 0001:00007ef0       _sin                       10008ef0 f   LIBCMT:_sin_.obj
 0001:00007f30       __CIsin                    10008f30 f   LIBCMT:_sin_.obj
 0001:00007f6b       __CIsin_default            10008f6b f   LIBCMT:_sin_.obj
 0001:00007f7f       __sin_default              10008f7f     LIBCMT:_sin_.obj
 0001:00008019       _printf                    10009019 f   LIBCMT:printf.obj
 0001:000080c0       __get_printf_count_output  100090c0 f   LIBCMT:printf.obj
 0001:000080e0       _memset                    100090e0 f   LIBCMT:memset.obj
 0001:0000815a       _free                      1000915a f   LIBCMT:free.obj
 0001:00008194       ___iob_func                10009194 f   LIBCMT:_file.obj
 0001:0000819a       ___initstdio               1000919a f   LIBCMT:_file.obj
 0001:0000824b       ___endstdio                1000924b f   LIBCMT:_file.obj
 0001:0000826b       __lock_file                1000926b f   LIBCMT:_file.obj
 0001:000082ac       __lock_file2               100092ac f   LIBCMT:_file.obj
 0001:000082de       __unlock_file              100092de f   LIBCMT:_file.obj
 0001:0000831a       __unlock_file2             1000931a f   LIBCMT:_file.obj
 0001:00008349       @__security_check_cookie@4 10009349 f   LIBCMT:secchk.obj
 0001:00008360       _memcpy                    10009360 f   LIBCMT:memcpy.obj
 0001:000086d0       _memmove                   100096d0 f   LIBCMT:memmove.obj
 0001:00008a31       __fclose_nolock            10009a31 f   LIBCMT:fclose.obj
 0001:00008a9e       _fclose                    10009a9e f   LIBCMT:fclose.obj
 0001:00008b12       _sprintf                   10009b12 f   LIBCMT:sprintf.obj
 0001:00008ba0       _strncat                   10009ba0 f   LIBCMT:strncat.obj
 0001:00008ce0       _strncpy                   10009ce0 f   LIBCMT:strncpy.obj
 0001:00008e04       ___crtCorExitProcess       10009e04 f   LIBCMT:crt0dat.obj
 0001:00008e2f       ___crtExitProcess          10009e2f f   LIBCMT:crt0dat.obj
 0001:00008e47       __lockexit                 10009e47 f   LIBCMT:crt0dat.obj
 0001:00008e50       __unlockexit               10009e50 f   LIBCMT:crt0dat.obj
 0001:00008e59       __init_pointers            10009e59 f   LIBCMT:crt0dat.obj
 0001:00008e8c       __initterm_e               10009e8c f   LIBCMT:crt0dat.obj
 0001:00008eb0       __cinit                    10009eb0 f   LIBCMT:crt0dat.obj
 0001:00009087       __exit                     1000a087 f   LIBCMT:crt0dat.obj
 0001:0000909d       __cexit                    1000a09d f   LIBCMT:crt0dat.obj
 0001:000090ac       __amsg_exit                1000a0ac f   LIBCMT:crt0dat.obj
 0001:000090ca       _realloc                   1000a0ca f   LIBCMT:realloc.obj
 0001:00009190       _strchr                    1000a190 f   LIBCMT:strchr.obj
 0001:00009196       ___from_strstr_to_strchr   1000a196     LIBCMT:strchr.obj
 0001:0000924e       _strncmp                   1000a24e f   LIBCMT:strncmp.obj
 0001:0000930e       __CRT_INIT@12              1000a30e f   LIBCMT:dllcrt0.obj
 0001:00009568       __DllMainCRTStartup@12     1000a568 f   LIBCMT:dllcrt0.obj
 0001:0000958b       __GET_RTERRMSG             1000a58b f   LIBCMT:crt0msg.obj
 0001:000095b1       __NMSG_WRITE               1000a5b1 f   LIBCMT:crt0msg.obj
 0001:00009760       __FF_MSGBANNER             1000a760 f   LIBCMT:crt0msg.obj
 0001:00009799       __heap_init                1000a799 f   LIBCMT:heapinit.obj
 0001:000097b7       __heap_term                1000a7b7 f   LIBCMT:heapinit.obj
 0001:000097cb       __get_errno_from_oserr     1000a7cb f   LIBCMT:dosmap.obj
 0001:0000980d       __errno                    1000a80d f   LIBCMT:dosmap.obj
 0001:00009820       ___doserrno                1000a820 f   LIBCMT:dosmap.obj
 0001:00009833       __dosmaperr                1000a833 f   LIBCMT:dosmap.obj
 0001:00009856       __initp_heap_handler       1000a856 f   LIBCMT:handler.obj
 0001:00009865       __callnewh                 1000a865 f   LIBCMT:handler.obj
 0001:0000988d       ___libm_error_support      1000a88d f   LIBCMT:_libm_error_.obj
 0001:00009b59       __sse2_mathfcns_init       1000ab59 f   LIBCMT:_mathfcns_.obj
 0001:00009b69       __ceil_default             1000ab69 f   LIBCMT:_ceil_.obj
 0001:00009c41       ??0_LocaleUpdate@@QAE@PAUlocaleinfo_struct@@@Z 1000ac41 f i LIBCMT:cvt.obj
 0001:00009cc8       __forcdecpt_l              1000acc8 f   LIBCMT:cvt.obj
 0001:00009d3c       __cropzeros_l              1000ad3c f   LIBCMT:cvt.obj
 0001:00009dbe       __positive                 1000adbe f   LIBCMT:cvt.obj
 0001:00009dda       __fassign_l                1000adda f   LIBCMT:cvt.obj
 0001:00009e1c       __fassign                  1000ae1c f   LIBCMT:cvt.obj
 0001:00009e55       __forcdecpt                1000ae55 f   LIBCMT:cvt.obj
 0001:00009e68       __cropzeros                1000ae68 f   LIBCMT:cvt.obj
 0001:00009fdc       __cftoe_l                  1000afdc f   LIBCMT:cvt.obj
 0001:0000a0a3       __cftoe                    1000b0a3 f   LIBCMT:cvt.obj
 0001:0000a0c3       __cftoa_l                  1000b0c3 f   LIBCMT:cvt.obj
 0001:0000a53c       __cftof_l                  1000b53c f   LIBCMT:cvt.obj
 0001:0000a5fd       __cftog_l                  1000b5fd f   LIBCMT:cvt.obj
 0001:0000a6ea       __cfltcvt_l                1000b6ea f   LIBCMT:cvt.obj
 0001:0000a772       __cfltcvt                  1000b772 f   LIBCMT:cvt.obj
 0001:0000a795       __initp_misc_cfltcvt_tab   1000b795 f   LIBCMT:cmiscdat.obj
 0001:0000a7b8       __setdefaultprecision      1000b7b8 f   LIBCMT:fp8.obj
 0001:0000a7e0       ___sse2_available_init     1000b7e0 f   LIBCMT:cpu_disp.obj
 0001:0000a7f0       __cintrindisp2             1000b7f0 f   LIBCMT:_87cdisp_.obj
 0001:0000a82e       __cintrindisp1             1000b82e f   LIBCMT:_87cdisp_.obj
 0001:0000a86b       __ctrandisp2               1000b86b f   LIBCMT:_87cdisp_.obj
 0001:0000a9fa       __ctrandisp1               1000b9fa f   LIBCMT:_87cdisp_.obj
 0001:0000aa2d       __fload                    1000ba2d f   LIBCMT:_87cdisp_.obj
 0001:0000aa70       __trandisp1                1000ba70 f   LIBCMT:_87disp_.obj
 0001:0000aad7       __trandisp2                1000bad7 f   LIBCMT:_87disp_.obj
 0001:0000ab63       __rttospopde               1000bb63     LIBCMT:_87disp_.obj
 0001:0000ab68       __rttospop                 1000bb68     LIBCMT:_87disp_.obj
 0001:0000ab6a       __rtnospop                 1000bb6a     LIBCMT:_87disp_.obj
 0001:0000ab6c       __rttosnpop                1000bb6c     LIBCMT:_87disp_.obj
 0001:0000ab6d       __rtnospopde               1000bb6d     LIBCMT:_87disp_.obj
 0001:0000ab74       __rtzeropop                1000bb74     LIBCMT:_87disp_.obj
 0001:0000ab76       __rtzeronpop               1000bb76     LIBCMT:_87disp_.obj
 0001:0000ab7b       __rtonepop                 1000bb7b     LIBCMT:_87disp_.obj
 0001:0000ab7d       __rtonenpop                1000bb7d     LIBCMT:_87disp_.obj
 0001:0000ab82       __tosnan1                  1000bb82     LIBCMT:_87disp_.obj
 0001:0000abad       __nosnan2                  1000bbad     LIBCMT:_87disp_.obj
 0001:0000abaf       __tosnan2                  1000bbaf     LIBCMT:_87disp_.obj
 0001:0000abd7       __nan2                     1000bbd7     LIBCMT:_87disp_.obj
 0001:0000ac16       __rtindfpop                1000bc16     LIBCMT:_87disp_.obj
 0001:0000ac18       __rtindfnpop               1000bc18     LIBCMT:_87disp_.obj
 0001:0000ac29       __rttosnpopde              1000bc29     LIBCMT:_87disp_.obj
 0001:0000ac33       __rtchsifneg               1000bc33     LIBCMT:_87disp_.obj
 0001:0000ac3a       __floor_default            1000bc3a f   LIBCMT:_floor_.obj
 0001:0000ad20       __CIsin_pentium4           1000bd20 f   LIBCMT:_sin_pentium4_.obj
 0001:0000ad38       __sin_pentium4             1000bd38     LIBCMT:_sin_pentium4_.obj
 0001:0000aef0       __twoToTOS                 1000bef0 f   LIBCMT:_common_.obj
 0001:0000af05       __load_CW                  1000bf05 f   LIBCMT:_common_.obj
 0001:0000af1c       __convertTOStoQNaN         1000bf1c f   LIBCMT:_common_.obj
 0001:0000af35       __fload_withFB             1000bf35 f   LIBCMT:_common_.obj
 0001:0000af78       __checkTOS_withFB          1000bf78 f   LIBCMT:_common_.obj
 0001:0000af8e       __fast_exit                1000bf8e f   LIBCMT:_common_.obj
 0001:0000af9b       __math_exit                1000bf9b f   LIBCMT:_common_.obj
 0001:0000afc5       __check_overflow_exit      1000bfc5 f   LIBCMT:_common_.obj
 0001:0000afd9       __check_range_exit         1000bfd9 f   LIBCMT:_common_.obj
 0001:0000b080       __startTwoArgErrorHandling 1000c080 f   LIBCMT:_genexcep_.obj
 0001:0000b097       __startOneArgErrorHandling 1000c097 f   LIBCMT:_genexcep_.obj
 0001:0000b0d3       __stbuf                    1000c0d3 f   LIBCMT:_sftbuf.obj
 0001:0000b16f       __ftbuf                    1000c16f f   LIBCMT:_sftbuf.obj
 0001:0000b24a       __output_l                 1000c24a f   LIBCMT:output.obj
 0001:0000bdf6       __initp_misc_invarg        1000cdf6 f   LIBCMT:invarg.obj
 0001:0000be05       __call_reportfault         1000ce05 f   LIBCMT:invarg.obj
 0001:0000bf2e       __invoke_watson            1000cf2e f   LIBCMT:invarg.obj
 0001:0000bf53       __invalid_parameter        1000cf53 f   LIBCMT:invarg.obj
 0001:0000bf80       __invalid_parameter_noinfo 1000cf80 f   LIBCMT:invarg.obj
 0001:0000bf90       __SEH_prolog4              1000cf90 f   LIBCMT:sehprolg4.obj
 0001:0000bfd5       __SEH_epilog4              1000cfd5 f   LIBCMT:sehprolg4.obj
 0001:0000bff0       __except_handler4          1000cff0 f   LIBCMT:chandler4.obj
 0001:0000c17f       __VEC_memzero              1000d17f f   LIBCMT:p4_memset.obj
 0001:0000c239       __set_exp                  1000d239 f   LIBCMT:_util_.obj
 0001:0000c266       __sptype                   1000d266 f   LIBCMT:_util_.obj
 0001:0000c2cc       __decomp                   1000d2cc f   LIBCMT:_util_.obj
 0001:0000c38f       __raise_exc_ex             1000d38f f   LIBCMT:_fpexcept_.obj
 0001:0000c66b       __raise_exc                1000d66b f   LIBCMT:_fpexcept_.obj
 0001:0000c68e       __handle_exc               1000d68e f   LIBCMT:_fpexcept_.obj
 0001:0000c872       __set_errno_from_matherr   1000d872 f   LIBCMT:_fpexcept_.obj
 0001:0000c89f       __errcode                  1000d89f f   LIBCMT:_fpexcept_.obj
 0001:0000c8d3       __umatherr                 1000d8d3 f   LIBCMT:_fpexcept_.obj
 0001:0000c973       __handle_qnan1             1000d973 f   LIBCMT:_fpexcept_.obj
 0001:0000c9c8       __except1                  1000d9c8 f   LIBCMT:_fpexcept_.obj
 0001:0000ca92       __statfp                   1000da92 f   LIBCMT:_fpctrl_.obj
 0001:0000caa2       __clrfp                    1000daa2 f   LIBCMT:_fpctrl_.obj
 0001:0000cab3       __ctrlfp                   1000dab3 f   LIBCMT:_fpctrl_.obj
 0001:0000cade       __set_statfp               1000dade f   LIBCMT:_fpctrl_.obj
 0001:0000cb36       ___set_fpsr_sse2           1000db36 f   LIBCMT:_fpctrl_.obj
 0001:0000cba8       __calloc_impl              1000dba8 f   LIBCMT:calloc_impl.obj
 0001:0000cc2a       __ioinit                   1000dc2a f   LIBCMT:ioinit.obj
 0001:0000ce6f       __ioterm                   1000de6f f   LIBCMT:ioinit.obj
 0001:0000cec2       __fileno                   1000dec2 f   LIBCMT:fileno.obj
 0001:0000cee8       __malloc_crt               1000dee8 f   LIBCMT:crtheap.obj
 0001:0000cf2d       __calloc_crt               1000df2d f   LIBCMT:crtheap.obj
 0001:0000cf79       __realloc_crt              1000df79 f   LIBCMT:crtheap.obj
 0001:0000cfc7       __fcloseall                1000dfc7 f   LIBCMT:closeall.obj
 0001:0000d063       __flush                    1000e063 f   LIBCMT:fflush.obj
 0001:0000d0cb       __fflush_nolock            1000e0cb f   LIBCMT:fflush.obj
 0001:0000d1ed       __flushall                 1000e1ed f   LIBCMT:fflush.obj
 0001:0000d1f6       __mtinitlocks              1000e1f6 f   LIBCMT:mlock.obj
 0001:0000d240       __mtdeletelocks            1000e240 f   LIBCMT:mlock.obj
 0001:0000d297       __unlock                   1000e297 f   LIBCMT:mlock.obj
 0001:0000d2ae       __mtinitlocknum            1000e2ae f   LIBCMT:mlock.obj
 0001:0000d370       __lock                     1000e370 f   LIBCMT:mlock.obj
 0001:0000d3a3       ___report_gsfailure        1000e3a3 f   LIBCMT:gs_report.obj
 0001:0000d4a9       __flsbuf                   1000e4a9 f   LIBCMT:_flsbuf.obj
 0001:0000d60d       __write_nolock             1000e60d f   LIBCMT:write.obj
 0001:0000dd0a       __write                    1000ed0a f   LIBCMT:write.obj
 0001:0000ddde       __VEC_memcpy               1000edde f   LIBCMT:p4_memcpy.obj
 0001:0000dee1       __close_nolock             1000eee1 f   LIBCMT:close.obj
 0001:0000df7d       __close                    1000ef7d f   LIBCMT:close.obj
 0001:0000e041       __freebuf                  1000f041 f   LIBCMT:_freebuf.obj
 0001:0000e080       __local_unwind4            1000f080 f   LIBCMT:exsup4.obj
 0001:0000e156       __seh_longjmp_unwind4@4    1000f156 f   LIBCMT:exsup4.obj
 0001:0000e172       @_EH4_CallFilterFunc@8     1000f172 f   LIBCMT:exsup4.obj
 0001:0000e189       @_EH4_TransferToHandler@8  1000f189 f   LIBCMT:exsup4.obj
 0001:0000e1a2       @_EH4_GlobalUnwind2@8      1000f1a2 f   LIBCMT:exsup4.obj
 0001:0000e1bb       @_EH4_LocalUnwind@16       1000f1bb f   LIBCMT:exsup4.obj
 0001:0000e1d2       ?terminate@@YAXXZ          1000f1d2 f   LIBCMT:hooks.obj
 0001:0000e20b       __initp_eh_hooks           1000f20b f   LIBCMT:hooks.obj
 0001:0000e21c       __initp_misc_winsig        1000f21c f   LIBCMT:winsig.obj
 0001:0000e271       ___get_sigabrt             1000f271 f   LIBCMT:winsig.obj
 0001:0000e27e       _raise                     1000f27e f   LIBCMT:winsig.obj
 0001:0000e421       __initp_misc_rand_s        1000f421 f   LIBCMT:rand_s.obj
 0001:0000e430       __initp_misc_purevirt      1000f430 f   LIBCMT:inithelp.obj
 0001:0000e43f       __encoded_null             1000f43f f   LIBCMT:tidtable.obj
 0001:0000e448       ___crtTlsAlloc@4           1000f448 f   LIBCMT:tidtable.obj
 0001:0000e451       ___set_flsgetvalue         1000f451 f   LIBCMT:tidtable.obj
 0001:0000e485       __mtterm                   1000f485 f   LIBCMT:tidtable.obj
 0001:0000e4c2       __initptd                  1000f4c2 f   LIBCMT:tidtable.obj
 0001:0000e576       __getptd_noexit            1000f576 f   LIBCMT:tidtable.obj
 0001:0000e5ef       __getptd                   1000f5ef f   LIBCMT:tidtable.obj
 0001:0000e609       __freefls@4                1000f609 f   LIBCMT:tidtable.obj
 0001:0000e738       __freeptd                  1000f738 f   LIBCMT:tidtable.obj
 0001:0000e7a6       __mtinit                   1000f7a6 f   LIBCMT:tidtable.obj
 0001:0000e9d7       ___onexitinit              1000f9d7 f   LIBCMT:onexit.obj
 0001:0000ea08       __onexit                   1000fa08 f   LIBCMT:onexit.obj
 0001:0000ea44       _atexit                    1000fa44 f   LIBCMT:onexit.obj
 0001:0000ea5b       __RTC_Initialize           1000fa5b f   LIBCMT:_initsect_.obj
 0001:0000ea81       __RTC_Terminate            1000fa81 f   LIBCMT:_initsect_.obj
 0001:0000eab0       __ValidateImageBase        1000fab0 f   LIBCMT:pesect.obj
 0001:0000eaf0       __FindPESection            1000faf0 f   LIBCMT:pesect.obj
 0001:0000eb40       __IsNonwritableInCurrentImage 1000fb40 f   LIBCMT:pesect.obj
 0001:0000ebfc       _abort                     1000fbfc f   LIBCMT:abort.obj
 0001:0000ec2f       ___crtMessageBoxW          1000fc2f f   LIBCMT:crtmboxw.obj
 0001:0000ed9b       _wcsncpy_s                 1000fd9b f   LIBCMT:wcsncpy_s.obj
 0001:0000ee68       _wcslen                    1000fe68 f   LIBCMT:wcslen.obj
 0001:0000ee83       _wcscat_s                  1000fe83 f   LIBCMT:wcscat_s.obj
 0001:0000eef8       _wcscpy_s                  1000fef8 f   LIBCMT:wcscpy_s.obj
 0001:0000ef5b       __set_error_mode           1000ff5b f   LIBCMT:errmode.obj
 0001:0000ef9a       __setenvp                  1000ff9a f   LIBCMT:stdenvp.obj
 0001:0000f210       __setargv                  10010210 f   LIBCMT:stdargv.obj
 0001:0000f2cb       ___crtGetEnvironmentStringsA 100102cb f   LIBCMT:a_env.obj
 0001:0000f362       __XcptFilter               10010362 f   LIBCMT:winxfltr.obj
 0001:0000f4ac       ___CppXcptFilter           100104ac f   LIBCMT:winxfltr.obj
 0001:0000f4cc       ___security_init_cookie    100104cc f   LIBCMT:gs_support.obj
 0001:0000f570       _strlen                    10010570 f   LIBCMT:strlen.obj
 0001:0000f5fb       __matherr                  100105fb f   LIBCMT:_matherr_.obj
 0001:0000f5fe       __frnd                     100105fe f   LIBCMT:_frnd_.obj
 0001:0000f620       _strrchr                   10010620 f   LIBCMT:strrchr.obj
 0001:0000f870       ___updatetmbcinfo          10010870 f   LIBCMT:mbctype.obj
 0001:0000f990       __setmbcp_nolock           10010990 f   LIBCMT:mbctype.obj
 0001:0000fb79       __setmbcp                  10010b79 f   LIBCMT:mbctype.obj
 0001:0000fd13       ___initmbctable            10010d13 f   LIBCMT:mbctype.obj
 0001:0000fd31       ___addlocaleref            10010d31 f   LIBCMT:localref.obj
 0001:0000fdc0       ___removelocaleref         10010dc0 f   LIBCMT:localref.obj
 0001:0000fe59       ___freetlocinfo            10010e59 f   LIBCMT:localref.obj
 0001:0000ffa4       __updatetlocinfoEx_nolock  10010fa4 f   LIBCMT:localref.obj
 0001:0000fff1       ___updatetlocinfo          10010ff1 f   LIBCMT:localref.obj
 0001:0001006a       __isdigit_l                1001106a f i LIBCMT:_ctype.obj
 0001:000100bb       _isdigit                   100110bb f i LIBCMT:_ctype.obj
 0001:000100e9       __tolower_l                100110e9 f   LIBCMT:tolower.obj
 0001:000101fe       _tolower                   100111fe f   LIBCMT:tolower.obj
 0001:0001022a       __atodbl_l                 1001122a f   LIBCMT:atodbl.obj
 0001:000102d2       __atoflt_l                 100112d2 f   LIBCMT:atodbl.obj
 0001:0001037a       _strcpy_s                  1001137a f   LIBCMT:strcpy_s.obj
 0001:000103d9       __fptostr                  100113d9 f   LIBCMT:_fptostr.obj
 0001:0001048c       ___dtold                   1001148c f   LIBCMT:_cfout_.obj
 0001:0001053f       __fltout2                  1001153f f   LIBCMT:_cfout_.obj
 0001:000105d0       __alldvrm                  100115d0 f   LIBCMT:lldvrm.obj
 0001:000106b0       __aullshr                  100116b0 f   LIBCMT:ullshr.obj
 0001:000106cf       __fptrap                   100116cf f   LIBCMT:crt0fp.obj
 0001:000106d8       __controlfp_s              100116d8 f   LIBCMT:_contrlfp_.obj
 0001:00010737       __87except                 10011737 f   LIBCMT:_87except_.obj
 0001:00010876       __isatty                   10011876 f   LIBCMT:isatty.obj
 0001:000108cc       __wctomb_s_l               100118cc f   LIBCMT:wctomb.obj
 0001:00010a21       _wctomb_s                  10011a21 f   LIBCMT:wctomb.obj
 0001:00010a3e       __isleadbyte_l             10011a3e f i LIBCMT:_wctype.obj
 0001:00010a76       _isleadbyte                10011a76 f i LIBCMT:_wctype.obj
 0001:00010a90       __aulldvrm                 10011a90 f   LIBCMT:ulldvrm.obj
 0001:00010b25       __crt_debugger_hook        10011b25 f   LIBCMT:dbghook.obj
 0001:00010b2d       __commit                   10011b2d f   LIBCMT:commit.obj
 0001:00010c06       __lseeki64_nolock          10011c06 f   LIBCMT:lseeki64.obj
 0001:00010c8b       __lseeki64                 10011c8b f   LIBCMT:lseeki64.obj
 0001:00010d75       __getbuf                   10011d75 f   LIBCMT:_getbuf.obj
 0001:00010dbe       __putwch_nolock            10011dbe f   LIBCMT:putwch.obj
 0001:00010e00       __mbtowc_l                 10011e00 f   LIBCMT:mbtowc.obj
 0001:00010f16       _mbtowc                    10011f16 f   LIBCMT:mbtowc.obj
 0001:00010f30       __alloca_probe             10011f30     LIBCMT:chkstk.obj
 0001:00010f30       __chkstk                   10011f30 f   LIBCMT:chkstk.obj
 0001:00010f5b       __free_osfhnd              10011f5b f   LIBCMT:osfinfo.obj
 0001:00010fe1       __get_osfhandle            10011fe1 f   LIBCMT:osfinfo.obj
 0001:0001104a       ___lock_fhandle            1001204a f   LIBCMT:osfinfo.obj
 0001:000110e9       __unlock_fhandle           100120e9 f   LIBCMT:osfinfo.obj
 0001:00011110       __global_unwind2           10012110 f   LIBCMT:exsup.obj
 0001:00011175       __local_unwind2            10012175 f   LIBCMT:exsup.obj
 0001:000111f9       __abnormal_termination     100121f9 f   LIBCMT:exsup.obj
 0001:0001121c       __NLG_Notify1              1001221c f   LIBCMT:exsup.obj
 0001:00011225       __NLG_Notify               10012225 f   LIBCMT:exsup.obj
 0001:0001123c       __NLG_Dispatch2            1001223c     LIBCMT:exsup.obj
 0001:0001123c       __NLG_Dispatch             1001223c     LIBCMT:exsup.obj
 0001:00011244       __NLG_Call                 10012244 f   LIBCMT:exsup.obj
 0001:00011246       __NLG_Return2              10012246     LIBCMT:exsup.obj
 0001:00011247       __freea                    10012247 f i LIBCMT:a_loc.obj
 0001:00011267       __msize                    10012267 f   LIBCMT:msize.obj
 0001:000112ed       __ismbblead                100122ed f   LIBCMT:ismbbyte.obj
 0001:000114ec       ___crtLCMapStringA         100124ec f   LIBCMT:a_map.obj
 0001:00011619       ___crtGetStringTypeA       10012619 f   LIBCMT:a_str.obj
 0001:00011659       ___free_lc_time            10012659 f   LIBCMT:inittime.obj
 0001:000119d0       ___free_lconv_num          100129d0 f   LIBCMT:initnum.obj
 0001:00011a39       ___free_lconv_mon          10012a39 f   LIBCMT:initmon.obj
 0001:00011b37       __isctype_l                10012b37 f   LIBCMT:isctype.obj
 0001:00011bef       __ld12tod                  10012bef f   LIBCMT:_intrncvt_.obj
 0001:00012140       __ld12tof                  10013140 f   LIBCMT:_intrncvt_.obj
 0001:00012691       ___strgtold12_l            10013691 f   LIBCMT:_strgtold_.obj
 0001:00012d6d       _$I10_OUTPUT               10013d6d f   LIBCMT:_x10fout_.obj
 0001:00013793       __control87                10014793 f i LIBCMT:_ieee87_.obj
 0001:00013aa5       ___initconout              10014aa5 f   LIBCMT:initcon.obj
 0001:00013ac4       ___termconout              10014ac4 f   LIBCMT:initcon.obj
 0001:00013ae0       __alloca_probe_16          10014ae0 f   LIBCMT:alloca16.obj
 0001:00013af6       __alloca_probe_8           10014af6     LIBCMT:alloca16.obj
 0001:00013b10       _strcspn                   10014b10 f   LIBCMT:strcspn.obj
 0001:00013b60       _strcmp                    10014b60 f   LIBCMT:strcmp.obj
 0001:00013bf0       _strpbrk                   10014bf0 f   LIBCMT:strpbrk.obj
 0001:00013c30       ___mtold12                 10014c30 f   LIBCMT:_mantold_.obj
 0001:00013e20       ___ascii_strnicmp          10014e20 f   LIBCMT:_strnicm.obj
 0001:00013e90       __allmul                   10014e90 f   LIBCMT:llmul.obj
 0001:00013ec4       _RtlUnwind@16              10014ec4 f   kernel32:KERNEL32.dll
 0002:00000000       __imp__GetProcAddress@8    10015000     kernel32:KERNEL32.dll
 0002:00000004       __imp__GetModuleHandleA@4  10015004     kernel32:KERNEL32.dll
 0002:00000008       __imp__HeapAlloc@12        10015008     kernel32:KERNEL32.dll
 0002:0000000c       __imp__GetLastError@0      1001500c     kernel32:KERNEL32.dll
 0002:00000010       __imp__HeapFree@12         10015010     kernel32:KERNEL32.dll
 0002:00000014       __imp__EnterCriticalSection@4 10015014     kernel32:KERNEL32.dll
 0002:00000018       __imp__LeaveCriticalSection@4 10015018     kernel32:KERNEL32.dll
 0002:0000001c       __imp__GetModuleHandleW@4  1001501c     kernel32:KERNEL32.dll
 0002:00000020       __imp__ExitProcess@4       10015020     kernel32:KERNEL32.dll
 0002:00000024       __imp__DecodePointer@4     10015024     kernel32:KERNEL32.dll
 0002:00000028       __imp__HeapReAlloc@16      10015028     kernel32:KERNEL32.dll
 0002:0000002c       __imp__WriteConsoleW@20    1001502c     kernel32:KERNEL32.dll
 0002:00000030       __imp__GetFileType@4       10015030     kernel32:KERNEL32.dll
 0002:00000034       __imp__GetStdHandle@4      10015034     kernel32:KERNEL32.dll
 0002:00000038       __imp__GetModuleFileNameW@12 10015038     kernel32:KERNEL32.dll
 0002:0000003c       __imp__GetCurrentThreadId@0 1001503c     kernel32:KERNEL32.dll
 0002:00000040       __imp__GetCommandLineA@0   10015040     kernel32:KERNEL32.dll
 0002:00000044       __imp__WriteFile@20        10015044     kernel32:KERNEL32.dll
 0002:00000048       __imp__HeapCreate@12       10015048     kernel32:KERNEL32.dll
 0002:0000004c       __imp__HeapDestroy@4       1001504c     kernel32:KERNEL32.dll
 0002:00000050       __imp__EncodePointer@4     10015050     kernel32:KERNEL32.dll
 0002:00000054       __imp__IsProcessorFeaturePresent@4 10015054     kernel32:KERNEL32.dll
 0002:00000058       __imp__UnhandledExceptionFilter@4 10015058     kernel32:KERNEL32.dll
 0002:0000005c       __imp__SetUnhandledExceptionFilter@4 1001505c     kernel32:KERNEL32.dll
 0002:00000060       __imp__IsDebuggerPresent@0 10015060     kernel32:KERNEL32.dll
 0002:00000064       __imp__TerminateProcess@8  10015064     kernel32:KERNEL32.dll
 0002:00000068       __imp__GetCurrentProcess@0 10015068     kernel32:KERNEL32.dll
 0002:0000006c       __imp__RaiseException@16   1001506c     kernel32:KERNEL32.dll
 0002:00000070       __imp__SetHandleCount@4    10015070     kernel32:KERNEL32.dll
 0002:00000074       __imp__InitializeCriticalSectionAndSpinCount@8 10015074     kernel32:KERNEL32.dll
 0002:00000078       __imp__GetStartupInfoW@4   10015078     kernel32:KERNEL32.dll
 0002:0000007c       __imp__DeleteCriticalSection@4 1001507c     kernel32:KERNEL32.dll
 0002:00000080       __imp__Sleep@4             10015080     kernel32:KERNEL32.dll
 0002:00000084       __imp__WideCharToMultiByte@32 10015084     kernel32:KERNEL32.dll
 0002:00000088       __imp__GetConsoleCP@0      10015088     kernel32:KERNEL32.dll
 0002:0000008c       __imp__GetConsoleMode@8    1001508c     kernel32:KERNEL32.dll
 0002:00000090       __imp__CloseHandle@4       10015090     kernel32:KERNEL32.dll
 0002:00000094       __imp__MultiByteToWideChar@24 10015094     kernel32:KERNEL32.dll
 0002:00000098       __imp__SetFilePointer@16   10015098     kernel32:KERNEL32.dll
 0002:0000009c       __imp__RtlUnwind@16        1001509c     kernel32:KERNEL32.dll
 0002:000000a0       __imp__LoadLibraryW@4      100150a0     kernel32:KERNEL32.dll
 0002:000000a4       __imp__TlsAlloc@0          100150a4     kernel32:KERNEL32.dll
 0002:000000a8       __imp__TlsGetValue@4       100150a8     kernel32:KERNEL32.dll
 0002:000000ac       __imp__TlsSetValue@8       100150ac     kernel32:KERNEL32.dll
 0002:000000b0       __imp__TlsFree@4           100150b0     kernel32:KERNEL32.dll
 0002:000000b4       __imp__InterlockedIncrement@4 100150b4     kernel32:KERNEL32.dll
 0002:000000b8       __imp__SetLastError@4      100150b8     kernel32:KERNEL32.dll
 0002:000000bc       __imp__InterlockedDecrement@4 100150bc     kernel32:KERNEL32.dll
 0002:000000c0       __imp__GetModuleFileNameA@12 100150c0     kernel32:KERNEL32.dll
 0002:000000c4       __imp__FreeEnvironmentStringsW@4 100150c4     kernel32:KERNEL32.dll
 0002:000000c8       __imp__GetEnvironmentStringsW@0 100150c8     kernel32:KERNEL32.dll
 0002:000000cc       __imp__QueryPerformanceCounter@4 100150cc     kernel32:KERNEL32.dll
 0002:000000d0       __imp__GetTickCount@0      100150d0     kernel32:KERNEL32.dll
 0002:000000d4       __imp__GetCurrentProcessId@0 100150d4     kernel32:KERNEL32.dll
 0002:000000d8       __imp__GetSystemTimeAsFileTime@4 100150d8     kernel32:KERNEL32.dll
 0002:000000dc       __imp__GetCPInfo@8         100150dc     kernel32:KERNEL32.dll
 0002:000000e0       __imp__GetACP@0            100150e0     kernel32:KERNEL32.dll
 0002:000000e4       __imp__GetOEMCP@0          100150e4     kernel32:KERNEL32.dll
 0002:000000e8       __imp__IsValidCodePage@4   100150e8     kernel32:KERNEL32.dll
 0002:000000ec       __imp__FlushFileBuffers@4  100150ec     kernel32:KERNEL32.dll
 0002:000000f0       __imp__SetStdHandle@8      100150f0     kernel32:KERNEL32.dll
 0002:000000f4       __imp__HeapSize@12         100150f4     kernel32:KERNEL32.dll
 0002:000000f8       __imp__LCMapStringW@24     100150f8     kernel32:KERNEL32.dll
 0002:000000fc       __imp__GetStringTypeW@16   100150fc     kernel32:KERNEL32.dll
 0002:00000100       __imp__CreateFileW@28      10015100     kernel32:KERNEL32.dll
 0002:00000104       \177KERNEL32_NULL_THUNK_DATA 10015104     kernel32:KERNEL32.dll
 0002:00000108       ___xc_a                    10015108     LIBCMT:crt0init.obj
 0002:0000010c       ___xc_z                    1001510c     LIBCMT:crt0init.obj
 0002:00000110       ___xi_a                    10015110     LIBCMT:crt0init.obj
 0002:00000128       ___xi_z                    10015128     LIBCMT:crt0init.obj
 0002:0000012c       ___xp_a                    1001512c     LIBCMT:crt0init.obj
 0002:00000138       ___xp_z                    10015138     LIBCMT:crt0init.obj
 0002:0000013c       ___xt_a                    1001513c     LIBCMT:crt0init.obj
 0002:00000140       ___xt_z                    10015140     LIBCMT:crt0init.obj
 0002:00000150       _testmodel_1109_M          10015150     testmodel_1109.obj
 0002:00000158       __real@4070000000000000    10015158     testmodel_1109.obj
 0002:00000160       __real@41efffffffe00000    10015160     testmodel_1109.obj
 0002:00000168       __real@406fe00000000000    10015168     testmodel_1109.obj
 0002:00000170       __real@40cd4c0000000000    10015170     testmodel_1109.obj
 0002:00000178       __real@4092c00000000000    10015178     testmodel_1109.obj
 0002:00000180       __real@4069000000000000    10015180     testmodel_1109.obj
 0002:00000188       __real@4024000000000000    10015188     testmodel_1109.obj
 0002:00000190       __real@401921fb54442d18    10015190     testmodel_1109.obj
 0002:00000198       __real@3ff0000000000000    10015198     testmodel_1109.obj
 0002:000001a0       __real@0000000000000000    100151a0     testmodel_1109.obj
 0002:000001a8       __real@41f0000000000000    100151a8     testmodel_1109.obj
 0002:000001b0       ??_C@_0DI@LIJLNKAJ@IO601?1ReadQueueSS?1For?5Iterator?5S@ 100151b0     testmodel_1109.obj
 0002:000001e8       ??_C@_0DI@JDLGIJMK@IO601?1ReadQueueSS?1For?5Iterator?5S@ 100151e8     testmodel_1109.obj
 0002:00000220       ??_C@_0DH@PLMBDDBB@IO601?1ReadQueueSS?1For?5Iterator?5S@ 10015220     testmodel_1109.obj
 0002:00000258       ??_C@_0DH@NAOMGANC@IO601?1ReadQueueSS?1For?5Iterator?5S@ 10015258     testmodel_1109.obj
 0002:00000290       ??_C@_0BP@LAPEOONB@IO601?1ReadQueueSS?1Read?5?$CIv3?$CJ?1p2?$AA@ 10015290     testmodel_1109.obj
 0002:000002b0       ??_C@_06KFNFIEK@?$CF15?46f?$AA@ 100152b0     testmodel_1109.obj
 0002:000002b8       ??_C@_0DI@KBIAOLEI@IO601?1ReadQueueSS?1For?5Iterator?5S@ 100152b8     testmodel_1109.obj
 0002:000002f0       __real@40f5f90000000000    100152f0     testmodel_1109.obj
 0002:000002f8       __real@c0f5f90000000000    100152f8     testmodel_1109.obj
 0002:00000300       __real@4000000000000000    10015300     testmodel_1109.obj
 0002:00000308       __real@40b3880000000000    10015308     testmodel_1109.obj
 0002:00000310       ??_C@_0DH@OCNKACFA@IO601?1ReadQueueSS?1For?5Iterator?5S@ 10015310     testmodel_1109.obj
 0002:00000348       ??_C@_0BI@PAJNFNID@Error?5creating?5scope?55?6?$AA@ 10015348     testmodel_1109.obj
 0002:00000360       ??_C@_0BI@PBFPDHLE@Error?5creating?5scope?54?6?$AA@ 10015360     testmodel_1109.obj
 0002:00000378       ??_C@_0BI@PFNCELAG@Error?5creating?5scope?52?6?$AA@ 10015378     testmodel_1109.obj
 0002:00000390       ??_C@_0BI@PHJEPFFP@Error?5creating?5scope?51?6?$AA@ 10015390     testmodel_1109.obj
 0002:000003a8       ??_C@_0BI@PDBJIJON@Error?5creating?5scope?57?6?$AA@ 100153a8     testmodel_1109.obj
 0002:000003c0       ??_C@_0BI@PCNLODNK@Error?5creating?5scope?56?6?$AA@ 100153c0     testmodel_1109.obj
 0002:000003d8       ??_C@_0BI@PEBACBDB@Error?5creating?5scope?53?6?$AA@ 100153d8     testmodel_1109.obj
 0002:000003f0       ??_C@_0CL@HICGJBBP@testmodel_1109?1IO601?1ReadQueueSS@ 100153f0     testmodel_1109.obj
 0002:0000041c       ??_C@_09OPKJHFF@Read?5?$CIv3?$CJ?$AA@ 1001541c     testmodel_1109.obj
 0002:00000428       ??_C@_0CA@DBALLENM@testmodel_1109?1IO601?1Setup?5?$CIv3?$CJ?$AA@ 10015428     testmodel_1109.obj
 0002:00000448       ??_C@_0L@DNFPLNJF@Setup?5?$CIv3?$CJ?$AA@ 10015448     testmodel_1109.obj
 0002:00000454       ??_C@_0DB@DOECDGMN@testmodel_1109?1IO601?1Velocity?5co@ 10015454     testmodel_1109.obj
 0002:00000488       ??_C@_0CF@BFJGMJAE@testmodel_1109?1IO601?1STOP?1Write?5@ 10015488     testmodel_1109.obj
 0002:000004b0       ??_C@_0CK@JIFMOKOE@testmodel_1109?1IO601?1QuitError?1W@ 100154b0     testmodel_1109.obj
 0002:000004dc       ??_C@_0DC@BJJLKKKO@testmodel_1109?1IO601?1PositionCon@ 100154dc     testmodel_1109.obj
 0002:00000510       ??_C@_0DB@DHFLHAGJ@testmodel_1109?1IO601?1PositionCon@ 10015510     testmodel_1109.obj
 0002:00000544       ??_C@_0CM@KBKPPECA@testmodel_1109?1IO601?1GetState1ms@ 10015544     testmodel_1109.obj
 0002:00000570       ??_C@_0CO@JDHIMHLK@testmodel_1109?1IO601?1DefaultConf@ 10015570     testmodel_1109.obj
 0002:000005a0       ??_C@_0L@OMDHECFH@Write?5?$CIv3?$CJ?$AA@ 100155a0     testmodel_1109.obj
 0002:000005ac       ??_C@_03HBFGMJOD@rt_?$AA@  100155ac     testmodel_1109.obj
 0002:000005b0       ??_C@_04EPKDLPPB@tout?$AA@ 100155b0     testmodel_1109.obj
 0002:000005b8       ??_C@_0BC@OJJPBDHH@FixedStepDiscrete?$AA@ 100155b8     testmodel_1109.obj
 0002:000005d0       __real@4049000000000000    100155d0     testmodel_1109.obj
 0002:000005d8       ??_C@_00CNPNBAHC@?$AA@     100155d8     testmodel_1109.obj
 0002:000005e0       __real@3f847ae147ae147b    100155e0     testmodel_1109.obj
 0002:000005e8       _CAN_DATATYPE_GROUND       100155e8     can_datatype_ground.obj
 0002:00000d00       __real@bff0000000000000    10015d00     rt_logging.obj
 0002:00000d30       ??_C@_0BI@INNPNFJN@Memory?5Allocation?5Error?$AA@ 10015d30     rtw_modelmap_utils.obj
 0002:00000d48       ??_C@_05KNFBNCOH@float?$AA@ 10015d48     testmodel_1109_capi.obj
 0002:00000d50       ??_C@_06MOLJCAAB@int8_T?$AA@ 10015d50     testmodel_1109_capi.obj
 0002:00000d58       ??_C@_0M@MPLPCMBL@signed?5char?$AA@ 10015d58     testmodel_1109_capi.obj
 0002:00000d64       ??_C@_07NCEHLPOC@uint8_T?$AA@ 10015d64     testmodel_1109_capi.obj
 0002:00000d6c       ??_C@_0O@PPAIJIHF@unsigned?5char?$AA@ 10015d6c     testmodel_1109_capi.obj
 0002:00000d7c       ??_C@_0N@HINIGIGN@CAN_DATATYPE?$AA@ 10015d7c     testmodel_1109_capi.obj
 0002:00000d8c       ??_C@_07MMLECJPG@numeric?$AA@ 10015d8c     testmodel_1109_capi.obj
 0002:00000d94       ??_C@_06CNMIJIPB@real_T?$AA@ 10015d94     testmodel_1109_capi.obj
 0002:00000d9c       ??_C@_06BNJCAIGJ@double?$AA@ 10015d9c     testmodel_1109_capi.obj
 0002:00000da4       ??_C@_0DN@CKNFONDD@IO601?1ReadQueueSS?1Counter?5Free?9R@ 10015da4     testmodel_1109_capi.obj
 0002:00000de8       ??_C@_0EL@LHHMGDBF@IO601?1ReadQueueSS?1Counter?5Free?9R@ 10015de8     testmodel_1109_capi.obj
 0002:00000e34       ??_C@_0CP@ONPOJJHG@IO601?1ReadQueueSS?1For?5Iterator?5S@ 10015e34     testmodel_1109_capi.obj
 0002:00000e64       ??_C@_0O@LILIEJBO@InitialOutput?$AA@ 10015e64     testmodel_1109_capi.obj
 0002:00000e74       ??_C@_0CP@MGNDMKLF@IO601?1ReadQueueSS?1For?5Iterator?5S@ 10015e74     testmodel_1109_capi.obj
 0002:00000ea4       ??_C@_0BB@CFEOEMDC@InitialCondition?$AA@ 10015ea4     testmodel_1109_capi.obj
 0002:00000eb8       ??_C@_09HLCHFPPJ@Threshold?$AA@ 10015eb8     testmodel_1109_capi.obj
 0002:00000ec4       ??_C@_0DE@HPCBFMO@IO601?1ReadQueueSS?1Counter?5Free?9R@ 10015ec4     testmodel_1109_capi.obj
 0002:00000ef8       ??_C@_0CC@OAEPFJKL@IO601?1Velocity?5control?1Write?5?$CIv3@ 10015ef8     testmodel_1109_capi.obj
 0002:00000f1c       ??_C@_0CA@IBEMGOHC@IO601?1Velocity?5control?1position?$AA@ 10015f1c     testmodel_1109_capi.obj
 0002:00000f3c       ??_C@_0CE@FGNODEKD@IO601?1Velocity?5control?1GetState?5@ 10015f3c     testmodel_1109_capi.obj
 0002:00000f60       ??_C@_0BO@ILNIOIHB@IO601?1Velocity?5control?1FragSt?$AA@ 10015f60     testmodel_1109_capi.obj
 0002:00000f80       ??_C@_0BO@CDFOMNGI@IO601?1Velocity?5control?1FragEn?$AA@ 10015f80     testmodel_1109_capi.obj
 0002:00000fa0       ??_C@_0BO@NDHKKNMH@IO601?1Velocity?5control?1D?9Len1?$AA@ 10015fa0     testmodel_1109_capi.obj
 0002:00000fc0       ??_C@_0BN@PNIHDMFN@IO601?1Velocity?5control?1D?9Len?$AA@ 10015fc0     testmodel_1109_capi.obj
 0002:00000fe0       ??_C@_0CB@JDPBJEI@IO601?1Velocity?5control?1Constant6@ 10015fe0     testmodel_1109_capi.obj
 0002:00001004       ??_C@_0CB@CCBCEKIL@IO601?1Velocity?5control?1Constant5@ 10016004     testmodel_1109_capi.obj
 0002:00001028       ??_C@_0BL@JNFBJJKH@IO601?1Velocity?5control?1Cmd?$AA@ 10016028     testmodel_1109_capi.obj
 0002:00001044       ??_C@_0BG@FNHHFELI@IO601?1STOP?1Write?5?$CIv3?$CJ?$AA@ 10016044     testmodel_1109_capi.obj
 0002:0000105c       ??_C@_0BH@GJKONEOJ@IO601?1STOP?1GetStateCmd?$AA@ 1001605c     testmodel_1109_capi.obj
 0002:00001074       ??_C@_0BD@IBLKFCMC@IO601?1STOP?1DataLen?$AA@ 10016074     testmodel_1109_capi.obj
 0002:00001088       ??_C@_0BF@MDIBIAHP@IO601?1STOP?1Constant1?$AA@ 10016088     testmodel_1109_capi.obj
 0002:000010a0       ??_C@_0BM@CMPCFLJF@IO601?1ReadQueueSS?1Read?5?$CIv3?$CJ?$AA@ 100160a0     testmodel_1109_capi.obj
 0002:000010bc       ??_C@_0BL@JCMBEJBC@IO601?1QuitError?1Write?5?$CIv3?$CJ?$AA@ 100160bc     testmodel_1109_capi.obj
 0002:000010d8       ??_C@_0BK@PNDPNBML@IO601?1QuitError?1Constant3?$AA@ 100160d8     testmodel_1109_capi.obj
 0002:000010f4       ??_C@_0BK@OECEOAIK@IO601?1QuitError?1Constant2?$AA@ 100160f4     testmodel_1109_capi.obj
 0002:00001110       ??_C@_0CD@LNJEGDKM@IO601?1PositionControl?51?1Write?5?$CIv@ 10016110     testmodel_1109_capi.obj
 0002:00001134       ??_C@_0CC@JBDDEPHB@IO601?1PositionControl?51?1Constant@ 10016134     testmodel_1109_capi.obj
 0002:00001158       ??_C@_0CC@NOHCNJLG@IO601?1PositionControl?51?1Constant@ 10016158     testmodel_1109_capi.obj
 0002:0000117c       ??_C@_0CC@PFFPIKHF@IO601?1PositionControl?51?1Constant@ 1001617c     testmodel_1109_capi.obj
 0002:000011a0       ??_C@_0CC@OJFGBPAP@IO601?1PositionControl?5?1Write?5?$CIv3@ 100161a0     testmodel_1109_capi.obj
 0002:000011c4       ??_C@_0CB@INBIMFIH@IO601?1PositionControl?5?1Constant5@ 100161c4     testmodel_1109_capi.obj
 0002:000011e8       ??_C@_0CB@MCFJFDEA@IO601?1PositionControl?5?1Constant2@ 100161e8     testmodel_1109_capi.obj
 0002:0000120c       ??_C@_0CB@OJHEAAID@IO601?1PositionControl?5?1Constant1@ 1001620c     testmodel_1109_capi.obj
 0002:00001230       ??_C@_0BN@KMJGEKNE@IO601?1GetState1ms?1Write?5?$CIv3?$CJ?$AA@ 10016230     testmodel_1109_capi.obj
 0002:00001250       ??_C@_0BL@DANAIEOF@IO601?1GetState1ms?1velocity?$AA@ 10016250     testmodel_1109_capi.obj
 0002:0000126c       ??_C@_0BL@FCPFGNAI@IO601?1GetState1ms?1position?$AA@ 1001626c     testmodel_1109_capi.obj
 0002:00001288       ??_C@_0BK@JOKPBPHH@IO601?1GetState1ms?1current?$AA@ 10016288     testmodel_1109_capi.obj
 0002:000012a4       ??_C@_0BM@JNIJLCEJ@IO601?1GetState1ms?1Time?5?$CIms?$CJ?$AA@ 100162a4     testmodel_1109_capi.obj
 0002:000012c0       ??_C@_0BO@CNFLBIIE@IO601?1GetState1ms?1GetStateCmd?$AA@ 100162c0     testmodel_1109_capi.obj
 0002:000012e0       ??_C@_0BK@GONGDHCE@IO601?1GetState1ms?1DataLen?$AA@ 100162e0     testmodel_1109_capi.obj
 0002:000012fc       ??_C@_0BP@MPHBHALB@IO601?1DefaultConfig?1Write?5?$CIv3?$CJ?$AA@ 100162fc     testmodel_1109_capi.obj
 0002:0000131c       ??_C@_0BO@FIGKIEHE@IO601?1DefaultConfig?1Constant6?$AA@ 1001631c     testmodel_1109_capi.obj
 0002:0000133c       ??_C@_0BO@HDEHNHLH@IO601?1DefaultConfig?1Constant5?$AA@ 1001633c     testmodel_1109_capi.obj
 0002:0000135c       ??_C@_0BO@GKFMOGPG@IO601?1DefaultConfig?1Constant4?$AA@ 1001635c     testmodel_1109_capi.obj
 0002:0000137c       ??_C@_0BO@CFBNHADB@IO601?1DefaultConfig?1Constant3?$AA@ 1001637c     testmodel_1109_capi.obj
 0002:0000139c       ??_C@_0BO@DMAGEBHA@IO601?1DefaultConfig?1Constant2?$AA@ 1001639c     testmodel_1109_capi.obj
 0002:000013bc       ??_C@_0BO@BHCLBCLD@IO601?1DefaultConfig?1Constant1?$AA@ 100163bc     testmodel_1109_capi.obj
 0002:000013dc       ??_C@_05LPIJGKJ@Value?$AA@ 100163dc     testmodel_1109_capi.obj
 0002:000013e4       ??_C@_05CLADCAAM@After?$AA@ 100163e4     testmodel_1109_capi.obj
 0002:000013ec       ??_C@_06NDPGJMFM@Before?$AA@ 100163ec     testmodel_1109_capi.obj
 0002:000013f4       ??_C@_04OKOFBOPB@Time?$AA@ 100163f4     testmodel_1109_capi.obj
 0002:000013fc       ??_C@_03PGECKHFE@P11?$AA@  100163fc     testmodel_1109_capi.obj
 0002:00001400       ??_C@_03OPFJJGBF@P10?$AA@  10016400     testmodel_1109_capi.obj
 0002:00001404       ??_C@_02GCIGIFOH@P9?$AA@   10016404     testmodel_1109_capi.obj
 0002:00001408       ??_C@_02HLJNLEKG@P8?$AA@   10016408     testmodel_1109_capi.obj
 0002:0000140c       ??_C@_02PMAFKIGJ@P7?$AA@   1001640c     testmodel_1109_capi.obj
 0002:00001410       ??_C@_02OFBOJJCI@P6?$AA@   10016410     testmodel_1109_capi.obj
 0002:00001414       ??_C@_02MODDMKOL@P5?$AA@   10016414     testmodel_1109_capi.obj
 0002:00001418       ??_C@_02NHCIPLKK@P4?$AA@   10016418     testmodel_1109_capi.obj
 0002:0000141c       ??_C@_02JIGJGNGN@P3?$AA@   1001641c     testmodel_1109_capi.obj
 0002:00001420       ??_C@_02IBHCFMCM@P2?$AA@   10016420     testmodel_1109_capi.obj
 0002:00001424       ??_C@_02KKFPAPOP@P1?$AA@   10016424     testmodel_1109_capi.obj
 0002:00001428       ??_C@_0BB@PGJCMMJJ@IO601?1Setup?5?$CIv3?$CJ?$AA@ 10016428     testmodel_1109_capi.obj
 0002:0000143c       ??_C@_0L@JNLMCMDB@PhaseDelay?$AA@ 1001643c     testmodel_1109_capi.obj
 0002:00001448       ??_C@_0L@HCJBDGGO@PulseWidth?$AA@ 10016448     testmodel_1109_capi.obj
 0002:00001454       ??_C@_06JOFJHOEH@Period?$AA@ 10016454     testmodel_1109_capi.obj
 0002:0000145c       ??_C@_09IHLJOMI@Amplitude?$AA@ 1001645c     testmodel_1109_capi.obj
 0002:00001468       ??_C@_0EB@EJLGIOPG@IO601?1ReadQueueSS?1Counter?5Free?9R@ 10016468     testmodel_1109_capi.obj
 0002:000014b0       ??_C@_0EH@FMOCDAGD@IO601?1ReadQueueSS?1Counter?5Free?9R@ 100164b0     testmodel_1109_capi.obj
 0002:000014f8       ??_C@_0DG@KDHBEPNH@IO601?1ReadQueueSS?1For?5Iterator?5S@ 100164f8     testmodel_1109_capi.obj
 0002:00001530       ??_C@_0DG@DEMKODMA@IO601?1ReadQueueSS?1For?5Iterator?5S@ 10016530     testmodel_1109_capi.obj
 0002:00001568       ??_C@_0CO@HKMJOGFB@IO601?1ReadQueueSS?1Counter?5Free?9R@ 10016568     testmodel_1109_capi.obj
 0002:00001598       ??_C@_0CB@LFAGGPLB@IO601?1Velocity?5control?1CAN?5Pack2@ 10016598     testmodel_1109_capi.obj
 0002:000015bc       ??_C@_0CB@JOCLDMHC@IO601?1Velocity?5control?1CAN?5Pack1@ 100165bc     testmodel_1109_capi.obj
 0002:000015e0       ??_C@_0CA@BOHHNBDN@IO601?1Velocity?5control?1CAN?5Pack?$AA@ 100165e0     testmodel_1109_capi.obj
 0002:00001600       ??_C@_0CA@EGOPPGJF@IO601?1Velocity?5control?1Constant?$AA@ 10016600     testmodel_1109_capi.obj
 0002:00001620       ??_C@_0CK@GHNCAFGH@IO601?1Velocity?5control?1MATLAB?5Fu@ 10016620     testmodel_1109_capi.obj
 0002:0000164c       ??_C@_0CK@EMPPFGKE@IO601?1Velocity?5control?1MATLAB?5Fu@ 1001664c     testmodel_1109_capi.obj
 0002:00001678       ??_C@_0BF@DAPJGAEB@IO601?1STOP?1CAN?5Pack2?$AA@ 10016678     testmodel_1109_capi.obj
 0002:00001690       ??_C@_0BD@LHAPKHCK@IO601?1STOP?1Product?$AA@ 10016690     testmodel_1109_capi.obj
 0002:000016a4       ??_C@_0BP@JLNJLNBC@IO601?1ReadQueueSS?1Read?5?$CIv3?$CJ?1p1?$AA@ 100166a4     testmodel_1109_capi.obj
 0002:000016c4       ??_C@_0CC@BJHHKOKD@IO601?1ReadQueueSS?1MATLAB?5Functio@ 100166c4     testmodel_1109_capi.obj
 0002:000016e8       ??_C@_0BJ@LKGAPHKE@IO601?1QuitError?1CAN?5Pack?$AA@ 100166e8     testmodel_1109_capi.obj
 0002:00001704       ??_C@_0BK@MPAJLDEJ@IO601?1QuitError?1Constant1?$AA@ 10016704     testmodel_1109_capi.obj
 0002:00001720       ??_C@_0CB@FJAIAFMF@IO601?1PositionControl?51?1CAN?5Pack@ 10016720     testmodel_1109_capi.obj
 0002:00001744       ??_C@_0CB@BJACCGN@IO601?1PositionControl?51?1Constant@ 10016744     testmodel_1109_capi.obj
 0002:00001768       ??_C@_0CA@BOODJBJE@IO601?1PositionControl?5?1CAN?5Pack?$AA@ 10016768     testmodel_1109_capi.obj
 0002:00001788       ??_C@_0CA@EGHLLGDM@IO601?1PositionControl?5?1Constant?$AA@ 10016788     testmodel_1109_capi.obj
 0002:000017a8       ??_C@_0BM@FAFEOJA@IO601?1GetState1ms?1CAN?5Pack2?$AA@ 100167a8     testmodel_1109_capi.obj
 0002:000017c4       ??_C@_0CD@ONDFNGPM@IO601?1GetState1ms?1Bitwise?5Operat@ 100167c4     testmodel_1109_capi.obj
 0002:000017e8       ??_C@_0BM@PGHNKOKO@IO601?1GetState1ms?1Constant1?$AA@ 100167e8     testmodel_1109_capi.obj
 0002:00001804       ??_C@_0BO@MPHOKBEO@IO601?1DefaultConfig?1CAN?5Pack1?$AA@ 10016804     testmodel_1109_capi.obj
 0002:00001824       ??_C@_0BN@JFOKNHAM@IO601?1DefaultConfig?1CAN?5Pack?$AA@ 10016824     testmodel_1109_capi.obj
 0002:00001844       ??_C@_0BN@MNHCPAKE@IO601?1DefaultConfig?1Constant?$AA@ 10016844     testmodel_1109_capi.obj
 0002:00001864       ??_C@_0M@CLGOOAGC@IO601?1Step5?$AA@ 10016864     testmodel_1109_capi.obj
 0002:00001870       ??_C@_0M@DCHFNBCD@IO601?1Step4?$AA@ 10016870     testmodel_1109_capi.obj
 0002:0000187c       ??_C@_0M@HNDEEHOE@IO601?1Step3?$AA@ 1001687c     testmodel_1109_capi.obj
 0002:00001888       ??_C@_0M@GECPHGKF@IO601?1Step2?$AA@ 10016888     testmodel_1109_capi.obj
 0002:00001894       ??_C@_0M@EPACCFGG@IO601?1Step1?$AA@ 10016894     testmodel_1109_capi.obj
 0002:000018a0       ??_C@_0L@IMAJDEJJ@IO601?1Step?$AA@ 100168a0     testmodel_1109_capi.obj
 0002:000018ac       ??_C@_0O@LELDHBHI@IO601?1Product?$AA@ 100168ac     testmodel_1109_capi.obj
 0002:000018bc       ??_C@_0BG@PAKNPIGK@IO601?1Pulse?5Generator?$AA@ 100168bc     testmodel_1109_capi.obj
 0002:000018d4       ??_C@_0M@CNMNLDCN@IO601?1Clock?$AA@ 100168d4     testmodel_1109_capi.obj
 0002:00002a68       _serialfifoground          10017a68     xpc_datatype_ground.obj
 0002:00002a74       _bcmsg1553ground           10017a74     xpc_datatype_ground.obj
 0002:00002a84       _bcstatground              10017a84     xpc_datatype_ground.obj
 0002:00002a9c       _bmmsg1553ground           10017a9c     xpc_datatype_ground.obj
 0002:00002aac       ??_C@_0P@OBNPAIIM@testmodel_1109?$AA@ 10017aac     xpctarget.obj
 0002:00002ac0       _ptsetfilename             10017ac0     xpctarget.obj
 0002:00002ac8       _testmodel_1109_BIO        10017ac8     xpctarget.obj
 0002:00002cd8       _testmodel_1109_LBL        10017cd8     xpctarget.obj
 0002:00002ee8       _testmodel_1109_SID        10017ee8     xpctarget.obj
 0002:000030f8       _xpcMMI                    100180f8     xpctarget.obj
 0002:00003118       _testmodel_1109_PT         10018118     xpctarget.obj
 0002:00003368       _xpcparamsMMI              10018368     xpctarget.obj
 0002:00003380       _xmlfile                   10018380     xpctarget.obj
 0002:00003388       ??_C@_0L@CHBJKKFC@xpceSetVar?$AA@ 10018388     xpctarget.obj
 0002:00003398       __real@3fb999999999999a    10018398     xpctarget.obj
 0002:000033a0       ??_C@_03MNEDIJEE@6?43?$AA@ 100183a0     xpctarget.obj
 0002:000033a8       ??_C@_0ED@LKHIFFLC@Wrong?5number?5of?5input?5arguments?5@ 100183a8     sg_IO601_write_s_3.obj
 0002:000033ec       ??_C@_0CI@NFFNBHJA@?$CFs?5?$CIbus?5?$CFd?0?5slot?5?$CFd?$CJ?3?5board?5not?5@ 100183ec     sg_IO601_write_s_3.obj
 0002:00003414       ??_C@_0BA@PEEBPDNK@Speedgoat?5IO601?$AA@ 10018414     sg_IO601_write_s_3.obj
 0002:00003428       __real@3fa999999999999a    10018428     sg_IO601_setup_s_3.obj
 0002:00003430       ??_C@_0CC@JOAAOKEM@?$CFs?3?5Failed?5to?5start?5CAN?5on?5port?5@ 10018430     sg_IO601_setup_s_3.obj
 0002:00003454       ??_C@_0CJ@GOBCKFJL@?$CFs?3?5Failed?5to?5configure?5RX?5queue@ 10018454     sg_IO601_setup_s_3.obj
 0002:00003480       ??_C@_0CM@NKLCILNM@Failed?5to?5set?5EXT?5acceptance?5mas@ 10018480     sg_IO601_setup_s_3.obj
 0002:000034ac       ??_C@_0CM@DBIFDANP@Failed?5to?5set?5EXT?5acceptance?5mas@ 100184ac     sg_IO601_setup_s_3.obj
 0002:000034d8       ??_C@_0DA@FAJCIGJF@?$CFs?3?5Failed?5to?5set?5STD?5acceptance@ 100184d8     sg_IO601_setup_s_3.obj
 0002:00003508       ??_C@_0DA@LLKFDNJG@?$CFs?3?5Failed?5to?5set?5STD?5acceptance@ 10018508     sg_IO601_setup_s_3.obj
 0002:00003538       ??_C@_0BJ@PGMEJPIO@?$CFs?3?5Failed?5to?5init?5CAN?52?$AA@ 10018538     sg_IO601_setup_s_3.obj
 0002:00003554       ??_C@_0CC@CCDBKGEL@initialize?5Speedgoat?5IO601?5CAN?52@ 10018554     sg_IO601_setup_s_3.obj
 0002:00003578       ??_C@_0CC@LFCNLJIP@?$CFs?3?5Failed?5to?5start?5CAN?5on?5port?5@ 10018578     sg_IO601_setup_s_3.obj
 0002:0000359c       ??_C@_0CJ@GMFEBLMC@?$CFs?3?5Failed?5to?5configure?5RX?5queue@ 1001859c     sg_IO601_setup_s_3.obj
 0002:000035c8       ??_C@_0CM@NIPEDFIF@Failed?5to?5set?5EXT?5acceptance?5mas@ 100185c8     sg_IO601_setup_s_3.obj
 0002:000035f4       ??_C@_0CM@DDMDIOIG@Failed?5to?5set?5EXT?5acceptance?5mas@ 100185f4     sg_IO601_setup_s_3.obj
 0002:00003620       ??_C@_0DA@FCNEDIMM@?$CFs?3?5Failed?5to?5set?5STD?5acceptance@ 10018620     sg_IO601_setup_s_3.obj
 0002:00003650       ??_C@_0DA@LJODIDMP@?$CFs?3?5Failed?5to?5set?5STD?5acceptance@ 10018650     sg_IO601_setup_s_3.obj
 0002:00003680       ??_C@_0BJ@NNOJMMEN@?$CFs?3?5Failed?5to?5init?5CAN?51?$AA@ 10018680     sg_IO601_setup_s_3.obj
 0002:0000369c       ??_C@_0CC@CAHHBIBC@initialize?5Speedgoat?5IO601?5CAN?51@ 1001869c     sg_IO601_setup_s_3.obj
 0002:000036c0       ??_C@_0BI@ODAKADLH@?$CFs?3?5wrong?5firmware?5?$CI?$CFs?$CJ?$AA@ 100186c0     sg_IO601_setup_s_3.obj
 0002:000036d8       ??_C@_04BPKHPNPF@4?418?$AA@ 100186d8     sg_IO601_setup_s_3.obj
 0002:000036e0       ??_C@_04JKHJFPGD@4?427?$AA@ 100186e0     sg_IO601_setup_s_3.obj
 0002:000036e8       ??_C@_0CE@JCCAPNGC@IO601?3?5Failed?5to?5stop?5CAN?5on?5por@ 100186e8     sg_IO601_setup_s_3.obj
 0002:0000370c       ??_C@_0CE@LJANKOKB@IO601?3?5Failed?5to?5stop?5CAN?5on?5por@ 1001870c     sg_IO601_setup_s_3.obj
 0002:00003730       ??_C@_0CF@PNCKPEHN@sendToAsyncQueueTgtAppSvc?5not?5fo@ 10018730     xpcruntime:xpcimports.obj
 0002:00003758       ??_C@_0BK@IDACEHAO@sendToAsyncQueueTgtAppSvc?$AA@ 10018758     xpcruntime:xpcimports.obj
 0002:00003774       ??_C@_0CK@NDEMAMKF@terminateToAsyncQueueTgtAppSvc?5n@ 10018774     xpcruntime:xpcimports.obj
 0002:000037a0       ??_C@_0BP@IJNGPPPE@terminateToAsyncQueueTgtAppSvc?$AA@ 100187a0     xpcruntime:xpcimports.obj
 0002:000037c0       ??_C@_0CG@JGOFFKEL@startToAsyncQueueTgtAppSvc?5not?5f@ 100187c0     xpcruntime:xpcimports.obj
 0002:000037e8       ??_C@_0BL@CDFCLKOL@startToAsyncQueueTgtAppSvc?$AA@ 100187e8     xpcruntime:xpcimports.obj
 0002:00003804       ??_C@_0BK@NEKDLJHG@getStatusFlags?5not?5found?6?$AA@ 10018804     xpcruntime:xpcimports.obj
 0002:00003820       ??_C@_0P@GDLHFECE@getStatusFlags?$AA@ 10018820     xpcruntime:xpcimports.obj
 0002:00003830       ??_C@_0BK@NCECBKNM@getCommService?5not?5found?6?$AA@ 10018830     xpcruntime:xpcimports.obj
 0002:0000384c       ??_C@_0P@KIKONDKK@getCommService?$AA@ 1001884c     xpcruntime:xpcimports.obj
 0002:0000385c       ??_C@_0BM@MPLCNIIE@getMemoryService?5not?5found?6?$AA@ 1001885c     xpcruntime:xpcimports.obj
 0002:00003878       ??_C@_0BB@LCMHHHFN@getMemoryService?$AA@ 10018878     xpcruntime:xpcimports.obj
 0002:0000388c       ??_C@_0BI@NHJNFMKH@xpceaddEvent?5not?5found?6?$AA@ 1001888c     xpcruntime:xpcimports.obj
 0002:000038a4       ??_C@_0N@IGGLCIGE@xpceaddEvent?$AA@ 100188a4     xpcruntime:xpcimports.obj
 0002:000038b4       ??_C@_0BH@OINCDMLA@StreamVideo?5not?5found?6?$AA@ 100188b4     xpcruntime:xpcimports.obj
 0002:000038cc       ??_C@_0M@MFJEGMHC@StreamVideo?$AA@ 100188cc     xpcruntime:xpcimports.obj
 0002:000038d8       ??_C@_0BM@DBJBPLEL@StopVideoDisplay?5not?5found?6?$AA@ 100188d8     xpcruntime:xpcimports.obj
 0002:000038f4       ??_C@_0BB@JBBLMILG@StopVideoDisplay?$AA@ 100188f4     xpcruntime:xpcimports.obj
 0002:00003908       ??_C@_0BN@EFIEBGOO@StartVideoDisplay?5not?5found?6?$AA@ 10018908     xpcruntime:xpcimports.obj
 0002:00003928       ??_C@_0BC@HCMIMIDN@StartVideoDisplay?$AA@ 10018928     xpcruntime:xpcimports.obj
 0002:0000393c       ??_C@_0BP@FMGLJAIJ@DestroyVideoDisplay?5not?5found?6?$AA@ 1001893c     xpcruntime:xpcimports.obj
 0002:0000395c       ??_C@_0BE@KJCKGPHA@DestroyVideoDisplay?$AA@ 1001895c     xpcruntime:xpcimports.obj
 0002:00003970       ??_C@_0BO@HPPLLNFP@CreateVideoDisplay?5not?5found?6?$AA@ 10018970     xpcruntime:xpcimports.obj
 0002:00003990       ??_C@_0BD@NKCBPBJJ@CreateVideoDisplay?$AA@ 10018990     xpcruntime:xpcimports.obj
 0002:000039a4       ??_C@_0BJ@PHJKOAFL@ConvertUImage?5not?5found?6?$AA@ 100189a4     xpcruntime:xpcimports.obj
 0002:000039c0       ??_C@_0O@MCPKDLLL@ConvertUImage?$AA@ 100189c0     xpcruntime:xpcimports.obj
 0002:000039d0       ??_C@_0BF@NKGKKADL@StopVideo?5not?5found?6?$AA@ 100189d0     xpcruntime:xpcimports.obj
 0002:000039e8       ??_C@_09FAHCLKAG@StopVideo?$AA@ 100189e8     xpcruntime:xpcimports.obj
 0002:000039f4       ??_C@_0BL@JHGHPNBI@ReadFrameBuffer?5not?5found?6?$AA@ 100189f4     xpcruntime:xpcimports.obj
 0002:00003a10       ??_C@_0BA@FDNPOCLN@ReadFrameBuffer?$AA@ 10018a10     xpcruntime:xpcimports.obj
 0002:00003a20       ??_C@_0BG@HDCELEBP@StartVideo?5not?5found?6?$AA@ 10018a20     xpcruntime:xpcimports.obj
 0002:00003a38       ??_C@_0L@GBAEMHMH@StartVideo?$AA@ 10018a38     xpcruntime:xpcimports.obj
 0002:00003a44       ??_C@_0BL@DALDHKHC@GetVideoConfigs?5not?5found?6?$AA@ 10018a44     xpcruntime:xpcimports.obj
 0002:00003a60       ??_C@_0BA@PLPAPNAB@GetVideoConfigs?$AA@ 10018a60     xpcruntime:xpcimports.obj
 0002:00003a70       ??_C@_0BO@POKLDHMI@FindUsbVideoDevice?5not?5found?6?$AA@ 10018a70     xpcruntime:xpcimports.obj
 0002:00003a90       ??_C@_0BD@MFNDMBOF@FindUsbVideoDevice?$AA@ 10018a90     xpcruntime:xpcimports.obj
 0002:00003aa4       ??_C@_0BP@OFNCKOJH@xpceDeleteSemaphore?5not?5found?6?$AA@ 10018aa4     xpcruntime:xpcimports.obj
 0002:00003ac4       ??_C@_0BE@MEBEKOIM@xpceDeleteSemaphore?$AA@ 10018ac4     xpcruntime:xpcimports.obj
 0002:00003ad8       ??_C@_0BP@LBANMHJP@xpceSignalSemaphore?5not?5found?6?$AA@ 10018ad8     xpcruntime:xpcimports.obj
 0002:00003af8       ??_C@_0BE@NNDIOBKE@xpceSignalSemaphore?$AA@ 10018af8     xpcruntime:xpcimports.obj
 0002:00003b0c       ??_C@_0BN@NMFAADIO@xpceWaitSemaphore?5not?5found?6?$AA@ 10018b0c     xpcruntime:xpcimports.obj
 0002:00003b2c       ??_C@_0BC@IFNIONKJ@xpceWaitSemaphore?$AA@ 10018b2c     xpcruntime:xpcimports.obj
 0002:00003b40       ??_C@_0BP@KFBAFFKJ@xpceCreateSemaphore?5not?5found?6?$AA@ 10018b40     xpcruntime:xpcimports.obj
 0002:00003b60       ??_C@_0BE@IIGBFDHK@xpceCreateSemaphore?$AA@ 10018b60     xpcruntime:xpcimports.obj
 0002:00003b74       ??_C@_0BK@KGPJBJND@TBGiveSpinFast?5not?5found?6?$AA@ 10018b74     xpcruntime:xpcimports.obj
 0002:00003b90       ??_C@_0P@FKNAAELA@TBGiveSpinFast?$AA@ 10018b90     xpcruntime:xpcimports.obj
 0002:00003ba0       ??_C@_0BK@NKAIBHGB@TBTakeSpinFast?5not?5found?6?$AA@ 10018ba0     xpcruntime:xpcimports.obj
 0002:00003bbc       ??_C@_0P@DAHDDBJG@TBTakeSpinFast?$AA@ 10018bbc     xpcruntime:xpcimports.obj
 0002:00003bcc       ??_C@_0BI@BKCPAAG@TBDeleteSpin?5not?5found?6?$AA@ 10018bcc     xpcruntime:xpcimports.obj
 0002:00003be4       ??_C@_0N@HOAJHNBD@TBDeleteSpin?$AA@ 10018be4     xpcruntime:xpcimports.obj
 0002:00003bf4       ??_C@_0BI@FHKMLKOE@TBCreateSpin?5not?5found?6?$AA@ 10018bf4     xpcruntime:xpcimports.obj
 0002:00003c0c       ??_C@_0N@LKKJEKKA@TBCreateSpin?$AA@ 10018c0c     xpcruntime:xpcimports.obj
 0002:00003c1c       ??_C@_0BH@FBOPECBI@xpcBusyWait?5not?5found?6?$AA@ 10018c1c     xpcruntime:xpcimports.obj
 0002:00003c34       ??_C@_0M@ICBLMODA@xpcBusyWait?$AA@ 10018c34     xpcruntime:xpcimports.obj
 0002:00003c40       ??_C@_0BN@OEOAHCIO@xpcGetElapsedTime?5not?5found?6?$AA@ 10018c40     xpcruntime:xpcimports.obj
 0002:00003c60       ??_C@_0BC@JGKNLICL@xpcGetElapsedTime?$AA@ 10018c60     xpcruntime:xpcimports.obj
 0002:00003c74       ??_C@_0CB@PKJEBPOG@xpcFreePhysicalMemory?5not?5found?6@ 10018c74     xpcruntime:xpcimports.obj
 0002:00003c98       ??_C@_0BG@CBNPGAEL@xpcFreePhysicalMemory?$AA@ 10018c98     xpcruntime:xpcimports.obj
 0002:00003cb0       ??_C@_0CC@MOJPNHKL@xpcAllocPhysicalMemory?5not?5found@ 10018cb0     xpcruntime:xpcimports.obj
 0002:00003cd4       ??_C@_0BH@KJJLCAOJ@xpcAllocPhysicalMemory?$AA@ 10018cd4     xpcruntime:xpcimports.obj
 0002:00003cec       ??_C@_0BK@DHEMLBIM@xpcIsModelInit?5not?5found?6?$AA@ 10018cec     xpcruntime:xpcimports.obj
 0002:00003d08       ??_C@_0P@OKGNGAGH@xpcIsModelInit?$AA@ 10018d08     xpcruntime:xpcimports.obj
 0002:00003d18       ??_C@_0BI@FHPFHECO@xpceUDPClose?5not?5found?6?$AA@ 10018d18     xpcruntime:xpcimports.obj
 0002:00003d30       ??_C@_0N@IEHPMFME@xpceUDPClose?$AA@ 10018d30     xpcruntime:xpcimports.obj
 0002:00003d40       ??_C@_0BK@OPJMLDLH@xpceUDPReceive?5not?5found?6?$AA@ 10018d40     xpcruntime:xpcimports.obj
 0002:00003d5c       ??_C@_0P@PLFDECIN@xpceUDPReceive?$AA@ 10018d5c     xpcruntime:xpcimports.obj
 0002:00003d6c       ??_C@_0BH@NOIKLPAB@xpceUDPSend?5not?5found?6?$AA@ 10018d6c     xpcruntime:xpcimports.obj
 0002:00003d84       ??_C@_0M@OFPFLJGN@xpceUDPSend?$AA@ 10018d84     xpcruntime:xpcimports.obj
 0002:00003d90       ??_C@_0BO@IFKJBHKC@xpceUDPOpenReceive?5not?5found?6?$AA@ 10018d90     xpcruntime:xpcimports.obj
 0002:00003db0       ??_C@_0BD@BCELJJJL@xpceUDPOpenReceive?$AA@ 10018db0     xpcruntime:xpcimports.obj
 0002:00003dc4       ??_C@_0BL@HNLPFEK@xpceUDPOpenSend?5not?5found?6?$AA@ 10018dc4     xpcruntime:xpcimports.obj
 0002:00003de0       ??_C@_0BA@FHMIOKFL@xpceUDPOpenSend?$AA@ 10018de0     xpcruntime:xpcimports.obj
 0002:00003df0       ??_C@_0BG@HNOFBOB@xpceGetTET?5not?5found?6?$AA@ 10018df0     xpcruntime:xpcimports.obj
 0002:00003e08       ??_C@_0L@OCBLLHBM@xpceGetTET?$AA@ 10018e08     xpcruntime:xpcimports.obj
 0002:00003e14       ??_C@_0BM@OABDBKAO@xpceGetParamDims?5not?5found?6?$AA@ 10018e14     xpcruntime:xpcimports.obj
 0002:00003e30       ??_C@_0BB@CEIJLFCD@xpceGetParamDims?$AA@ 10018e30     xpcruntime:xpcimports.obj
 0002:00003e44       ??_C@_0BM@POHNKBC@xpceGetParameter?5not?5found?6?$AA@ 10018e44     xpcruntime:xpcimports.obj
 0002:00003e60       ??_C@_0BB@GNFDFMCM@xpceGetParameter?$AA@ 10018e60     xpcruntime:xpcimports.obj
 0002:00003e74       ??_C@_0BM@BJIKDLHA@xpceSetParameter?5not?5found?6?$AA@ 10018e74     xpcruntime:xpcimports.obj
 0002:00003e90       ??_C@_0BB@BJONJAGA@xpceSetParameter?$AA@ 10018e90     xpcruntime:xpcimports.obj
 0002:00003ea4       ??_C@_0BO@GCBDJHMB@xpceGetSignalValue?5not?5found?6?$AA@ 10018ea4     xpcruntime:xpcimports.obj
 0002:00003ec4       ??_C@_0BD@PCKOKHO@xpceGetSignalValue?$AA@ 10018ec4     xpcruntime:xpcimports.obj
 0002:00003ed8       ??_C@_0BK@KNBNFIKH@rl32eSendBlock?5not?5found?6?$AA@ 10018ed8     xpcruntime:xpcimports.obj
 0002:00003ef4       ??_C@_0P@MDMKIJF@rl32eSendBlock?$AA@ 10018ef4     xpcruntime:xpcimports.obj
 0002:00003f04       ??_C@_0BL@PLIDKKGI@rl32eLineStatus?5not?5found?6?$AA@ 10018f04     xpcruntime:xpcimports.obj
 0002:00003f20       ??_C@_0BA@CFIJOJPK@rl32eLineStatus?$AA@ 10018f20     xpcruntime:xpcimports.obj
 0002:00003f30       ??_C@_0CD@LNMOFLAH@rl32eReceiveBufferCount?5not?5foun@ 10018f30     xpcruntime:xpcimports.obj
 0002:00003f54       ??_C@_0BI@PKEJFHMJ@rl32eReceiveBufferCount?$AA@ 10018f54     xpcruntime:xpcimports.obj
 0002:00003f6c       ??_C@_0BM@HGAIOAND@rl32eReceiveChar?5not?5found?6?$AA@ 10018f6c     xpcruntime:xpcimports.obj
 0002:00003f88       ??_C@_0BB@OMFKCOEK@rl32eReceiveChar?$AA@ 10018f88     xpcruntime:xpcimports.obj
 0002:00003f9c       ??_C@_0BJ@JCJKDACJ@rl32eSendChar?5not?5found?6?$AA@ 10018f9c     xpcruntime:xpcimports.obj
 0002:00003fb8       ??_C@_0O@LLJGKFOG@rl32eSendChar?$AA@ 10018fb8     xpcruntime:xpcimports.obj
 0002:00003fc8       ??_C@_0BN@KCOFELEM@rl32eCloseCOMPort?5not?5found?6?$AA@ 10018fc8     xpcruntime:xpcimports.obj
 0002:00003fe8       ??_C@_0BC@CHEEFCP@rl32eCloseCOMPort?$AA@ 10018fe8     xpcruntime:xpcimports.obj
 0002:00003ffc       ??_C@_0BM@DDJGKAHB@rl32eInitCOMPort?5not?5found?6?$AA@ 10018ffc     xpcruntime:xpcimports.obj
 0002:00004018       ??_C@_0BB@FCHHFAAH@rl32eInitCOMPort?$AA@ 10019018     xpcruntime:xpcimports.obj
 0002:0000402c       ??_C@_0CC@CDNDNJBJ@xpceAssignPCIInterrupt?5not?5found@ 1001902c     xpcruntime:xpcimports.obj
 0002:00004050       ??_C@_0BH@OKBOPNFG@xpceAssignPCIInterrupt?$AA@ 10019050     xpcruntime:xpcimports.obj
 0002:00004068       ??_C@_0CB@BBKIPMLA@rl32eGetPCIInfoAtSlot?5not?5found?6@ 10019068     xpcruntime:xpcimports.obj
 0002:0000408c       ??_C@_0BG@NJPFKFDP@rl32eGetPCIInfoAtSlot?$AA@ 1001908c     xpcruntime:xpcimports.obj
 0002:000040a4       ??_C@_0BL@IGOMLDCK@rl32eGetPCIInfo?5not?5found?6?$AA@ 100190a4     xpcruntime:xpcimports.obj
 0002:000040c0       ??_C@_0BA@BGPAADB@rl32eGetPCIInfo?$AA@ 100190c0     xpcruntime:xpcimports.obj
 0002:000040d0       ??_C@_0BM@IFDMAGLO@rl32eShowPCIInfo?5not?5found?6?$AA@ 100190d0     xpcruntime:xpcimports.obj
 0002:000040ec       ??_C@_0BB@KBCOJPFB@rl32eShowPCIInfo?$AA@ 100190ec     xpcruntime:xpcimports.obj
 0002:00004100       ??_C@_0BL@DDFFLNHI@rl32eShowPCIDev?5not?5found?6?$AA@ 10019100     xpcruntime:xpcimports.obj
 0002:0000411c       ??_C@_0BA@JGPMHGAF@rl32eShowPCIDev?$AA@ 1001911c     xpcruntime:xpcimports.obj
 0002:0000412c       ??_C@_0CC@KAAAGPI@xpcReserveMemoryRegion?5not?5found@ 1001912c     xpcruntime:xpcimports.obj
 0002:00004150       ??_C@_0BH@EHOLELHH@xpcReserveMemoryRegion?$AA@ 10019150     xpcruntime:xpcimports.obj
 0002:00004168       ??_C@_0BF@GJKLPNHB@xpcOutpDW?5not?5found?6?$AA@ 10019168     xpcruntime:xpcimports.obj
 0002:00004180       ??_C@_09FLIEKHJG@xpcOutpDW?$AA@ 10019180     xpcruntime:xpcimports.obj
 0002:0000418c       ??_C@_0BE@NLIFDBGM@xpcOutpW?5not?5found?6?$AA@ 1001918c     xpcruntime:xpcimports.obj
 0002:000041a0       ??_C@_08MOOJAOHK@xpcOutpW?$AA@ 100191a0     xpcruntime:xpcimports.obj
 0002:000041ac       ??_C@_0BE@HCKNCEKF@xpcOutpB?5not?5found?6?$AA@ 100191ac     xpcruntime:xpcimports.obj
 0002:000041c0       ??_C@_08PJFMOIGO@xpcOutpB?$AA@ 100191c0     xpcruntime:xpcimports.obj
 0002:000041cc       ??_C@_0BE@PIELDNIL@xpcInpDW?5not?5found?6?$AA@ 100191cc     xpcruntime:xpcimports.obj
 0002:000041e0       ??_C@_08KDIAJBOP@xpcInpDW?$AA@ 100191e0     xpcruntime:xpcimports.obj
 0002:000041ec       ??_C@_0BD@FPCJFMCC@xpcInpW?5not?5found?6?$AA@ 100191ec     xpcruntime:xpcimports.obj
 0002:00004200       ??_C@_07KIHBBOKH@xpcInpW?$AA@ 10019200     xpcruntime:xpcimports.obj
 0002:00004208       ??_C@_0BD@PGABEJOL@xpcInpB?5not?5found?6?$AA@ 10019208     xpcruntime:xpcimports.obj
 0002:0000421c       ??_C@_07JPMEPILD@xpcInpB?$AA@ 1001921c     xpcruntime:xpcimports.obj
 0002:00004224       ??_C@_0BK@HONODOKP@xpceFTSubtract?5not?5found?6?$AA@ 10019224     xpcruntime:xpcimports.obj
 0002:00004240       ??_C@_0P@KEODBLHO@xpceFTSubtract?$AA@ 10019240     xpcruntime:xpcimports.obj
 0002:00004250       ??_C@_0BF@FJLEIILA@xpceFTAdd?5not?5found?6?$AA@ 10019250     xpcruntime:xpcimports.obj
 0002:00004268       ??_C@_09PHNHCHFH@xpceFTAdd?$AA@ 10019268     xpcruntime:xpcimports.obj
 0002:00004274       ??_C@_0BK@NMABIODN@xpceFTReadTime?5not?5found?6?$AA@ 10019274     xpcruntime:xpcimports.obj
 0002:00004290       ??_C@_0P@CPGPNKEB@xpceFTReadTime?$AA@ 10019290     xpcruntime:xpcimports.obj
 0002:000042a0       ??_C@_0BN@DCAIKFFD@xpceDeRegisterISR?5not?5found?6?$AA@ 100192a0     xpcruntime:xpcimports.obj
 0002:000042c0       ??_C@_0BC@NLBADGKF@xpceDeRegisterISR?$AA@ 100192c0     xpcruntime:xpcimports.obj
 0002:000042d4       ??_C@_0BL@NNDLOEJE@xpceRegisterISR?5not?5found?6?$AA@ 100192d4     xpcruntime:xpcimports.obj
 0002:000042f0       ??_C@_0BA@IJINKAHF@xpceRegisterISR?$AA@ 100192f0     xpcruntime:xpcimports.obj
 0002:00004300       ??_C@_0BK@NJCKNFPN@xpceScopeAcqOK?5not?5found?6?$AA@ 10019300     xpcruntime:xpcimports.obj
 0002:0000431c       ??_C@_0P@IEIIADJB@xpceScopeAcqOK?$AA@ 1001931c     xpcruntime:xpcimports.obj
 0002:0000432c       ??_C@_0CD@LLBEFFBO@rl32eRestartAcquisition?5not?5foun@ 1001932c     xpcruntime:xpcimports.obj
 0002:00004350       ??_C@_0BI@JAPOIDNG@rl32eRestartAcquisition?$AA@ 10019350     xpcruntime:xpcimports.obj
 0002:00004368       ??_C@_0CE@JLGHCFHI@rl32eSetTargetScopeSigFt?5not?5fou@ 10019368     xpcruntime:xpcimports.obj
 0002:0000438c       ??_C@_0BJ@LIDLNDHC@rl32eSetTargetScopeSigFt?$AA@ 1001938c     xpcruntime:xpcimports.obj
 0002:000043a8       ??_C@_0BP@JCHFMKPJ@rl32eSetTargetScope?5not?5found?6?$AA@ 100193a8     xpcruntime:xpcimports.obj
 0002:000043c8       ??_C@_0BE@DLACEEJM@rl32eSetTargetScope?$AA@ 100193c8     xpcruntime:xpcimports.obj
 0002:000043dc       ??_C@_0BK@JODJPNNH@xpceFSScopeSet?5not?5found?6?$AA@ 100193dc     xpcruntime:xpcimports.obj
 0002:000043f8       ??_C@_0P@IKMCBMHH@xpceFSScopeSet?$AA@ 100193f8     xpcruntime:xpcimports.obj
 0002:00004408       ??_C@_0BJ@JCLHHIN@rl32eSetScope?5not?5found?6?$AA@ 10019408     xpcruntime:xpcimports.obj
 0002:00004424       ??_C@_0O@CFDGALBP@rl32eSetScope?$AA@ 10019424     xpcruntime:xpcimports.obj
 0002:00004434       ??_C@_0BM@LGAMBAID@rl32eGetSignalNo?5not?5found?6?$AA@ 10019434     xpcruntime:xpcimports.obj
 0002:00004450       ??_C@_0BB@LDMIHGCE@rl32eGetSignalNo?$AA@ 10019450     xpcruntime:xpcimports.obj
 0002:00004464       ??_C@_0BK@GMJAJBAI@rl32eAddSignal?5not?5found?6?$AA@ 10019464     xpcruntime:xpcimports.obj
 0002:00004480       ??_C@_0P@CKNKILDP@rl32eAddSignal?$AA@ 10019480     xpcruntime:xpcimports.obj
 0002:00004490       ??_C@_0BJ@CDNOENKA@rl32eDefScope?5not?5found?6?$AA@ 10019490     xpcruntime:xpcimports.obj
 0002:000044ac       ??_C@_0O@BNNGKJEA@rl32eDefScope?$AA@ 100194ac     xpcruntime:xpcimports.obj
 0002:000044bc       ??_C@_0BM@FJBFEGFG@rl32eScopeExists?5not?5found?6?$AA@ 100194bc     xpcruntime:xpcimports.obj
 0002:000044d8       ??_C@_0BB@BNNCEDPC@rl32eScopeExists?$AA@ 100194d8     xpcruntime:xpcimports.obj
 0002:00004538       __FPinit                   10019538     LIBCMT:_fpinit_.obj
 0002:00004540       __OP_FMODjmptab            10019540     LIBCMT:_87fmod_.obj
 0002:000045e0       ??_C@_0P@MIGLKIOC@CorExitProcess?$AA@ 100195e0     LIBCMT:crt0dat.obj
 0002:000045f0       ??_C@_1BI@BGOHAHKC@?$AAm?$AAs?$AAc?$AAo?$AAr?$AAe?$AAe?$AA?4?$AAd?$AAl?$AAl?$AA?$AA@ 100195f0     LIBCMT:crt0dat.obj
 0002:00004608       ??_C@_15IABLJNFO@?$AA?6?$AA?6?$AA?$AA@ 10019608     LIBCMT:wassert.obj
 0002:00004610       ??_C@_13LBAGMAIH@?$AA?6?$AA?$AA@ 10019610     LIBCMT:wassert.obj
 0002:00004614       ??_C@_17LGKOMLJ@?$AA?4?$AA?4?$AA?4?$AA?$AA@ 10019614     LIBCMT:wassert.obj
 0002:00004620       ??_C@_1EK@MBDPDCGA@?$AAM?$AAi?$AAc?$AAr?$AAo?$AAs?$AAo?$AAf?$AAt?$AA?5?$AAV?$AAi?$AAs?$AAu?$AAa?$AAl?$AA?5?$AAC?$AA?$CL?$AA?$CL?$AA?5?$AAR?$AAu?$AAn?$AAt?$AAi?$AAm?$AAe?$AA?5?$AAL?$AAi?$AAb@ 10019620     LIBCMT:wassert.obj
 0002:0000466c       ??_C@_1CO@EAEJAADC@?$AA?$DM?$AAp?$AAr?$AAo?$AAg?$AAr?$AAa?$AAm?$AA?5?$AAn?$AAa?$AAm?$AAe?$AA?5?$AAu?$AAn?$AAk?$AAn?$AAo?$AAw?$AAn?$AA?$DO?$AA?$AA@ 1001966c     LIBCMT:wassert.obj
 0002:0000469c       __pRawDllMain              1001969c     LIBCMT:dllcrt0.obj
 0002:0000469c       __pDefaultRawDllMain       1001969c     LIBCMT:dllcrt0.obj
 0002:000046a0       ??_C@_1BO@BKOMIGKJ@?$AAr?$AAu?$AAn?$AAt?$AAi?$AAm?$AAe?$AA?5?$AAe?$AAr?$AAr?$AAo?$AAr?$AA?5?$AA?$AA@ 100196a0     LIBCMT:crt0msg.obj
 0002:000046c0       ??_C@_15JNBOKNOG@?$AA?$AN?$AA?6?$AA?$AA@ 100196c0     LIBCMT:crt0msg.obj
 0002:000046c8       ??_C@_1BM@JBBEPPHI@?$AAT?$AAL?$AAO?$AAS?$AAS?$AA?5?$AAe?$AAr?$AAr?$AAo?$AAr?$AA?$AN?$AA?6?$AA?$AA@ 100196c8     LIBCMT:crt0msg.obj
 0002:000046e4       ??_C@_1BK@KMOMNAAI@?$AAS?$AAI?$AAN?$AAG?$AA?5?$AAe?$AAr?$AAr?$AAo?$AAr?$AA?$AN?$AA?6?$AA?$AA@ 100196e4     LIBCMT:crt0msg.obj
 0002:00004700       ??_C@_1BO@BFCDCGC@?$AAD?$AAO?$AAM?$AAA?$AAI?$AAN?$AA?5?$AAe?$AAr?$AAr?$AAo?$AAr?$AA?$AN?$AA?6?$AA?$AA@ 10019700     LIBCMT:crt0msg.obj
 0002:00004720       ??_C@_1BOO@KGEDBGAJ@?$AAR?$AA6?$AA0?$AA3?$AA3?$AA?$AN?$AA?6?$AA?9?$AA?5?$AAA?$AAt?$AAt?$AAe?$AAm?$AAp?$AAt?$AA?5?$AAt?$AAo?$AA?5?$AAu?$AAs?$AAe?$AA?5?$AAM?$AAS?$AAI?$AAL?$AA?5?$AAc?$AAo?$AAd@ 10019720     LIBCMT:crt0msg.obj
 0002:00004910       ??_C@_1GG@GOPILAJP@?$AAR?$AA6?$AA0?$AA3?$AA2?$AA?$AN?$AA?6?$AA?9?$AA?5?$AAn?$AAo?$AAt?$AA?5?$AAe?$AAn?$AAo?$AAu?$AAg?$AAh?$AA?5?$AAs?$AAp?$AAa?$AAc?$AAe?$AA?5?$AAf?$AAo?$AAr?$AA?5?$AAl?$AAo@ 10019910     LIBCMT:crt0msg.obj
 0002:00004978       ??_C@_1MG@ENCOOIDF@?$AAR?$AA6?$AA0?$AA3?$AA1?$AA?$AN?$AA?6?$AA?9?$AA?5?$AAA?$AAt?$AAt?$AAe?$AAm?$AAp?$AAt?$AA?5?$AAt?$AAo?$AA?5?$AAi?$AAn?$AAi?$AAt?$AAi?$AAa?$AAl?$AAi?$AAz?$AAe?$AA?5?$AAt@ 10019978     LIBCMT:crt0msg.obj
 0002:00004a40       ??_C@_1DO@BMFCDCD@?$AAR?$AA6?$AA0?$AA3?$AA0?$AA?$AN?$AA?6?$AA?9?$AA?5?$AAC?$AAR?$AAT?$AA?5?$AAn?$AAo?$AAt?$AA?5?$AAi?$AAn?$AAi?$AAt?$AAi?$AAa?$AAl?$AAi?$AAz?$AAe?$AAd?$AA?$AN?$AA?6?$AA?$AA@ 10019a40     LIBCMT:crt0msg.obj
 0002:00004a80       ??_C@_1EK@HHFLMAOL@?$AAR?$AA6?$AA0?$AA2?$AA8?$AA?$AN?$AA?6?$AA?9?$AA?5?$AAu?$AAn?$AAa?$AAb?$AAl?$AAe?$AA?5?$AAt?$AAo?$AA?5?$AAi?$AAn?$AAi?$AAt?$AAi?$AAa?$AAl?$AAi?$AAz?$AAe?$AA?5?$AAh?$AAe@ 10019a80     LIBCMT:crt0msg.obj
 0002:00004ad0       ??_C@_1GK@MFGOKLAG@?$AAR?$AA6?$AA0?$AA2?$AA7?$AA?$AN?$AA?6?$AA?9?$AA?5?$AAn?$AAo?$AAt?$AA?5?$AAe?$AAn?$AAo?$AAu?$AAg?$AAh?$AA?5?$AAs?$AAp?$AAa?$AAc?$AAe?$AA?5?$AAf?$AAo?$AAr?$AA?5?$AAl?$AAo@ 10019ad0     LIBCMT:crt0msg.obj
 0002:00004b40       ??_C@_1GK@MCAAGJMO@?$AAR?$AA6?$AA0?$AA2?$AA6?$AA?$AN?$AA?6?$AA?9?$AA?5?$AAn?$AAo?$AAt?$AA?5?$AAe?$AAn?$AAo?$AAu?$AAg?$AAh?$AA?5?$AAs?$AAp?$AAa?$AAc?$AAe?$AA?5?$AAf?$AAo?$AAr?$AA?5?$AAs?$AAt@ 10019b40     LIBCMT:crt0msg.obj
 0002:00004bb0       ??_C@_1EM@MAADIHMB@?$AAR?$AA6?$AA0?$AA2?$AA5?$AA?$AN?$AA?6?$AA?9?$AA?5?$AAp?$AAu?$AAr?$AAe?$AA?5?$AAv?$AAi?$AAr?$AAt?$AAu?$AAa?$AAl?$AA?5?$AAf?$AAu?$AAn?$AAc?$AAt?$AAi?$AAo?$AAn?$AA?5?$AAc@ 10019bb0     LIBCMT:crt0msg.obj
 0002:00004c00       ??_C@_1GK@FHCKBEFA@?$AAR?$AA6?$AA0?$AA2?$AA4?$AA?$AN?$AA?6?$AA?9?$AA?5?$AAn?$AAo?$AAt?$AA?5?$AAe?$AAn?$AAo?$AAu?$AAg?$AAh?$AA?5?$AAs?$AAp?$AAa?$AAc?$AAe?$AA?5?$AAf?$AAo?$AAr?$AA?5?$AA_?$AAo@ 10019c00     LIBCMT:crt0msg.obj
 0002:00004c70       ??_C@_1FC@ECHBIFBC@?$AAR?$AA6?$AA0?$AA1?$AA9?$AA?$AN?$AA?6?$AA?9?$AA?5?$AAu?$AAn?$AAa?$AAb?$AAl?$AAe?$AA?5?$AAt?$AAo?$AA?5?$AAo?$AAp?$AAe?$AAn?$AA?5?$AAc?$AAo?$AAn?$AAs?$AAo?$AAl?$AAe?$AA?5@ 10019c70     LIBCMT:crt0msg.obj
 0002:00004cc8       ??_C@_1EC@JIBHAOPH@?$AAR?$AA6?$AA0?$AA1?$AA8?$AA?$AN?$AA?6?$AA?9?$AA?5?$AAu?$AAn?$AAe?$AAx?$AAp?$AAe?$AAc?$AAt?$AAe?$AAd?$AA?5?$AAh?$AAe?$AAa?$AAp?$AA?5?$AAe?$AAr?$AAr?$AAo?$AAr?$AA?$AN?$AA?6@ 10019cc8     LIBCMT:crt0msg.obj
 0002:00004d10       ??_C@_1FK@BEOGODMC@?$AAR?$AA6?$AA0?$AA1?$AA7?$AA?$AN?$AA?6?$AA?9?$AA?5?$AAu?$AAn?$AAe?$AAx?$AAp?$AAe?$AAc?$AAt?$AAe?$AAd?$AA?5?$AAm?$AAu?$AAl?$AAt?$AAi?$AAt?$AAh?$AAr?$AAe?$AAa?$AAd?$AA?5@ 10019d10     LIBCMT:crt0msg.obj
 0002:00004d70       ??_C@_1FI@LOGNIKDM@?$AAR?$AA6?$AA0?$AA1?$AA6?$AA?$AN?$AA?6?$AA?9?$AA?5?$AAn?$AAo?$AAt?$AA?5?$AAe?$AAn?$AAo?$AAu?$AAg?$AAh?$AA?5?$AAs?$AAp?$AAa?$AAc?$AAe?$AA?5?$AAf?$AAo?$AAr?$AA?5?$AAt?$AAh@ 10019d70     LIBCMT:crt0msg.obj
 0002:00004dc8       ??_C@_1EG@BEHAGFJD@?$AAR?$AA6?$AA0?$AA1?$AA0?$AA?$AN?$AA?6?$AA?9?$AA?5?$AAa?$AAb?$AAo?$AAr?$AAt?$AA?$CI?$AA?$CJ?$AA?5?$AAh?$AAa?$AAs?$AA?5?$AAb?$AAe?$AAe?$AAn?$AA?5?$AAc?$AAa?$AAl?$AAl?$AAe?$AAd@ 10019dc8     LIBCMT:crt0msg.obj
 0002:00004e10       ??_C@_1FI@HONFMGBI@?$AAR?$AA6?$AA0?$AA0?$AA9?$AA?$AN?$AA?6?$AA?9?$AA?5?$AAn?$AAo?$AAt?$AA?5?$AAe?$AAn?$AAo?$AAu?$AAg?$AAh?$AA?5?$AAs?$AAp?$AAa?$AAc?$AAe?$AA?5?$AAf?$AAo?$AAr?$AA?5?$AAe?$AAn@ 10019e10     LIBCMT:crt0msg.obj
 0002:00004e68       ??_C@_1FE@LLNEDJMD@?$AAR?$AA6?$AA0?$AA0?$AA8?$AA?$AN?$AA?6?$AA?9?$AA?5?$AAn?$AAo?$AAt?$AA?5?$AAe?$AAn?$AAo?$AAu?$AAg?$AAh?$AA?5?$AAs?$AAp?$AAa?$AAc?$AAe?$AA?5?$AAf?$AAo?$AAr?$AA?5?$AAa?$AAr@ 10019e68     LIBCMT:crt0msg.obj
 0002:00004ec0       ??_C@_1FK@PGACCAFB@?$AAR?$AA6?$AA0?$AA0?$AA2?$AA?$AN?$AA?6?$AA?9?$AA?5?$AAf?$AAl?$AAo?$AAa?$AAt?$AAi?$AAn?$AAg?$AA?5?$AAp?$AAo?$AAi?$AAn?$AAt?$AA?5?$AAs?$AAu?$AAp?$AAp?$AAo?$AAr?$AAt?$AA?5@ 10019ec0     LIBCMT:crt0msg.obj
 0002:00004fd0       ??_C@_1DE@JNGNBFGO@?$AAR?$AAu?$AAn?$AAt?$AAi?$AAm?$AAe?$AA?5?$AAE?$AAr?$AAr?$AAo?$AAr?$AA?$CB?$AA?6?$AA?6?$AAP?$AAr?$AAo?$AAg?$AAr?$AAa?$AAm?$AA?3?$AA?5?$AA?$AA@ 10019fd0     LIBCMT:crt0msg.obj
 0002:00005070       ??_C@_03IIINPABG@tan?$AA@  1001a070     LIBCMT:_libm_error_.obj
 0002:00005074       ??_C@_03LALBNOCG@cos?$AA@  1001a074     LIBCMT:_libm_error_.obj
 0002:00005078       ??_C@_03BLEJJJBH@sin?$AA@  1001a078     LIBCMT:_libm_error_.obj
 0002:0000507c       ??_C@_04EHEDPDJG@modf?$AA@ 1001a07c     LIBCMT:_libm_error_.obj
 0002:00005084       ??_C@_05PBJFFIGL@floor?$AA@ 1001a084     LIBCMT:_libm_error_.obj
 0002:0000508c       ??_C@_04GFPJNGEK@ceil?$AA@ 1001a08c     LIBCMT:_libm_error_.obj
 0002:00005094       ??_C@_04MLLJIGOK@atan?$AA@ 1001a094     LIBCMT:_libm_error_.obj
 0002:0000509c       ??_C@_05EOHGHCHD@exp10?$AA@ 1001a09c     LIBCMT:_libm_error_.obj
 0002:000050a4       ??_C@_04PDIFKINK@acos?$AA@ 1001a0a4     LIBCMT:_libm_error_.obj
 0002:000050ac       ??_C@_04FIHNOPOL@asin?$AA@ 1001a0ac     LIBCMT:_libm_error_.obj
 0002:000050b4       ??_C@_03MGHMBJCF@log?$AA@  1001a0b4     LIBCMT:_libm_error_.obj
 0002:000050b8       ??_C@_05HGHHAHAP@log10?$AA@ 1001a0b8     LIBCMT:_libm_error_.obj
 0002:000050c0       ??_C@_03KHJOGHMM@exp?$AA@  1001a0c0     LIBCMT:_libm_error_.obj
 0002:000050c4       ??_C@_03JGHBODFD@pow?$AA@  1001a0c4     LIBCMT:_libm_error_.obj
 0002:000050c8       ??_C@_05KLBDPFGC@e?$CL000?$AA@ 1001a0c8     LIBCMT:cvt.obj
 0002:00005100       __indefinite               1001a100     LIBCMT:_87disp_.obj
 0002:0000510a       __piby2                    1001a10a     LIBCMT:_87disp_.obj
 0002:000059d8       __DEFAULT_CW_in_mem        1001a9d8     LIBCMT:_common_.obj
[...]
 0002:00006c68       __NULL_IMPORT_DESCRIPTOR   1001bc68     kernel32:KERNEL32.dll
 0003:00000368       _testmodel_1109_P          1001d368     testmodel_1109_data.obj
 0003:00000d70       _pci20041digout            1001dd70     xpctarget.obj
 0003:00000d74       _nipcdio24cnfg             1001dd74     xpctarget.obj
 0003:00000d78       _rtddm6604cnfg             1001dd78     xpctarget.obj
 0003:00000e60       _DefaultCOMIOBase          1001de60     xpcruntime:xpcimports.obj
 0003:00000e70       _DefaultCOMIRQ             1001de70     xpcruntime:xpcimports.obj
 0003:00000e80       __fltused                  1001de80     LIBCMT:_fpinit_.obj
 0003:00000e84       __ldused                   1001de84     LIBCMT:_fpinit_.obj
 0003:00000ea0       __iob                      1001dea0     LIBCMT:_file.obj
 0003:00001120       ___security_cookie         1001e120     LIBCMT:gs_cookie.obj
 0003:00001124       ___security_cookie_complement 1001e124     LIBCMT:gs_cookie.obj
 0003:00001304       __cfltcvt_tab              1001e304     LIBCMT:cmiscdat.obj
 0003:00001340       ___nullstring              1001e340     LIBCMT:output.obj
 0003:00001344       ___wnullstring             1001e344     LIBCMT:output.obj
 0003:00001350       __d_inf                    1001e350     LIBCMT:_util_.obj
 0003:00001358       __d_ind                    1001e358     LIBCMT:_util_.obj
 0003:00001360       __d_max                    1001e360     LIBCMT:_util_.obj
 0003:00001368       __d_min                    1001e368     LIBCMT:_util_.obj
 0003:00001370       __d_mzero                  1001e370     LIBCMT:_util_.obj
 0003:00001480       ___badioinfo               1001e480     LIBCMT:ioinit.obj
 0003:000015e0       __lookuptrailbytes         1001e5e0     LIBCMT:read.obj
 0003:000016e0       ___flsindex                1001e6e0     LIBCMT:tidtable.obj
 0003:000016e4       ___getvalueindex           1001e6e4     LIBCMT:tidtable.obj
 0003:000016e8       ___abort_behavior          1001e6e8     LIBCMT:abort.obj
 0003:000016f0       __matherr_flag             1001e6f0     LIBCMT:_matherr_.obj
 0003:00001700       ___initialmbcinfo          1001e700     LIBCMT:mbctype.obj
 0003:00001920       __mbctype                  1001e920     LIBCMT:mbctype.obj
 0003:00001a28       __mbcasemap                1001ea28     LIBCMT:mbctype.obj
 0003:00001b28       ___ptmbcinfo               1001eb28     LIBCMT:mbctype.obj
 0003:00001c20       ___globallocalestatus      1001ec20     LIBCMT:glstatus.obj
 0003:00001c24       ___clocalestr              1001ec24     LIBCMT:nlsdata2.obj
 0003:00001c28       ___lc_time_c               1001ec28     LIBCMT:nlsdata2.obj
 0003:00001d90       ___initiallocinfo          1001ed90     LIBCMT:nlsdata2.obj
 0003:00001e68       ___ptlocinfo               1001ee68     LIBCMT:nlsdata2.obj
 0003:00001e70       __NLG_Destination          1001ee70     LIBCMT:exsup.obj
 0003:00001e80       ___lconv_static_decimal    1001ee80     LIBCMT:lconv.obj
 0003:00001e84       ___lconv_static_W_decimal  1001ee84     LIBCMT:lconv.obj
 0003:00001e88       ___lconv_c                 1001ee88     LIBCMT:lconv.obj
 0003:00001ed8       ___lconv                   1001eed8     LIBCMT:lconv.obj
 0003:00001edc       __pctype                   1001eedc     LIBCMT:ctype.obj
 0003:00001ee0       __pwctype                  1001eee0     LIBCMT:ctype.obj
 0003:00001f18       __confh                    1001ef18     LIBCMT:initcon.obj
 0003:00001f20       ___mb_cur_max              1001ef20     LIBCMT:nlsdata1.obj
 0003:00001f24       ___decimal_point           1001ef24     LIBCMT:nlsdata1.obj
 0003:00001f28       ___decimal_point_length    1001ef28     LIBCMT:nlsdata1.obj
 0003:00001f30       __pow10pos                 1001ef30     LIBCMT:_constpow_.obj
 0003:00002090       __pow10neg                 1001f090     LIBCMT:_constpow_.obj
 0003:00002258       _pci20098PortA             1001f258     xpctarget.obj
 0003:0000225c       _pci20098PortB             1001f25c     xpctarget.obj
 0003:00002260       _siepowercan_firmware_initialized 1001f260     xpctarget.obj
 0003:00002264       _siepowercan_port1_configured 1001f264     xpctarget.obj
 0003:00002268       _siepowercan_port2_configured 1001f268     xpctarget.obj
 0003:0000226c       _CANAC2_FIRMWARE_LOADED    1001f26c     xpctarget.obj
 0003:00002270       _rs232ports                1001f270     xpctarget.obj
 0003:00002280       _NI_AT_MIO_16F_5_commreg2  1001f280     xpctarget.obj
 0003:00002284       _RTD_DM6430_init           1001f284     xpctarget.obj
 0003:00002288       _RTD_DM6420_init           1001f288     xpctarget.obj
 0003:0000228c       _CANAC2_FIRMWARE_LOADED_mb1 1001f28c     xpctarget.obj
 0003:00002290       _CANAC2_FIRMWARE_LOADED_mb2 1001f290     xpctarget.obj
 0003:00002294       _CANAC2_FIRMWARE_LOADED_mb3 1001f294     xpctarget.obj
 0003:00002298       _xmlsize                   1001f298     xpctarget.obj
 0003:000025a0       ___fastflag                1001f5a0     LIBCMT:_fpinit_.obj
 0003:000025a8       __cflush                   1001f5a8     LIBCMT:_file.obj
 0003:000025ac       __umaskval                 1001f5ac     LIBCMT:crt0dat.obj
 0003:000025b0       ___argc                    1001f5b0     LIBCMT:crt0dat.obj
 0003:000025b4       ___argv                    1001f5b4     LIBCMT:crt0dat.obj
 0003:000025b8       ___wargv                   1001f5b8     LIBCMT:crt0dat.obj
 0003:000025bc       __environ                  1001f5bc     LIBCMT:crt0dat.obj
 0003:000025c0       ___initenv                 1001f5c0     LIBCMT:crt0dat.obj
 0003:000025c4       __wenviron                 1001f5c4     LIBCMT:crt0dat.obj
 0003:000025c8       ___winitenv                1001f5c8     LIBCMT:crt0dat.obj
 0003:000025cc       __pgmptr                   1001f5cc     LIBCMT:crt0dat.obj
 0003:000025d0       __wpgmptr                  1001f5d0     LIBCMT:crt0dat.obj
 0003:000025d4       __exitflag                 1001f5d4     LIBCMT:crt0dat.obj
 0003:000025d8       __C_Termination_Done       1001f5d8     LIBCMT:crt0dat.obj
 0003:000025dc       __C_Exit_Done              1001f5dc     LIBCMT:crt0dat.obj
 0003:000025e4       __aenvptr                  1001f5e4     LIBCMT:dllcrt0.obj
 0003:000025e8       __wenvptr                  1001f5e8     LIBCMT:dllcrt0.obj
 0003:000025ec       ___error_mode              1001f5ec     LIBCMT:dllcrt0.obj
 0003:000025f0       ___app_type                1001f5f0     LIBCMT:dllcrt0.obj
 0003:00002c20       __crtheap                  1001fc20     LIBCMT:heapinit.obj
 0003:00002c24       ?_pnhHeap@@3P6AHI@ZA       1001fc24     LIBCMT:handler.obj
 0003:00002c28       __newmode                  1001fc28     LIBCMT:_newmode.obj
 0003:00002c30       __stdbuf                   1001fc30     LIBCMT:_sftbuf.obj
 0003:00002c38       ___pInvalidArgHandler      1001fc38     LIBCMT:invarg.obj
 0003:00002c3c       __maxwait                  1001fc3c     LIBCMT:crtheap.obj
 0003:000030b4       ?__pInconsistency@@3P6AXXZA 100200b4     LIBCMT:hooks.obj
 0003:000030d0       ___pPurecall               100200d0     LIBCMT:inithelp.obj
 0003:000030d4       _gpFlsAlloc                100200d4     LIBCMT:tidtable.obj
 0003:000030d8       _gpFlsGetValue             100200d8     LIBCMT:tidtable.obj
 0003:000030dc       _gpFlsSetValue             100200dc     LIBCMT:tidtable.obj
 0003:000030e0       _gpFlsFree                 100200e0     LIBCMT:tidtable.obj
 0003:00003204       ___mbulinfo                10020204     LIBCMT:mbctype.obj
 0003:00003210       ___mbcodepage              10020210     LIBCMT:mbctype.obj
 0003:00003214       ___ismbcodepage            10020214     LIBCMT:mbctype.obj
 0003:00003218       ___mblcid                  10020218     LIBCMT:mbctype.obj
 0003:0000321c       __outputformat             1002021c     LIBCMT:outputformat.obj
 0003:00003220       __commode                  10020220     LIBCMT:ncommode.obj
 0003:00003224       ___lconv_static_null       10020224     LIBCMT:lconv.obj
 0003:00003228       ___lconv_static_W_null     10020228     LIBCMT:lconv.obj
 0003:0000322c       ___locale_changed          1002022c     LIBCMT:setlocal.obj
 0003:00003230       __fmode                    10020230     LIBCMT:txtmode.obj
 0003:00003240       _ptrWritePointer2          10020240     <common>
 0003:00003250       _ptrWritePointer1          10020250     <common>
 0003:00003260       _rtInf                     10020260     <common>
 0003:00003268       _rtMinusInfF               10020268     <common>
 0003:0000326c       _rtInfF                    1002026c     <common>
 0003:00003270       _rtMinusInf                10020270     <common>
 0003:00003278       _rtNaN                     10020278     <common>
 0003:00003280       _rtNaNF                    10020280     <common>
 0003:000032a0       _testmodel_1109_DW         100202a0     <common>
 0003:000033a0       _testmodel_1109_B          100203a0     <common>
 0003:00003658       _testmodel_1109_PrevZCX    10020658     <common>
 0003:00003660       _testmodel_1109_M_         10020660     <common>
 0003:000060e8       _xpcInpB                   100230e8     <common>
 0003:000060ec       _rl32eReceiveChar          100230ec     <common>
 0003:000060f0       _xpceUDPClose              100230f0     <common>
 0003:000060f4       _rl32eScopeExists          100230f4     <common>
 0003:000060f8       _CreateVideoDisplay        100230f8     <common>
 0003:000060fc       _xpceCreateSemaphore       100230fc     <common>
 0003:00006100       _xpceSetParameter          10023100     <common>
 0003:00006104       _TBTakeSpinFast            10023104     <common>
 0003:00006108       _xpcGetElapsedTime         10023108     <common>
 0003:0000610c       _xpceUDPSend               1002310c     <common>
 0003:00006110       _rl32eSetTargetScope       10023110     <common>
 0003:00006114       _rl32eAddSignal            10023114     <common>
 0003:00006118       _xpceAssignPCIInterrupt    10023118     <common>
 0003:0000611c       _xpceSignalSemaphore       1002311c     <common>
 0003:00006120       _StartVideo                10023120     <common>
 0003:00006124       _startToAsyncQueueTgtAppSvc 10023124     <common>
 0003:00006128       _rl32eSetTargetScopeSigFt  10023128     <common>
 0003:0000612c       _rl32eSetScope             1002312c     <common>
 0003:00006130       _xpceUDPOpenReceive        10023130     <common>
 0003:00006134       _xpcReserveMemoryRegion    10023134     <common>
 0003:00006138       _getCommService            10023138     <common>
 0003:0000613c       _rl32eGetPCIInfoAtSlot     1002313c     <common>
 0003:00006140       _GetVideoConfigs           10023140     <common>
 0003:00006144       _rl32eReceiveBufferCount   10023144     <common>
 0003:00006148       _rl32eSendBlock            10023148     <common>
 0003:0000614c       _StartVideoDisplay         1002314c     <common>
 0003:00006150       _ReadFrameBuffer           10023150     <common>
 0003:00006154       _xpceDeRegisterISR         10023154     <common>
 0003:00006158       _xpceFSScopeSet            10023158     <common>
 0003:0000615c       _rl32eCloseCOMPort         1002315c     <common>
 0003:00006160       _TBDeleteSpin              10023160     <common>
 0003:00006164       _rl32eRestartAcquisition   10023164     <common>
 0003:00006168       _rl32eDefScope             10023168     <common>
 0003:0000616c       _rl32eShowPCIInfo          1002316c     <common>
 0003:00006170       _xpcOutpB                  10023170     <common>
 0003:00006174       _xpceWaitSemaphore         10023174     <common>
 0003:00006178       _rl32eSendChar             10023178     <common>
 0003:0000617c       _sendToAsyncQueueTgtAppSvc 1002317c     <common>
 0003:00006180       _xpceDeleteSemaphore       10023180     <common>
 0003:00006184       _getStatusFlags            10023184     <common>
 0003:00006188       _rl32eGetSignalNo          10023188     <common>
 0003:0000618c       _xpceGetTET                1002318c     <common>
 0003:00006190       _xpceGetParameter          10023190     <common>
 0003:00006194       _StopVideo                 10023194     <common>
 0003:00006198       _getMemoryService          10023198     <common>
 0003:0000619c       _terminateToAsyncQueueTgtAppSvc 1002319c     <common>
 0003:000061a0       _xpcBusyWait               100231a0     <common>
 0003:000061a4       _FindUsbVideoDevice        100231a4     <common>
 0003:000061a8       _xpceaddEvent              100231a8     <common>
 0003:000061ac       _rl32eLineStatus           100231ac     <common>
 0003:000061b0       _ConvertUImage             100231b0     <common>
 0003:000061b4       _xpceGetParamDims          100231b4     <common>
 0003:000061b8       _xpcIsModelInit            100231b8     <common>
 0003:000061bc       _xpceFTReadTime            100231bc     <common>
 0003:000061c0       _rl32eGetPCIInfo           100231c0     <common>
 0003:000061c4       _DestroyVideoDisplay       100231c4     <common>
 0003:000061c8       _xpceUDPReceive            100231c8     <common>
 0003:000061cc       _xpceFTSubtract            100231cc     <common>
 0003:000061d0       _TBCreateSpin              100231d0     <common>
 0003:000061d4       _rl32eShowPCIDev           100231d4     <common>
 0003:000061d8       _xpceFTAdd                 100231d8     <common>
 0003:000061dc       _xpcFreePhysicalMemory     100231dc     <common>
 0003:000061e0       _xpcAllocPhysicalMemory    100231e0     <common>
 0003:000061e4       _StreamVideo               100231e4     <common>
 0003:000061e8       _xpceScopeAcqOK            100231e8     <common>
 0003:000061ec       _xpcInpDW                  100231ec     <common>
 0003:000061f0       _xpcOutpDW                 100231f0     <common>
 0003:000061f4       _rl32eInitCOMPort          100231f4     <common>
 0003:000061f8       _StopVideoDisplay          100231f8     <common>
 0003:000061fc       _xpcOutpW                  100231fc     <common>
 0003:00006200       _xpceGetSignalValue        10023200     <common>
 0003:00006204       _xpceUDPOpenSend           10023204     <common>
 0003:00006208       _xpcInpW                   10023208     <common>
 0003:0000620c       _TBGiveSpinFast            1002320c     <common>
 0003:00006210       _xpceRegisterISR           10023210     <common>
 0003:00006214       __debugger_hook_dummy      10023214     <common>
 0003:00006218       __nhandle                  10023218     <common>
 0003:00006220       ___pioinfo                 10023220     <common>
 0003:00006320       __pDestructExceptionObject 10023320     <common>
 0003:00006324       ___sse2_available          10023324     <common>
 0003:00006328       ___use_sse2_mathfcns       10023328     <common>
 0003:0000632c       __pmatherr                 1002332c     <common>
 0003:00006330       __acmdln                   10023330     <common>
 0003:00006334       ___env_initialized         10023334     <common>
 0003:00006338       ___onexitend               10023338     <common>
 0003:0000633c       ___onexitbegin             1002333c     <common>
 0003:00006340       ___mbctype_initialized     10023340     <common>
 0003:00006344       ___dyn_tls_init_callback   10023344     <common>
 0003:00006348       ___piob                    10023348     <common>
 0003:00006360       __bufin                    10023360     <common>
 0003:00007360       __nstream                  10024360     <common>

 entry point at        0001:00009568

 Static symbols

 0001:00000000       _testmodel_1109_output     10001000 f   testmodel_1109.obj
 0001:000015b0       _testmodel_1109_update     100025b0 f   testmodel_1109.obj
 0001:00001680       _testmodel_1109_initialize 10002680 f   testmodel_1109.obj
 0001:00002200       _testmodel_1109_terminate  10003200 f   testmodel_1109.obj
 0001:00004230       _zffbcd1020c               10005230 f   sg_IO601_write_s_3.obj
 0001:000043b0       _z50a448c4af               100053b0 f   sg_IO601_write_s_3.obj
 0001:00004550       _mdlInitializeSizes        10005550 f   sg_IO601_write_s_3.obj
 0001:000046e0       _mdlInitializeSampleTimes  100056e0 f   sg_IO601_write_s_3.obj
 0001:00004750       _mdlStart                  10005750 f   sg_IO601_write_s_3.obj
 0001:00004b40       _mdlOutputs                10005b40 f   sg_IO601_write_s_3.obj
 0001:00004db0       _mdlTerminate              10005db0 f   sg_IO601_write_s_3.obj
 0001:00005010       _z2521217c2d               10006010 f   sg_IO601_setup_s_3.obj
 0001:000050a0       _z36e52286a2               100060a0 f   sg_IO601_setup_s_3.obj
 0001:000050d0       _z2cb48b8ffe               100060d0 f   sg_IO601_setup_s_3.obj
 0001:00005110       _z49452fc13f               10006110 f   sg_IO601_setup_s_3.obj
 0001:00005190       _mdlInitializeSizes        10006190 f   sg_IO601_setup_s_3.obj
 0001:00005200       _mdlInitializeSampleTimes  10006200 f   sg_IO601_setup_s_3.obj
 0001:00005220       _mdlStart                  10006220 f   sg_IO601_setup_s_3.obj
 0001:00005e30       _mdlTerminate              10006e30 f   sg_IO601_setup_s_3.obj
 0001:00005f90       _z825df60379               10006f90 f   sg_IO601_read_s_3.obj
 0001:000061e0       _mdlInitializeSizes        100071e0 f   sg_IO601_read_s_3.obj
 0001:00006330       _mdlInitializeSampleTimes  10007330 f   sg_IO601_read_s_3.obj
 0001:000063a0       _mdlStart                  100073a0 f   sg_IO601_read_s_3.obj
 0001:000064d0       _mdlOutputs                100074d0 f   sg_IO601_read_s_3.obj
 0001:00006a30       _mdlTerminate              10007a30 f   sg_IO601_read_s_3.obj
 0001:00006a30       _mdlOutputs                10007a30 f   sg_IO601_read_s_3.obj
 0001:00006a80       _getPciDeviceAtSlot        10007a80 f   xpcruntime:xpcimports.obj
 0001:00007760       _getPciDevice              10008760 f   xpcruntime:xpcimports.obj
 0001:00008f47       _doexit                    10009f47 f   LIBCMT:crt0dat.obj
 0001:00009472       ___DllMainCRTStartup       1000a472 f   LIBCMT:dllcrt0.obj
 0001:00009e36       __shift                    1000ae36 f   LIBCMT:cvt.obj
 0001:00009e7b       __cftoe2_l                 1000ae7b f   LIBCMT:cvt.obj
 0001:0000a439       __cftof2_l                 1000b439 f   LIBCMT:cvt.obj
 0001:0000b1a3       _write_char                1000c1a3 f   LIBCMT:output.obj
 0001:0000b1d6       _write_string              1000c1d6 f   LIBCMT:output.obj
 0001:0000d113       _flsall                    1000e113 f   LIBCMT:fflush.obj
 0001:0000e110       __unwind_handler4          1000f110 f   LIBCMT:exsup4.obj
 0001:0000e23a       _siglookup                 1000f23a f   LIBCMT:winsig.obj
 0001:0000e921       __onexit_nolock            1000f921 f   LIBCMT:onexit.obj
 0001:0000f076       _parse_cmdline             10010076 f   LIBCMT:stdargv.obj
 0001:0000f64d       ?CPtoLCID@@YAHH@Z          1001064d f   LIBCMT:mbctype.obj
 0001:0000f67c       ?setSBCS@@YAXPAUthreadmbcinfostruct@@@Z 1001067c f   LIBCMT:mbctype.obj
 0001:0000f6e0       ?setSBUpLow@@YAXPAUthreadmbcinfostruct@@@Z 100106e0 f   LIBCMT:mbctype.obj
 0001:0000f914       ?getSystemCP@@YAHH@Z       10010914 f   LIBCMT:mbctype.obj
 0001:00011130       __unwind_handler           10012130 f   LIBCMT:exsup.obj
 0001:0001129a       ?x_ismbbtype_l@@YAHPAUlocaleinfo_struct@@IHH@Z 1001229a f   LIBCMT:ismbbyte.obj
 0001:00011305       ?__crtLCMapStringA_stat@@YAHPAUlocaleinfo_struct@@KKPBDHPADHHH@Z 10012305 f   LIBCMT:a_map.obj
 0001:00011532       ?__crtGetStringTypeA_stat@@YAHPAUlocaleinfo_struct@@KPBDHPAGHHH@Z 10012532 f   LIBCMT:a_str.obj
 0001:00013665       __hw_cw                    10014665 f   LIBCMT:_ieee87_.obj
 0001:000136f3       ___hw_cw_sse2              100146f3 f   LIBCMT:_ieee87_.obj
