 testmodel_1109_xpc

 Timestamp is 56792342 (Tue Dec 22 11:17:38 2015)

 Preferred load address is 10000000

 Start         Length     Name                   Class
 0001:00000000 000142b8H .text                   CODE
 0002:00000000 00000108H .idata$5                DATA
 0002:00000108 00000004H .CRT$XCA                DATA
 0002:0000010c 00000004H .CRT$XCZ                DATA
 0002:00000110 00000004H .CRT$XIA                DATA
 0002:00000114 00000014H .CRT$XIC                DATA
 0002:00000128 00000004H .CRT$XIZ                DATA
 0002:0000012c 00000004H .CRT$XPA                DATA
 0002:00000130 00000004H .CRT$XPX                DATA
 0002:00000134 00000004H .CRT$XPXA               DATA
 0002:00000138 00000004H .CRT$XPZ                DATA
 0002:0000013c 00000004H .CRT$XTA                DATA
 0002:00000140 00000004H .CRT$XTZ                DATA
 0002:00000150 00006a68H .rdata                  DATA
 0002:00006bc0 0000000cH .rdata$sxdata           DATA
 0002:00006bcc 00000004H .rtc$IAA                DATA
 0002:00006bd0 00000004H .rtc$IZZ                DATA
 0002:00006bd4 00000004H .rtc$TAA                DATA
 0002:00006bd8 00000004H .rtc$TZZ                DATA
 0002:00006be0 000002f4H .xdata$x                DATA
 0002:00006ed4 00000014H .idata$2                DATA
 0002:00006ee8 00000014H .idata$3                DATA
 0002:00006efc 00000108H .idata$4                DATA
 0002:00007004 000004b4H .idata$6                DATA
 0002:000074c0 000000c1H .edata                  DATA
 0003:00000000 00002190H .data                   DATA
 0003:000021a0 00005164H .bss                    DATA

  Address         Publics by Value              Rva+Base       Lib:Object

 0000:00000000       __except_list              00000000     <absolute>
 0000:00000003       ___safe_se_handler_count   00000003     <absolute>
 0000:00000000       ___ImageBase               10000000     <linker-defined>
 0001:00000000       _MWDSP_EPH_R_B             10001000 f   testmodel_1109.obj
 0001:00002e40       _MdlOutputs                10003e40 f   testmodel_1109.obj
 0001:00002e50       _MdlUpdate                 10003e50 f   testmodel_1109.obj
 0001:00002e60       _MdlInitializeSampleTimes  10003e60 f   testmodel_1109.obj
 0001:00002e60       _MdlInitializeSizes        10003e60 f   testmodel_1109.obj
 0001:00002e60       _updateDiscreteEvents      10003e60 f   xpctarget.obj
 0001:00002e70       _MdlStart                  10003e70 f   testmodel_1109.obj
 0001:00002e80       _MdlTerminate              10003e80 f   testmodel_1109.obj
 0001:00002ea0       _testmodel_1109            10003ea0 f   testmodel_1109.obj
 0001:000046b0       _rtGetInfF                 100056b0 f   rtGetInf.obj
 0001:000046d0       _rtGetMinusInfF            100056d0 f   rtGetInf.obj
 0001:000046f0       _rtGetInf                  100056f0 f   rtGetInf.obj
 0001:00004710       _rtGetMinusInf             10005710 f   rtGetInf.obj
 0001:00004730       _rtGetNaNF                 10005730 f   rtGetNaN.obj
 0001:00004750       _rtGetNaN                  10005750 f   rtGetNaN.obj
 0001:00004770       _rt_InitInfAndNaN          10005770 f   rt_nonfinite.obj
 0001:000047c0       _rtIsInf                   100057c0 f   rt_nonfinite.obj
 0001:00004800       _rtIsNaN                   10005800 f   rt_nonfinite.obj
 0001:00004820       _rt_ZCFcn                  10005820 f   rt_zcfcn.obj
 0001:000048d0       _testmodel_1109_InitializeDataMapInfo 100058d0 f   testmodel_1109_capi.obj
 0001:00004930       _changeStepSize            10005930 f   xpctarget.obj
 0001:00004980       _DllMain@12                10005980 f   xpctarget.obj
 0001:00004990       _getrlmdlinfo              10005990 f   xpctarget.obj
 0001:00004b20       _getDLMVersion             10005b20 f   xpctarget.obj
 0001:000058d0       _sg_IO601_write_s_3        100068d0 f   sg_IO601_write_s_3.obj
 0001:00006850       _sg_IO601_setup_s_3        10007850 f   sg_IO601_setup_s_3.obj
 0001:00007330       _sg_IO601_read_s_3         10008330 f   sg_IO601_read_s_3.obj
 0001:00007640       _xpcInitProcs              10008640 f   xpcruntime:xpcimports.obj
 0001:00008340       _GetPCIDeviceFull          10009340 f   xpcruntime:xpcimports.obj
 0001:00008388       _malloc                    10009388 f   LIBCMT:malloc.obj
 0001:00008420       _ceil                      10009420 f   LIBCMT:_ceil_pentium4_.obj
 0001:00008460       __ceil_pentium4            10009460 f   LIBCMT:_ceil_pentium4_.obj
 0001:0000853d       __cfltcvt_init             1000953d f   LIBCMT:_fpinit_.obj
 0001:0000859d       __fpmath                   1000959d f   LIBCMT:_fpinit_.obj
 0001:000085c0       _floor                     100095c0 f   LIBCMT:_floor_pentium4_.obj
 0001:00008600       __floor_pentium4           10009600 f   LIBCMT:_floor_pentium4_.obj
 0001:000086f0       __allmul                   100096f0 f   LIBCMT:llmul.obj
 0001:00008730       __ftol2_sse                10009730 f   LIBCMT:ftol2.obj
 0001:00008739       __ftol2_pentium4           10009739 f   LIBCMT:ftol2.obj
 0001:0000874c       __ftol2_sse_excpt          1000974c f   LIBCMT:ftol2.obj
 0001:00008766       __ftol2                    10009766 f   LIBCMT:ftol2.obj
 0001:000087e0       _fmod                      100097e0 f   LIBCMT:_87fmod_.obj
 0001:000087ea       __CIfmod                   100097ea f   LIBCMT:_87fmod_.obj
 0001:00008802       _printf                    10009802 f   LIBCMT:printf.obj
 0001:000088a9       __get_printf_count_output  100098a9 f   LIBCMT:printf.obj
 0001:000088c0       _memset                    100098c0 f   LIBCMT:memset.obj
 0001:0000893a       _free                      1000993a f   LIBCMT:free.obj
 0001:00008974       ___iob_func                10009974 f   LIBCMT:_file.obj
 0001:0000897a       ___initstdio               1000997a f   LIBCMT:_file.obj
 0001:00008a2b       ___endstdio                10009a2b f   LIBCMT:_file.obj
 0001:00008a4b       __lock_file                10009a4b f   LIBCMT:_file.obj
 0001:00008a8c       __lock_file2               10009a8c f   LIBCMT:_file.obj
 0001:00008abe       __unlock_file              10009abe f   LIBCMT:_file.obj
 0001:00008afa       __unlock_file2             10009afa f   LIBCMT:_file.obj
 0001:00008b29       @__security_check_cookie@4 10009b29 f   LIBCMT:secchk.obj
 0001:00008b40       _memcpy                    10009b40 f   LIBCMT:memcpy.obj
 0001:00008eb0       _memmove                   10009eb0 f   LIBCMT:memmove.obj
 0001:00009211       __fclose_nolock            1000a211 f   LIBCMT:fclose.obj
 0001:0000927e       _fclose                    1000a27e f   LIBCMT:fclose.obj
 0001:000092f2       _sprintf                   1000a2f2 f   LIBCMT:sprintf.obj
 0001:00009380       _strncat                   1000a380 f   LIBCMT:strncat.obj
 0001:000094c0       _strncpy                   1000a4c0 f   LIBCMT:strncpy.obj
 0001:000095e4       ___crtCorExitProcess       1000a5e4 f   LIBCMT:crt0dat.obj
 0001:0000960f       ___crtExitProcess          1000a60f f   LIBCMT:crt0dat.obj
 0001:00009627       __lockexit                 1000a627 f   LIBCMT:crt0dat.obj
 0001:00009630       __unlockexit               1000a630 f   LIBCMT:crt0dat.obj
 0001:00009639       __init_pointers            1000a639 f   LIBCMT:crt0dat.obj
 0001:0000966c       __initterm_e               1000a66c f   LIBCMT:crt0dat.obj
 0001:00009690       __cinit                    1000a690 f   LIBCMT:crt0dat.obj
 0001:00009867       __exit                     1000a867 f   LIBCMT:crt0dat.obj
 0001:0000987d       __cexit                    1000a87d f   LIBCMT:crt0dat.obj
 0001:0000988c       __amsg_exit                1000a88c f   LIBCMT:crt0dat.obj
 0001:000098aa       _realloc                   1000a8aa f   LIBCMT:realloc.obj
 0001:00009970       _strchr                    1000a970 f   LIBCMT:strchr.obj
 0001:00009976       ___from_strstr_to_strchr   1000a976     LIBCMT:strchr.obj
 0001:00009a2e       _strncmp                   1000aa2e f   LIBCMT:strncmp.obj
 0001:00009aee       __CRT_INIT@12              1000aaee f   LIBCMT:dllcrt0.obj
 0001:00009d48       __DllMainCRTStartup@12     1000ad48 f   LIBCMT:dllcrt0.obj
 0001:00009d6b       __GET_RTERRMSG             1000ad6b f   LIBCMT:crt0msg.obj
 0001:00009d91       __NMSG_WRITE               1000ad91 f   LIBCMT:crt0msg.obj
 0001:00009f40       __FF_MSGBANNER             1000af40 f   LIBCMT:crt0msg.obj
 0001:00009f79       __heap_init                1000af79 f   LIBCMT:heapinit.obj
 0001:00009f97       __heap_term                1000af97 f   LIBCMT:heapinit.obj
 0001:00009fab       __get_errno_from_oserr     1000afab f   LIBCMT:dosmap.obj
 0001:00009fed       __errno                    1000afed f   LIBCMT:dosmap.obj
 0001:0000a000       ___doserrno                1000b000 f   LIBCMT:dosmap.obj
 0001:0000a013       __dosmaperr                1000b013 f   LIBCMT:dosmap.obj
 0001:0000a036       __initp_heap_handler       1000b036 f   LIBCMT:handler.obj
 0001:0000a045       __callnewh                 1000b045 f   LIBCMT:handler.obj
 0001:0000a06d       ___libm_error_support      1000b06d f   LIBCMT:_libm_error_.obj
 0001:0000a339       __sse2_mathfcns_init       1000b339 f   LIBCMT:_mathfcns_.obj
 0001:0000a349       __ceil_default             1000b349 f   LIBCMT:_ceil_.obj
 0001:0000a421       ??0_LocaleUpdate@@QAE@PAUlocaleinfo_struct@@@Z 1000b421 f i LIBCMT:cvt.obj
 0001:0000a4a8       __forcdecpt_l              1000b4a8 f   LIBCMT:cvt.obj
 0001:0000a51c       __cropzeros_l              1000b51c f   LIBCMT:cvt.obj
 0001:0000a59e       __positive                 1000b59e f   LIBCMT:cvt.obj
 0001:0000a5ba       __fassign_l                1000b5ba f   LIBCMT:cvt.obj
 0001:0000a5fc       __fassign                  1000b5fc f   LIBCMT:cvt.obj
 0001:0000a635       __forcdecpt                1000b635 f   LIBCMT:cvt.obj
 0001:0000a648       __cropzeros                1000b648 f   LIBCMT:cvt.obj
 0001:0000a7bc       __cftoe_l                  1000b7bc f   LIBCMT:cvt.obj
 0001:0000a883       __cftoe                    1000b883 f   LIBCMT:cvt.obj
 0001:0000a8a3       __cftoa_l                  1000b8a3 f   LIBCMT:cvt.obj
 0001:0000ad1c       __cftof_l                  1000bd1c f   LIBCMT:cvt.obj
 0001:0000addd       __cftog_l                  1000bddd f   LIBCMT:cvt.obj
 0001:0000aeca       __cfltcvt_l                1000beca f   LIBCMT:cvt.obj
 0001:0000af52       __cfltcvt                  1000bf52 f   LIBCMT:cvt.obj
 0001:0000af75       __initp_misc_cfltcvt_tab   1000bf75 f   LIBCMT:cmiscdat.obj
 0001:0000af98       __setdefaultprecision      1000bf98 f   LIBCMT:fp8.obj
 0001:0000afc0       __floor_default            1000bfc0 f   LIBCMT:_floor_.obj
 0001:0000b098       ___sse2_available_init     1000c098 f   LIBCMT:cpu_disp.obj
 0001:0000b0b0       __cintrindisp2             1000c0b0 f   LIBCMT:_87cdisp_.obj
 0001:0000b0ee       __cintrindisp1             1000c0ee f   LIBCMT:_87cdisp_.obj
 0001:0000b12b       __ctrandisp2               1000c12b f   LIBCMT:_87cdisp_.obj
 0001:0000b2ba       __ctrandisp1               1000c2ba f   LIBCMT:_87cdisp_.obj
 0001:0000b2ed       __fload                    1000c2ed f   LIBCMT:_87cdisp_.obj
 0001:0000b330       __trandisp1                1000c330 f   LIBCMT:_87disp_.obj
 0001:0000b397       __trandisp2                1000c397 f   LIBCMT:_87disp_.obj
 0001:0000b423       __rttospopde               1000c423     LIBCMT:_87disp_.obj
 0001:0000b428       __rttospop                 1000c428     LIBCMT:_87disp_.obj
 0001:0000b42a       __rtnospop                 1000c42a     LIBCMT:_87disp_.obj
 0001:0000b42c       __rttosnpop                1000c42c     LIBCMT:_87disp_.obj
 0001:0000b42d       __rtnospopde               1000c42d     LIBCMT:_87disp_.obj
 0001:0000b434       __rtzeropop                1000c434     LIBCMT:_87disp_.obj
 0001:0000b436       __rtzeronpop               1000c436     LIBCMT:_87disp_.obj
 0001:0000b43b       __rtonepop                 1000c43b     LIBCMT:_87disp_.obj
 0001:0000b43d       __rtonenpop                1000c43d     LIBCMT:_87disp_.obj
 0001:0000b442       __tosnan1                  1000c442     LIBCMT:_87disp_.obj
 0001:0000b46d       __nosnan2                  1000c46d     LIBCMT:_87disp_.obj
 0001:0000b46f       __tosnan2                  1000c46f     LIBCMT:_87disp_.obj
 0001:0000b497       __nan2                     1000c497     LIBCMT:_87disp_.obj
 0001:0000b4d6       __rtindfpop                1000c4d6     LIBCMT:_87disp_.obj
 0001:0000b4d8       __rtindfnpop               1000c4d8     LIBCMT:_87disp_.obj
 0001:0000b4e9       __rttosnpopde              1000c4e9     LIBCMT:_87disp_.obj
 0001:0000b4f3       __rtchsifneg               1000c4f3     LIBCMT:_87disp_.obj
 0001:0000b4fa       __stbuf                    1000c4fa f   LIBCMT:_sftbuf.obj
 0001:0000b596       __ftbuf                    1000c596 f   LIBCMT:_sftbuf.obj
 0001:0000b671       __output_l                 1000c671 f   LIBCMT:output.obj
 0001:0000c21d       __initp_misc_invarg        1000d21d f   LIBCMT:invarg.obj
 0001:0000c22c       __call_reportfault         1000d22c f   LIBCMT:invarg.obj
 0001:0000c355       __invoke_watson            1000d355 f   LIBCMT:invarg.obj
 0001:0000c37a       __invalid_parameter        1000d37a f   LIBCMT:invarg.obj
 0001:0000c3a7       __invalid_parameter_noinfo 1000d3a7 f   LIBCMT:invarg.obj
 0001:0000c3c0       __SEH_prolog4              1000d3c0 f   LIBCMT:sehprolg4.obj
 0001:0000c405       __SEH_epilog4              1000d405 f   LIBCMT:sehprolg4.obj
 0001:0000c420       __except_handler4          1000d420 f   LIBCMT:chandler4.obj
 0001:0000c5af       __VEC_memzero              1000d5af f   LIBCMT:p4_memset.obj
 0001:0000c669       __set_exp                  1000d669 f   LIBCMT:_util_.obj
 0001:0000c696       __sptype                   1000d696 f   LIBCMT:_util_.obj
 0001:0000c6fc       __decomp                   1000d6fc f   LIBCMT:_util_.obj
 0001:0000c7bf       __raise_exc_ex             1000d7bf f   LIBCMT:_fpexcept_.obj
 0001:0000ca9b       __raise_exc                1000da9b f   LIBCMT:_fpexcept_.obj
 0001:0000cabe       __handle_exc               1000dabe f   LIBCMT:_fpexcept_.obj
 0001:0000cca2       __set_errno_from_matherr   1000dca2 f   LIBCMT:_fpexcept_.obj
 0001:0000cccf       __errcode                  1000dccf f   LIBCMT:_fpexcept_.obj
 0001:0000cd03       __umatherr                 1000dd03 f   LIBCMT:_fpexcept_.obj
 0001:0000cda3       __handle_qnan1             1000dda3 f   LIBCMT:_fpexcept_.obj
 0001:0000cdf8       __except1                  1000ddf8 f   LIBCMT:_fpexcept_.obj
 0001:0000cec2       __statfp                   1000dec2 f   LIBCMT:_fpctrl_.obj
 0001:0000ced2       __clrfp                    1000ded2 f   LIBCMT:_fpctrl_.obj
 0001:0000cee3       __ctrlfp                   1000dee3 f   LIBCMT:_fpctrl_.obj
 0001:0000cf0e       __set_statfp               1000df0e f   LIBCMT:_fpctrl_.obj
 0001:0000cf66       ___set_fpsr_sse2           1000df66 f   LIBCMT:_fpctrl_.obj
 0001:0000cfd8       __calloc_impl              1000dfd8 f   LIBCMT:calloc_impl.obj
 0001:0000d05a       __ioinit                   1000e05a f   LIBCMT:ioinit.obj
 0001:0000d29f       __ioterm                   1000e29f f   LIBCMT:ioinit.obj
 0001:0000d2f2       __fileno                   1000e2f2 f   LIBCMT:fileno.obj
 0001:0000d318       __malloc_crt               1000e318 f   LIBCMT:crtheap.obj
 0001:0000d35d       __calloc_crt               1000e35d f   LIBCMT:crtheap.obj
 0001:0000d3a9       __realloc_crt              1000e3a9 f   LIBCMT:crtheap.obj
 0001:0000d3f7       __fcloseall                1000e3f7 f   LIBCMT:closeall.obj
 0001:0000d493       __flush                    1000e493 f   LIBCMT:fflush.obj
 0001:0000d4fb       __fflush_nolock            1000e4fb f   LIBCMT:fflush.obj
 0001:0000d61d       __flushall                 1000e61d f   LIBCMT:fflush.obj
 0001:0000d626       __mtinitlocks              1000e626 f   LIBCMT:mlock.obj
 0001:0000d670       __mtdeletelocks            1000e670 f   LIBCMT:mlock.obj
 0001:0000d6c7       __unlock                   1000e6c7 f   LIBCMT:mlock.obj
 0001:0000d6de       __mtinitlocknum            1000e6de f   LIBCMT:mlock.obj
 0001:0000d7a0       __lock                     1000e7a0 f   LIBCMT:mlock.obj
 0001:0000d7d3       ___report_gsfailure        1000e7d3 f   LIBCMT:gs_report.obj
 0001:0000d8d9       __flsbuf                   1000e8d9 f   LIBCMT:_flsbuf.obj
 0001:0000da3d       __write_nolock             1000ea3d f   LIBCMT:write.obj
 0001:0000e13a       __write                    1000f13a f   LIBCMT:write.obj
 0001:0000e20e       __VEC_memcpy               1000f20e f   LIBCMT:p4_memcpy.obj
 0001:0000e311       __close_nolock             1000f311 f   LIBCMT:close.obj
 0001:0000e3ad       __close                    1000f3ad f   LIBCMT:close.obj
 0001:0000e471       __freebuf                  1000f471 f   LIBCMT:_freebuf.obj
 0001:0000e4b0       __local_unwind4            1000f4b0 f   LIBCMT:exsup4.obj
 0001:0000e586       __seh_longjmp_unwind4@4    1000f586 f   LIBCMT:exsup4.obj
 0001:0000e5a2       @_EH4_CallFilterFunc@8     1000f5a2 f   LIBCMT:exsup4.obj
 0001:0000e5b9       @_EH4_TransferToHandler@8  1000f5b9 f   LIBCMT:exsup4.obj
 0001:0000e5d2       @_EH4_GlobalUnwind2@8      1000f5d2 f   LIBCMT:exsup4.obj
 0001:0000e5eb       @_EH4_LocalUnwind@16       1000f5eb f   LIBCMT:exsup4.obj
 0001:0000e602       ?terminate@@YAXXZ          1000f602 f   LIBCMT:hooks.obj
 0001:0000e63b       __initp_eh_hooks           1000f63b f   LIBCMT:hooks.obj
 0001:0000e64c       __initp_misc_winsig        1000f64c f   LIBCMT:winsig.obj
 0001:0000e6a1       ___get_sigabrt             1000f6a1 f   LIBCMT:winsig.obj
 0001:0000e6ae       _raise                     1000f6ae f   LIBCMT:winsig.obj
 0001:0000e851       __initp_misc_rand_s        1000f851 f   LIBCMT:rand_s.obj
 0001:0000e860       __initp_misc_purevirt      1000f860 f   LIBCMT:inithelp.obj
 0001:0000e86f       __encoded_null             1000f86f f   LIBCMT:tidtable.obj
 0001:0000e878       ___crtTlsAlloc@4           1000f878 f   LIBCMT:tidtable.obj
 0001:0000e881       ___set_flsgetvalue         1000f881 f   LIBCMT:tidtable.obj
 0001:0000e8b5       __mtterm                   1000f8b5 f   LIBCMT:tidtable.obj
 0001:0000e8f2       __initptd                  1000f8f2 f   LIBCMT:tidtable.obj
 0001:0000e9a6       __getptd_noexit            1000f9a6 f   LIBCMT:tidtable.obj
 0001:0000ea1f       __getptd                   1000fa1f f   LIBCMT:tidtable.obj
 0001:0000ea39       __freefls@4                1000fa39 f   LIBCMT:tidtable.obj
 0001:0000eb68       __freeptd                  1000fb68 f   LIBCMT:tidtable.obj
 0001:0000ebd6       __mtinit                   1000fbd6 f   LIBCMT:tidtable.obj
 0001:0000ee07       ___onexitinit              1000fe07 f   LIBCMT:onexit.obj
 0001:0000ee38       __onexit                   1000fe38 f   LIBCMT:onexit.obj
 0001:0000ee74       _atexit                    1000fe74 f   LIBCMT:onexit.obj
 0001:0000ee8b       __RTC_Initialize           1000fe8b f   LIBCMT:_initsect_.obj
 0001:0000eeb1       __RTC_Terminate            1000feb1 f   LIBCMT:_initsect_.obj
 0001:0000eee0       __ValidateImageBase        1000fee0 f   LIBCMT:pesect.obj
 0001:0000ef20       __FindPESection            1000ff20 f   LIBCMT:pesect.obj
 0001:0000ef70       __IsNonwritableInCurrentImage 1000ff70 f   LIBCMT:pesect.obj
 0001:0000f02c       _abort                     1001002c f   LIBCMT:abort.obj
 0001:0000f05f       ___crtMessageBoxW          1001005f f   LIBCMT:crtmboxw.obj
 0001:0000f1cb       _wcsncpy_s                 100101cb f   LIBCMT:wcsncpy_s.obj
 0001:0000f298       _wcslen                    10010298 f   LIBCMT:wcslen.obj
 0001:0000f2b3       _wcscat_s                  100102b3 f   LIBCMT:wcscat_s.obj
 0001:0000f328       _wcscpy_s                  10010328 f   LIBCMT:wcscpy_s.obj
 0001:0000f38b       __set_error_mode           1001038b f   LIBCMT:errmode.obj
 0001:0000f3ca       __setenvp                  100103ca f   LIBCMT:stdenvp.obj
 0001:0000f640       __setargv                  10010640 f   LIBCMT:stdargv.obj
 0001:0000f6fb       ___crtGetEnvironmentStringsA 100106fb f   LIBCMT:a_env.obj
 0001:0000f792       __XcptFilter               10010792 f   LIBCMT:winxfltr.obj
 0001:0000f8dc       ___CppXcptFilter           100108dc f   LIBCMT:winxfltr.obj
 0001:0000f8fc       ___security_init_cookie    100108fc f   LIBCMT:gs_support.obj
 0001:0000f9a0       _strlen                    100109a0 f   LIBCMT:strlen.obj
 0001:0000fa2b       __matherr                  10010a2b f   LIBCMT:_matherr_.obj
 0001:0000fa2e       __frnd                     10010a2e f   LIBCMT:_frnd_.obj
 0001:0000fa50       _strrchr                   10010a50 f   LIBCMT:strrchr.obj
 0001:0000fca0       ___updatetmbcinfo          10010ca0 f   LIBCMT:mbctype.obj
 0001:0000fdc0       __setmbcp_nolock           10010dc0 f   LIBCMT:mbctype.obj
 0001:0000ffa9       __setmbcp                  10010fa9 f   LIBCMT:mbctype.obj
 0001:00010143       ___initmbctable            10011143 f   LIBCMT:mbctype.obj
 0001:00010161       ___addlocaleref            10011161 f   LIBCMT:localref.obj
 0001:000101f0       ___removelocaleref         100111f0 f   LIBCMT:localref.obj
 0001:00010289       ___freetlocinfo            10011289 f   LIBCMT:localref.obj
 0001:000103d4       __updatetlocinfoEx_nolock  100113d4 f   LIBCMT:localref.obj
 0001:00010421       ___updatetlocinfo          10011421 f   LIBCMT:localref.obj
 0001:0001049a       __isdigit_l                1001149a f i LIBCMT:_ctype.obj
 0001:000104eb       _isdigit                   100114eb f i LIBCMT:_ctype.obj
 0001:00010519       __tolower_l                10011519 f   LIBCMT:tolower.obj
 0001:0001062e       _tolower                   1001162e f   LIBCMT:tolower.obj
 0001:0001065a       __atodbl_l                 1001165a f   LIBCMT:atodbl.obj
 0001:00010702       __atoflt_l                 10011702 f   LIBCMT:atodbl.obj
 0001:000107aa       _strcpy_s                  100117aa f   LIBCMT:strcpy_s.obj
 0001:00010809       __fptostr                  10011809 f   LIBCMT:_fptostr.obj
 0001:000108bc       ___dtold                   100118bc f   LIBCMT:_cfout_.obj
 0001:0001096f       __fltout2                  1001196f f   LIBCMT:_cfout_.obj
 0001:00010a00       __alldvrm                  10011a00 f   LIBCMT:lldvrm.obj
 0001:00010ae0       __aullshr                  10011ae0 f   LIBCMT:ullshr.obj
 0001:00010aff       __fptrap                   10011aff f   LIBCMT:crt0fp.obj
 0001:00010b08       __controlfp_s              10011b08 f   LIBCMT:_contrlfp_.obj
 0001:00010b67       __87except                 10011b67 f   LIBCMT:_87except_.obj
 0001:00010ca6       __isatty                   10011ca6 f   LIBCMT:isatty.obj
 0001:00010cfc       __wctomb_s_l               10011cfc f   LIBCMT:wctomb.obj
 0001:00010e51       _wctomb_s                  10011e51 f   LIBCMT:wctomb.obj
 0001:00010e6e       __isleadbyte_l             10011e6e f i LIBCMT:_wctype.obj
 0001:00010ea6       _isleadbyte                10011ea6 f i LIBCMT:_wctype.obj
 0001:00010ec0       __aulldvrm                 10011ec0 f   LIBCMT:ulldvrm.obj
 0001:00010f55       __crt_debugger_hook        10011f55 f   LIBCMT:dbghook.obj
 0001:00010f5d       __commit                   10011f5d f   LIBCMT:commit.obj
 0001:00011036       __lseeki64_nolock          10012036 f   LIBCMT:lseeki64.obj
 0001:000110bb       __lseeki64                 100120bb f   LIBCMT:lseeki64.obj
 0001:000111a5       __getbuf                   100121a5 f   LIBCMT:_getbuf.obj
 0001:000111ee       __putwch_nolock            100121ee f   LIBCMT:putwch.obj
 0001:00011230       __mbtowc_l                 10012230 f   LIBCMT:mbtowc.obj
 0001:00011346       _mbtowc                    10012346 f   LIBCMT:mbtowc.obj
 0001:00011360       __alloca_probe             10012360     LIBCMT:chkstk.obj
 0001:00011360       __chkstk                   10012360 f   LIBCMT:chkstk.obj
 0001:0001138b       __free_osfhnd              1001238b f   LIBCMT:osfinfo.obj
 0001:00011411       __get_osfhandle            10012411 f   LIBCMT:osfinfo.obj
 0001:0001147a       ___lock_fhandle            1001247a f   LIBCMT:osfinfo.obj
 0001:00011519       __unlock_fhandle           10012519 f   LIBCMT:osfinfo.obj
 0001:00011540       __global_unwind2           10012540 f   LIBCMT:exsup.obj
 0001:000115a5       __local_unwind2            100125a5 f   LIBCMT:exsup.obj
 0001:00011629       __abnormal_termination     10012629 f   LIBCMT:exsup.obj
 0001:0001164c       __NLG_Notify1              1001264c f   LIBCMT:exsup.obj
 0001:00011655       __NLG_Notify               10012655 f   LIBCMT:exsup.obj
 0001:0001166c       __NLG_Dispatch             1001266c     LIBCMT:exsup.obj
 0001:0001166c       __NLG_Dispatch2            1001266c     LIBCMT:exsup.obj
 0001:00011674       __NLG_Call                 10012674 f   LIBCMT:exsup.obj
 0001:00011676       __NLG_Return2              10012676     LIBCMT:exsup.obj
 0001:00011677       __freea                    10012677 f i LIBCMT:a_loc.obj
 0001:00011697       __msize                    10012697 f   LIBCMT:msize.obj
 0001:0001171d       __ismbblead                1001271d f   LIBCMT:ismbbyte.obj
 0001:0001191c       ___crtLCMapStringA         1001291c f   LIBCMT:a_map.obj
 0001:00011a49       ___crtGetStringTypeA       10012a49 f   LIBCMT:a_str.obj
 0001:00011a89       ___free_lc_time            10012a89 f   LIBCMT:inittime.obj
 0001:00011e00       ___free_lconv_num          10012e00 f   LIBCMT:initnum.obj
 0001:00011e69       ___free_lconv_mon          10012e69 f   LIBCMT:initmon.obj
 0001:00011f67       __isctype_l                10012f67 f   LIBCMT:isctype.obj
 0001:0001201f       __ld12tod                  1001301f f   LIBCMT:_intrncvt_.obj
 0001:00012570       __ld12tof                  10013570 f   LIBCMT:_intrncvt_.obj
 0001:00012ac1       ___strgtold12_l            10013ac1 f   LIBCMT:_strgtold_.obj
 0001:0001319d       _$I10_OUTPUT               1001419d f   LIBCMT:_x10fout_.obj
 0001:00013bc3       __control87                10014bc3 f i LIBCMT:_ieee87_.obj
 0001:00013ed5       ___initconout              10014ed5 f   LIBCMT:initcon.obj
 0001:00013ef4       ___termconout              10014ef4 f   LIBCMT:initcon.obj
 0001:00013f10       __alloca_probe_16          10014f10 f   LIBCMT:alloca16.obj
 0001:00013f26       __alloca_probe_8           10014f26     LIBCMT:alloca16.obj
 0001:00013f40       _strcspn                   10014f40 f   LIBCMT:strcspn.obj
 0001:00013f90       _strcmp                    10014f90 f   LIBCMT:strcmp.obj
 0001:00014020       _strpbrk                   10015020 f   LIBCMT:strpbrk.obj
 0001:00014060       ___mtold12                 10015060 f   LIBCMT:_mantold_.obj
 0001:00014250       ___ascii_strnicmp          10015250 f   LIBCMT:_strnicm.obj
 0001:000142b2       _RtlUnwind@16              100152b2 f   kernel32:KERNEL32.dll
 0002:00000000       __imp__GetProcAddress@8    10016000     kernel32:KERNEL32.dll
 0002:00000004       __imp__GetModuleHandleA@4  10016004     kernel32:KERNEL32.dll
 0002:00000008       __imp__HeapAlloc@12        10016008     kernel32:KERNEL32.dll
 0002:0000000c       __imp__GetLastError@0      1001600c     kernel32:KERNEL32.dll
 0002:00000010       __imp__HeapFree@12         10016010     kernel32:KERNEL32.dll
 0002:00000014       __imp__EnterCriticalSection@4 10016014     kernel32:KERNEL32.dll
 0002:00000018       __imp__LeaveCriticalSection@4 10016018     kernel32:KERNEL32.dll
 0002:0000001c       __imp__GetModuleHandleW@4  1001601c     kernel32:KERNEL32.dll
 0002:00000020       __imp__ExitProcess@4       10016020     kernel32:KERNEL32.dll
 0002:00000024       __imp__DecodePointer@4     10016024     kernel32:KERNEL32.dll
 0002:00000028       __imp__HeapReAlloc@16      10016028     kernel32:KERNEL32.dll
 0002:0000002c       __imp__WriteConsoleW@20    1001602c     kernel32:KERNEL32.dll
 0002:00000030       __imp__GetFileType@4       10016030     kernel32:KERNEL32.dll
 0002:00000034       __imp__GetStdHandle@4      10016034     kernel32:KERNEL32.dll
 0002:00000038       __imp__GetModuleFileNameW@12 10016038     kernel32:KERNEL32.dll
 0002:0000003c       __imp__GetCurrentThreadId@0 1001603c     kernel32:KERNEL32.dll
 0002:00000040       __imp__GetCommandLineA@0   10016040     kernel32:KERNEL32.dll
 0002:00000044       __imp__WriteFile@20        10016044     kernel32:KERNEL32.dll
 0002:00000048       __imp__HeapCreate@12       10016048     kernel32:KERNEL32.dll
 0002:0000004c       __imp__HeapDestroy@4       1001604c     kernel32:KERNEL32.dll
 0002:00000050       __imp__EncodePointer@4     10016050     kernel32:KERNEL32.dll
 0002:00000054       __imp__IsProcessorFeaturePresent@4 10016054     kernel32:KERNEL32.dll
 0002:00000058       __imp__UnhandledExceptionFilter@4 10016058     kernel32:KERNEL32.dll
 0002:0000005c       __imp__SetUnhandledExceptionFilter@4 1001605c     kernel32:KERNEL32.dll
 0002:00000060       __imp__IsDebuggerPresent@0 10016060     kernel32:KERNEL32.dll
 0002:00000064       __imp__TerminateProcess@8  10016064     kernel32:KERNEL32.dll
 0002:00000068       __imp__GetCurrentProcess@0 10016068     kernel32:KERNEL32.dll
 0002:0000006c       __imp__RaiseException@16   1001606c     kernel32:KERNEL32.dll
 0002:00000070       __imp__SetHandleCount@4    10016070     kernel32:KERNEL32.dll
 0002:00000074       __imp__InitializeCriticalSectionAndSpinCount@8 10016074     kernel32:KERNEL32.dll
 0002:00000078       __imp__GetStartupInfoW@4   10016078     kernel32:KERNEL32.dll
 0002:0000007c       __imp__DeleteCriticalSection@4 1001607c     kernel32:KERNEL32.dll
 0002:00000080       __imp__Sleep@4             10016080     kernel32:KERNEL32.dll
 0002:00000084       __imp__WideCharToMultiByte@32 10016084     kernel32:KERNEL32.dll
 0002:00000088       __imp__GetConsoleCP@0      10016088     kernel32:KERNEL32.dll
 0002:0000008c       __imp__GetConsoleMode@8    1001608c     kernel32:KERNEL32.dll
 0002:00000090       __imp__CloseHandle@4       10016090     kernel32:KERNEL32.dll
 0002:00000094       __imp__MultiByteToWideChar@24 10016094     kernel32:KERNEL32.dll
 0002:00000098       __imp__SetFilePointer@16   10016098     kernel32:KERNEL32.dll
 0002:0000009c       __imp__RtlUnwind@16        1001609c     kernel32:KERNEL32.dll
 0002:000000a0       __imp__LoadLibraryW@4      100160a0     kernel32:KERNEL32.dll
 0002:000000a4       __imp__TlsAlloc@0          100160a4     kernel32:KERNEL32.dll
 0002:000000a8       __imp__TlsGetValue@4       100160a8     kernel32:KERNEL32.dll
 0002:000000ac       __imp__TlsSetValue@8       100160ac     kernel32:KERNEL32.dll
 0002:000000b0       __imp__TlsFree@4           100160b0     kernel32:KERNEL32.dll
 0002:000000b4       __imp__InterlockedIncrement@4 100160b4     kernel32:KERNEL32.dll
 0002:000000b8       __imp__SetLastError@4      100160b8     kernel32:KERNEL32.dll
 0002:000000bc       __imp__InterlockedDecrement@4 100160bc     kernel32:KERNEL32.dll
 0002:000000c0       __imp__GetModuleFileNameA@12 100160c0     kernel32:KERNEL32.dll
 0002:000000c4       __imp__FreeEnvironmentStringsW@4 100160c4     kernel32:KERNEL32.dll
 0002:000000c8       __imp__GetEnvironmentStringsW@0 100160c8     kernel32:KERNEL32.dll
 0002:000000cc       __imp__QueryPerformanceCounter@4 100160cc     kernel32:KERNEL32.dll
 0002:000000d0       __imp__GetTickCount@0      100160d0     kernel32:KERNEL32.dll
 0002:000000d4       __imp__GetCurrentProcessId@0 100160d4     kernel32:KERNEL32.dll
 0002:000000d8       __imp__GetSystemTimeAsFileTime@4 100160d8     kernel32:KERNEL32.dll
 0002:000000dc       __imp__GetCPInfo@8         100160dc     kernel32:KERNEL32.dll
 0002:000000e0       __imp__GetACP@0            100160e0     kernel32:KERNEL32.dll
 0002:000000e4       __imp__GetOEMCP@0          100160e4     kernel32:KERNEL32.dll
 0002:000000e8       __imp__IsValidCodePage@4   100160e8     kernel32:KERNEL32.dll
 0002:000000ec       __imp__FlushFileBuffers@4  100160ec     kernel32:KERNEL32.dll
 0002:000000f0       __imp__SetStdHandle@8      100160f0     kernel32:KERNEL32.dll
 0002:000000f4       __imp__HeapSize@12         100160f4     kernel32:KERNEL32.dll
 0002:000000f8       __imp__LCMapStringW@24     100160f8     kernel32:KERNEL32.dll
 0002:000000fc       __imp__GetStringTypeW@16   100160fc     kernel32:KERNEL32.dll
 0002:00000100       __imp__CreateFileW@28      10016100     kernel32:KERNEL32.dll
 0002:00000104       \177KERNEL32_NULL_THUNK_DATA 10016104     kernel32:KERNEL32.dll
 0002:00000108       ___xc_a                    10016108     LIBCMT:crt0init.obj
 0002:0000010c       ___xc_z                    1001610c     LIBCMT:crt0init.obj
 0002:00000110       ___xi_a                    10016110     LIBCMT:crt0init.obj
 0002:00000128       ___xi_z                    10016128     LIBCMT:crt0init.obj
 0002:0000012c       ___xp_a                    1001612c     LIBCMT:crt0init.obj
 0002:00000138       ___xp_z                    10016138     LIBCMT:crt0init.obj
 0002:0000013c       ___xt_a                    1001613c     LIBCMT:crt0init.obj
 0002:00000140       ___xt_z                    10016140     LIBCMT:crt0init.obj
 0002:00000150       _testmodel_1109_M          10016150     testmodel_1109.obj
 0002:00000158       __real@0000000000000000    10016158     testmodel_1109.obj
 0002:00000160       __real@bfe0000000000000    10016160     testmodel_1109.obj
 0002:00000168       __real@3fe0000000000000    10016168     testmodel_1109.obj
 0002:00000170       __real@4330000000000000    10016170     testmodel_1109.obj
 0002:00000178       __real@4070000000000000    10016178     testmodel_1109.obj
 0002:00000180       __real@41efffffffe00000    10016180     testmodel_1109.obj
 0002:00000188       __real@406fe00000000000    10016188     testmodel_1109.obj
 0002:00000190       __real@41f0000000000000    10016190     testmodel_1109.obj
 0002:00000198       ??_C@_0M@MKIMPOCP@CtrHit1?4dat?$AA@ 10016198     testmodel_1109.obj
 0002:000001a4       ??_C@_0BM@BHFFJNPM@IO601?1Data?5Type?5Conversion5?$AA@ 100161a4     testmodel_1109.obj
 0002:000001c0       ??_C@_0BC@MMIFLKIA@IO601?1Counter1?1p1?$AA@ 100161c0     testmodel_1109.obj
 0002:000001d4       ??_C@_0M@NHKNLCAG@pos_vel?4dat?$AA@ 100161d4     testmodel_1109.obj
 0002:000001e0       __real@40d3880000000000    100161e0     testmodel_1109.obj
 0002:000001e8       __real@c0d3880000000000    100161e8     testmodel_1109.obj
 0002:000001f0       __real@4000000000000000    100161f0     testmodel_1109.obj
 0002:000001f8       __real@40c86a0000000000    100161f8     testmodel_1109.obj
 0002:00000200       ??_C@_0BM@FIBEALDL@IO601?1Data?5Type?5Conversion2?$AA@ 10016200     testmodel_1109.obj
 0002:0000021c       ??_C@_0BL@LEJAHLLN@IO601?1Data?5Type?5Conversion?$AA@ 1001621c     testmodel_1109.obj
 0002:00000238       ??_C@_0BM@HDDJFIPI@IO601?1Data?5Type?5Conversion1?$AA@ 10016238     testmodel_1109.obj
 0002:00000254       ??_C@_0L@EGDDIMCB@CtrHit?4dat?$AA@ 10016254     testmodel_1109.obj
 0002:00000260       ??_C@_0DB@KIJOACGP@IO601?1ReadQueueSS?1CountACK?1Data?5@ 10016260     testmodel_1109.obj
 0002:00000294       ??_C@_0CH@IOONEJCG@IO601?1ReadQueueSS?1CountACK?1Count@ 10016294     testmodel_1109.obj
 0002:000002bc       ??_C@_0M@EMBIIMIB@CtrHit2?4dat?$AA@ 100162bc     testmodel_1109.obj
 0002:000002c8       ??_C@_0CI@EKCLBHJB@IO601?1ReadQueueSS?1Data?5Type?5Conv@ 100162c8     testmodel_1109.obj
 0002:000002f0       ??_C@_0BO@JMNAEAAH@IO601?1ReadQueueSS?1Counter1?1p1?$AA@ 100162f0     testmodel_1109.obj
 0002:00000310       ??_C@_0M@IHEEFPCE@CtrHit3?4dat?$AA@ 10016310     testmodel_1109.obj
 0002:00000320       __real@3ff0000000000000    10016320     testmodel_1109.obj
 0002:00000328       __real@40fe848000000000    10016328     testmodel_1109.obj
 0002:00000330       ??_C@_0CI@GBAGEEFC@IO601?1ReadQueueSS?1Data?5Type?5Conv@ 10016330     testmodel_1109.obj
 0002:00000358       ??_C@_0BN@LGNMJJJL@IO601?1ReadQueueSS?1Counter?1p1?$AA@ 10016358     testmodel_1109.obj
 0002:00000378       ??_C@_0BI@PFNCELAG@Error?5creating?5scope?52?6?$AA@ 10016378     testmodel_1109.obj
 0002:00000390       ??_C@_0BI@PHJEPFFP@Error?5creating?5scope?51?6?$AA@ 10016390     testmodel_1109.obj
 0002:000003a8       ??_C@_0BI@PEBACBDB@Error?5creating?5scope?53?6?$AA@ 100163a8     testmodel_1109.obj
 0002:000003c0       ??_C@_0BI@PBFPDHLE@Error?5creating?5scope?54?6?$AA@ 100163c0     testmodel_1109.obj
 0002:000003d8       ??_C@_0BI@PCNLODNK@Error?5creating?5scope?56?6?$AA@ 100163d8     testmodel_1109.obj
 0002:000003f0       ??_C@_0BI@PAJNFNID@Error?5creating?5scope?55?6?$AA@ 100163f0     testmodel_1109.obj
 0002:00000408       ??_C@_0CA@OAGDELBO@testmodel_1109?1IO601?1Write?5?$CIv3?$CJ?$AA@ 10016408     testmodel_1109.obj
 0002:00000428       ??_C@_0BP@OMOIOGJO@testmodel_1109?1IO601?1Read?5?$CIv3?$CJ?$AA@ 10016428     testmodel_1109.obj
 0002:00000448       ??_C@_09OPKJHFF@Read?5?$CIv3?$CJ?$AA@ 10016448     testmodel_1109.obj
 0002:00000454       ??_C@_0CA@DBALLENM@testmodel_1109?1IO601?1Setup?5?$CIv3?$CJ?$AA@ 10016454     testmodel_1109.obj
 0002:00000474       ??_C@_0L@DNFPLNJF@Setup?5?$CIv3?$CJ?$AA@ 10016474     testmodel_1109.obj
 0002:00000480       ??_C@_0DF@ECOLCIKP@testmodel_1109?1IO601?1Initialize?1@ 10016480     testmodel_1109.obj
 0002:000004b8       ??_C@_0DL@DKMNDHH@testmodel_1109?1IO601?1Initialize?1@ 100164b8     testmodel_1109.obj
 0002:000004f4       ??_C@_0DI@BDFDBDPB@testmodel_1109?1IO601?1Initialize?1@ 100164f4     testmodel_1109.obj
 0002:0000052c       ??_C@_0CO@JDHIMHLK@testmodel_1109?1IO601?1DefaultConf@ 1001652c     testmodel_1109.obj
 0002:0000055c       ??_C@_0L@OMDHECFH@Write?5?$CIv3?$CJ?$AA@ 1001655c     testmodel_1109.obj
 0002:00000568       ??_C@_0CJ@NNCENNFA@testmodel_1109?1IO601?1CANSend?1Wri@ 10016568     testmodel_1109.obj
 0002:00000594       ??_C@_0M@DDLOPEKH@Write?5?$CIv3?$CJ1?$AA@ 10016594     testmodel_1109.obj
 0002:000005a0       ??_C@_03HBFGMJOD@rt_?$AA@  100165a0     testmodel_1109.obj
 0002:000005a4       ??_C@_04EPKDLPPB@tout?$AA@ 100165a4     testmodel_1109.obj
 0002:000005ac       ??_C@_0BC@OJJPBDHH@FixedStepDiscrete?$AA@ 100165ac     testmodel_1109.obj
 0002:000005c0       __real@4049000000000000    100165c0     testmodel_1109.obj
 0002:000005c8       ??_C@_00CNPNBAHC@?$AA@     100165c8     testmodel_1109.obj
 0002:000005d0       __real@3f70624dd2f1a9fc    100165d0     testmodel_1109.obj
 0002:000005d8       _CAN_DATATYPE_GROUND       100165d8     can_datatype_ground.obj
 0002:00000cf0       __real@bff0000000000000    10016cf0     rt_logging.obj
 0002:00000d20       ??_C@_0BI@INNPNFJN@Memory?5Allocation?5Error?$AA@ 10016d20     rtw_modelmap_utils.obj
 0002:00000d38       ??_C@_05KNFBNCOH@float?$AA@ 10016d38     testmodel_1109_capi.obj
 0002:00000d40       ??_C@_08NHGKGJKC@uint16_T?$AA@ 10016d40     testmodel_1109_capi.obj
 0002:00000d4c       ??_C@_0P@IIMKEEHB@unsigned?5short?$AA@ 10016d4c     testmodel_1109_capi.obj
 0002:00000d5c       ??_C@_08CCMIKNJF@uint32_T?$AA@ 10016d5c     testmodel_1109_capi.obj
 0002:00000d68       ??_C@_0N@OFHMGPAL@unsigned?5int?$AA@ 10016d68     testmodel_1109_capi.obj
 0002:00000d78       ??_C@_07NCEHLPOC@uint8_T?$AA@ 10016d78     testmodel_1109_capi.obj
 0002:00000d80       ??_C@_06MOLJCAAB@int8_T?$AA@ 10016d80     testmodel_1109_capi.obj
 0002:00000d88       ??_C@_0M@MPLPCMBL@signed?5char?$AA@ 10016d88     testmodel_1109_capi.obj
 0002:00000d94       ??_C@_0N@HINIGIGN@CAN_DATATYPE?$AA@ 10016d94     testmodel_1109_capi.obj
 0002:00000da4       ??_C@_07MMLECJPG@numeric?$AA@ 10016da4     testmodel_1109_capi.obj
 0002:00000dac       ??_C@_09JBMFCIMO@boolean_T?$AA@ 10016dac     testmodel_1109_capi.obj
 0002:00000db8       ??_C@_0O@PPAIJIHF@unsigned?5char?$AA@ 10016db8     testmodel_1109_capi.obj
 0002:00000dc8       ??_C@_06CNMIJIPB@real_T?$AA@ 10016dc8     testmodel_1109_capi.obj
 0002:00000dd0       ??_C@_06BNJCAIGJ@double?$AA@ 10016dd0     testmodel_1109_capi.obj
 0002:00000dd8       ??_C@_07BLNHOAMI@int32_T?$AA@ 10016dd8     testmodel_1109_capi.obj
 0002:00000de0       ??_C@_03JBIPMCLC@int?$AA@  10016de0     testmodel_1109_capi.obj
 0002:00000de4       ??_C@_0DB@LLDPFJCP@IO601?1ReadQueueSS?1J?9K?5Flip?9Flop?1@ 10016de4     testmodel_1109_capi.obj
 0002:00000e18       ??_C@_0DA@HENDECB@IO601?1ReadQueueSS?1J?9K?5Flip?9Flop?1@ 10016e18     testmodel_1109_capi.obj
 0002:00000e48       ??_C@_0CE@DNFBLHHE@IO601?1ReadQueueSS?1CountACK?1Count@ 10016e48     testmodel_1109_capi.obj
 0002:00000e6c       ??_C@_0CL@LMCIILAP@IO601?1ReadQueueSS?1CountACK?1Detec@ 10016e6c     testmodel_1109_capi.obj
 0002:00000e98       ??_C@_0L@HPPBCIFA@TruthTable?$AA@ 10016e98     testmodel_1109_capi.obj
 0002:00000ea4       ??_C@_0CG@IBFMBGBJ@IO601?1J?9K?5Flip?9Flop1?1J?9K?5Flip?9Fl@ 10016ea4     testmodel_1109_capi.obj
 0002:00000ecc       ??_C@_0CF@NBFDMMEA@IO601?1J?9K?5Flip?9Flop1?1J?9K?5Flip?9Fl@ 10016ecc     testmodel_1109_capi.obj
 0002:00000ef4       ??_C@_0CG@MLOIINPD@IO601?1Initialize?1QuitError?1Write@ 10016ef4     testmodel_1109_capi.obj
 0002:00000f1c       ??_C@_0CF@GHMGCHLH@IO601?1Initialize?1QuitError?1Const@ 10016f1c     testmodel_1109_capi.obj
 0002:00000f44       ??_C@_0CF@HONNBGPG@IO601?1Initialize?1QuitError?1Const@ 10016f44     testmodel_1109_capi.obj
 0002:00000f6c       ??_C@_0CM@DMHGIEPM@IO601?1Initialize?1InitialPosition@ 10016f6c     testmodel_1109_capi.obj
 0002:00000f98       ??_C@_0CL@MNMCNCKF@IO601?1Initialize?1InitialPosition@ 10016f98     testmodel_1109_capi.obj
 0002:00000fc4       ??_C@_0CL@ICIDEEGC@IO601?1Initialize?1InitialPosition@ 10016fc4     testmodel_1109_capi.obj
 0002:00000ff0       ??_C@_0CL@KJKOBHKB@IO601?1Initialize?1InitialPosition@ 10016ff0     testmodel_1109_capi.obj
 0002:0000101c       ??_C@_0CJ@DMIMNNLK@IO601?1Initialize?1GetState?$CIms?$CJ?1Wr@ 1001701c     testmodel_1109_capi.obj
 0002:00001048       ??_C@_0CF@KBLHOCOH@IO601?1Initialize?1GetState?$CIms?$CJ?1st@ 10017048     testmodel_1109_capi.obj
 0002:00001070       ??_C@_0CI@DIADENEG@IO601?1Initialize?1GetState?$CIms?$CJ?1Ti@ 10017070     testmodel_1109_capi.obj
 0002:00001098       ??_C@_0CK@IHMBEOEM@IO601?1Initialize?1GetState?$CIms?$CJ?1Ge@ 10017098     testmodel_1109_capi.obj
 0002:000010c4       ??_C@_0CG@EBNFNLLB@IO601?1Initialize?1GetState?$CIms?$CJ?1Da@ 100170c4     testmodel_1109_capi.obj
 0002:000010ec       ??_C@_0BO@HJCEIKJO@IO601?1CANSend?1movVel?1position?$AA@ 100170ec     testmodel_1109_capi.obj
 0002:0000110c       ??_C@_0CC@HKNOCJNO@IO601?1CANSend?1movVel?1GetState?5Cm@ 1001710c     testmodel_1109_capi.obj
 0002:00001130       ??_C@_0BM@MBPDBCPP@IO601?1CANSend?1movVel?1FragSt?$AA@ 10017130     testmodel_1109_capi.obj
 0002:0000114c       ??_C@_0BM@GJHFDHOG@IO601?1CANSend?1movVel?1FragEn?$AA@ 1001714c     testmodel_1109_capi.obj
 0002:00001168       ??_C@_0BM@JJFBFHEJ@IO601?1CANSend?1movVel?1D?9Len1?$AA@ 10017168     testmodel_1109_capi.obj
 0002:00001184       ??_C@_0BL@JNIPDDJ@IO601?1CANSend?1movVel?1D?9Len?$AA@ 10017184     testmodel_1109_capi.obj
 0002:000011a0       ??_C@_0BP@KAHLNPPP@IO601?1CANSend?1movVel?1Constant6?$AA@ 100171a0     testmodel_1109_capi.obj
 0002:000011c0       ??_C@_0BP@ILFGIMDM@IO601?1CANSend?1movVel?1Constant5?$AA@ 100171c0     testmodel_1109_capi.obj
 0002:000011e0       ??_C@_0BJ@FJNMGFPN@IO601?1CANSend?1movVel?1Cmd?$AA@ 100171e0     testmodel_1109_capi.obj
 0002:000011fc       ??_C@_0BL@PIDBKHJM@IO601?1CANSend?1STOP?1StopCmd?$AA@ 100171fc     testmodel_1109_capi.obj
 0002:00001218       ??_C@_0BL@CDKHMJMJ@IO601?1CANSend?1STOP?1DataLen?$AA@ 10017218     testmodel_1109_capi.obj
 0002:00001234       ??_C@_0BL@OANEHECG@IO601?1ReadQueueSS?1Counter1?$AA@ 10017234     testmodel_1109_capi.obj
 0002:00001250       ??_C@_0BK@FAEDDIDA@IO601?1ReadQueueSS?1Counter?$AA@ 10017250     testmodel_1109_capi.obj
 0002:0000126c       ??_C@_0CA@GEODOID@IO601?1ReadQueueSS?1J?9K?5Flip?9Flop?$AA@ 1001726c     testmodel_1109_capi.obj
 0002:0000128c       ??_C@_05NAMIGJNB@vinit?$AA@ 1001728c     testmodel_1109_capi.obj
 0002:00001294       ??_C@_0CC@DCCGEBCN@IO601?1ReadQueueSS?1Detect?5Increas@ 10017294     testmodel_1109_capi.obj
 0002:000012b8       ??_C@_0BL@HPEOEMEE@IO601?1ReadQueueSS?1SendStop?$AA@ 100172b8     testmodel_1109_capi.obj
 0002:000012d4       ??_C@_0BK@EAMMNHJI@IO601?1ReadQueueSS?1ackrecd?$AA@ 100172d4     testmodel_1109_capi.obj
 0002:000012f0       ??_C@_0BH@KFBHEICM@IO601?1ReadQueueSS?1STOP?$AA@ 100172f0     testmodel_1109_capi.obj
 0002:00001308       ??_C@_0BG@HKHKLBBJ@IO601?1ReadQueueSS?1vel?$AA@ 10017308     testmodel_1109_capi.obj
 0002:00001320       ??_C@_0O@LILIEJBO@InitialOutput?$AA@ 10017320     testmodel_1109_capi.obj
 0002:00001330       ??_C@_0BG@JPNMGFIN@IO601?1ReadQueueSS?1pos?$AA@ 10017330     testmodel_1109_capi.obj
 0002:00001348       ??_C@_0BP@MPHBHALB@IO601?1DefaultConfig?1Write?5?$CIv3?$CJ?$AA@ 10017348     testmodel_1109_capi.obj
 0002:00001368       ??_C@_0BO@FIGKIEHE@IO601?1DefaultConfig?1Constant6?$AA@ 10017368     testmodel_1109_capi.obj
 0002:00001388       ??_C@_0BO@HDEHNHLH@IO601?1DefaultConfig?1Constant5?$AA@ 10017388     testmodel_1109_capi.obj
 0002:000013a8       ??_C@_0BO@GKFMOGPG@IO601?1DefaultConfig?1Constant4?$AA@ 100173a8     testmodel_1109_capi.obj
 0002:000013c8       ??_C@_0BO@CFBNHADB@IO601?1DefaultConfig?1Constant3?$AA@ 100173c8     testmodel_1109_capi.obj
 0002:000013e8       ??_C@_0BO@DMAGEBHA@IO601?1DefaultConfig?1Constant2?$AA@ 100173e8     testmodel_1109_capi.obj
 0002:00001408       ??_C@_0BO@BHCLBCLD@IO601?1DefaultConfig?1Constant1?$AA@ 10017408     testmodel_1109_capi.obj
 0002:00001428       ??_C@_0BP@EPHIABFG@IO601?1Compare?5To?5Zero?1Constant?$AA@ 10017428     testmodel_1109_capi.obj
 0002:00001448       ??_C@_0BK@EACJAMNO@IO601?1CANSend?1Write?5?$CIv3?$CJ1?$AA@ 10017448     testmodel_1109_capi.obj
 0002:00001464       ??_C@_0BH@IOBDCJHG@IO601?1CANSend?1SendStop?$AA@ 10017464     testmodel_1109_capi.obj
 0002:0000147c       ??_C@_0BC@EDCEHLKH@IO601?1CANSend?1Cur?$AA@ 1001747c     testmodel_1109_capi.obj
 0002:00001490       ??_C@_05CLADCAAM@After?$AA@ 10017490     testmodel_1109_capi.obj
 0002:00001498       ??_C@_06NDPGJMFM@Before?$AA@ 10017498     testmodel_1109_capi.obj
 0002:000014a0       ??_C@_04OKOFBOPB@Time?$AA@ 100174a0     testmodel_1109_capi.obj
 0002:000014a8       ??_C@_03PGECKHFE@P11?$AA@  100174a8     testmodel_1109_capi.obj
 0002:000014ac       ??_C@_03OPFJJGBF@P10?$AA@  100174ac     testmodel_1109_capi.obj
 0002:000014b0       ??_C@_02GCIGIFOH@P9?$AA@   100174b0     testmodel_1109_capi.obj
 0002:000014b4       ??_C@_02HLJNLEKG@P8?$AA@   100174b4     testmodel_1109_capi.obj
 0002:000014b8       ??_C@_0BB@PGJCMMJJ@IO601?1Setup?5?$CIv3?$CJ?$AA@ 100174b8     testmodel_1109_capi.obj
 0002:000014cc       ??_C@_02PMAFKIGJ@P7?$AA@   100174cc     testmodel_1109_capi.obj
 0002:000014d0       ??_C@_02OFBOJJCI@P6?$AA@   100174d0     testmodel_1109_capi.obj
 0002:000014d4       ??_C@_02MODDMKOL@P5?$AA@   100174d4     testmodel_1109_capi.obj
 0002:000014d8       ??_C@_02NHCIPLKK@P4?$AA@   100174d8     testmodel_1109_capi.obj
 0002:000014dc       ??_C@_02JIGJGNGN@P3?$AA@   100174dc     testmodel_1109_capi.obj
 0002:000014e0       ??_C@_02IBHCFMCM@P2?$AA@   100174e0     testmodel_1109_capi.obj
 0002:000014e4       ??_C@_02KKFPAPOP@P1?$AA@   100174e4     testmodel_1109_capi.obj
 0002:000014e8       ??_C@_0BA@KCDIBHOF@IO601?1Read?5?$CIv3?$CJ?$AA@ 100174e8     testmodel_1109_capi.obj
 0002:000014f8       ??_C@_0P@LPFKKOHI@IO601?1Counter2?$AA@ 100174f8     testmodel_1109_capi.obj
 0002:00001508       ??_C@_08OOPKMNBD@HitValue?$AA@ 10017508     testmodel_1109_capi.obj
 0002:00001514       ??_C@_0N@LIAJDDBE@InitialCount?$AA@ 10017514     testmodel_1109_capi.obj
 0002:00001524       ??_C@_0P@JEHHPNLL@IO601?1Counter1?$AA@ 10017524     testmodel_1109_capi.obj
 0002:00001534       ??_C@_02LNFHGPBG@X0?$AA@   10017534     testmodel_1109_capi.obj
 0002:00001538       ??_C@_0BB@CFEOEMDC@InitialCondition?$AA@ 10017538     testmodel_1109_capi.obj
 0002:0000154c       ??_C@_05LPIJGKJ@Value?$AA@ 1001754c     testmodel_1109_capi.obj
 0002:00001554       ??_C@_0O@NECEMAHJ@IO601?1SendOut?$AA@ 10017554     testmodel_1109_capi.obj
 0002:00001564       ??_C@_0BC@DEOHEJIB@initial_condition?$AA@ 10017564     testmodel_1109_capi.obj
 0002:00001578       ??_C@_0BF@KDMCDKAP@IO601?1J?9K?5Flip?9Flop1?$AA@ 10017578     testmodel_1109_capi.obj
 0002:00001590       ??_C@_0DF@OHMDKDGN@IO601?1ReadQueueSS?1J?9K?5Flip?9Flop?1@ 10017590     testmodel_1109_capi.obj
 0002:000015c8       ??_C@_0DE@OLFCNHFE@IO601?1ReadQueueSS?1J?9K?5Flip?9Flop?1@ 100175c8     testmodel_1109_capi.obj
 0002:000015fc       ??_C@_0DI@NKODGCED@IO601?1ReadQueueSS?1CountACK?1Detec@ 100175fc     testmodel_1109_capi.obj
 0002:00001638       ??_C@_0EF@EHIPKJNJ@IO601?1ReadQueueSS?1CountACK?1Detec@ 10017638     testmodel_1109_capi.obj
 0002:00001680       ??_C@_06CFNEEADJ@U?$CIk?91?$CJ?$AA@ 10017680     testmodel_1109_capi.obj
 0002:00001688       ??_C@_0CP@BJOILODI@IO601?1ReadQueueSS?1Detect?5Increas@ 10017688     testmodel_1109_capi.obj
 0002:000016b8       ??_C@_0DM@PDKNCAHF@IO601?1ReadQueueSS?1Detect?5Increas@ 100176b8     testmodel_1109_capi.obj
 0002:000016f4       ??_C@_0CH@KFMABKOF@IO601?1ReadQueueSS?1CountACK?1Count@ 100176f4     testmodel_1109_capi.obj
 0002:0000171c       ??_C@_0CK@MBJJCPDL@IO601?1J?9K?5Flip?9Flop1?1J?9K?5Flip?9Fl@ 1001771c     testmodel_1109_capi.obj
 0002:00001748       ??_C@_0CJ@GIOOCNGE@IO601?1J?9K?5Flip?9Flop1?1J?9K?5Flip?9Fl@ 10017748     testmodel_1109_capi.obj
 0002:00001774       ??_C@_0CE@PMCFDNCF@IO601?1Initialize?1QuitError?1CAN?5P@ 10017774     testmodel_1109_capi.obj
 0002:00001798       ??_C@_0CF@FFPAEFDF@IO601?1Initialize?1QuitError?1Const@ 10017798     testmodel_1109_capi.obj
 0002:000017c0       ??_C@_0CK@BLPPNFHO@IO601?1Initialize?1InitialPosition@ 100177c0     testmodel_1109_capi.obj
 0002:000017ec       ??_C@_0CK@EDGHPCNG@IO601?1Initialize?1InitialPosition@ 100177ec     testmodel_1109_capi.obj
 0002:00001818       ??_C@_0CI@KAIPLBJP@IO601?1Initialize?1GetState?$CIms?$CJ?1CA@ 10017818     testmodel_1109_capi.obj
 0002:00001840       ??_C@_0CI@FDPHFBKB@IO601?1Initialize?1GetState?$CIms?$CJ?1Co@ 10017840     testmodel_1109_capi.obj
 0002:00001868       ??_C@_0BP@FFJJIEH@IO601?1CANSend?1movVel?1CAN?5Pack3?$AA@ 10017868     testmodel_1109_capi.obj
 0002:00001888       ??_C@_0BP@BMECKJAG@IO601?1CANSend?1movVel?1CAN?5Pack2?$AA@ 10017888     testmodel_1109_capi.obj
 0002:000018a8       ??_C@_0BP@DHGPPKMF@IO601?1CANSend?1movVel?1CAN?5Pack1?$AA@ 100178a8     testmodel_1109_capi.obj
 0002:000018c8       ??_C@_0CB@KFFMMOEI@IO601?1CANSend?1movVel?1TC?5UI32?9UI8@ 100178c8     testmodel_1109_capi.obj
 0002:000018ec       ??_C@_0CJ@NJHCKNBO@IO601?1CANSend?1movVel?1MATLAB?5Func@ 100178ec     testmodel_1109_capi.obj
 0002:00001918       ??_C@_0CJ@PCFPPONN@IO601?1CANSend?1movVel?1MATLAB?5Func@ 10017918     testmodel_1109_capi.obj
 0002:00001944       ??_C@_0BN@LENAFBFL@IO601?1CANSend?1STOP?1CAN?5Pack2?$AA@ 10017944     testmodel_1109_capi.obj
 0002:00001964       ??_C@_0BN@FEICFPIA@IO601?1ReadQueueSS?1ReadACK?1p4?$AA@ 10017964     testmodel_1109_capi.obj
 0002:00001984       ??_C@_0BN@BLMDMJEH@IO601?1ReadQueueSS?1ReadACK?1p3?$AA@ 10017984     testmodel_1109_capi.obj
 0002:000019a4       ??_C@_0BN@CNIPIAG@IO601?1ReadQueueSS?1ReadACK?1p2?$AA@ 100179a4     testmodel_1109_capi.obj
 0002:000019c4       ??_C@_0BN@CJPFKLMF@IO601?1ReadQueueSS?1ReadACK?1p1?$AA@ 100179c4     testmodel_1109_capi.obj
 0002:000019e4       ??_C@_0BO@LHPNBDME@IO601?1ReadQueueSS?1Counter1?1p2?$AA@ 100179e4     testmodel_1109_capi.obj
 0002:00001a04       ??_C@_0BN@JNPBMKFI@IO601?1ReadQueueSS?1Counter?1p2?$AA@ 10017a04     testmodel_1109_capi.obj
 0002:00001a24       ??_C@_0BO@HPPONEOI@IO601?1ReadQueueSS?1CAN?5Unpack3?$AA@ 10017a24     testmodel_1109_capi.obj
 0002:00001a44       ??_C@_0BO@GGOFOFKJ@IO601?1ReadQueueSS?1CAN?5Unpack2?$AA@ 10017a44     testmodel_1109_capi.obj
 0002:00001a64       ??_C@_0BP@OKHENNHE@IO601?1ReadQueueSS?1Index?5Vector?$AA@ 10017a64     testmodel_1109_capi.obj
 0002:00001a84       ??_C@_0BP@HNMPHBGD@IO601?1ReadQueueSS?1For?5Iterator?$AA@ 10017a84     testmodel_1109_capi.obj
 0002:00001aa4       ??_C@_0CD@IJJLICEO@IO601?1ReadQueueSS?1MATLAB?5Functio@ 10017aa4     testmodel_1109_capi.obj
 0002:00001ac8       ??_C@_0BH@NNPFPPJJ@IO601?1Initialize?1Step3?$AA@ 10017ac8     testmodel_1109_capi.obj
 0002:00001ae0       ??_C@_0BH@OPMDJNBL@IO601?1Initialize?1Step1?$AA@ 10017ae0     testmodel_1109_capi.obj
 0002:00001af8       ??_C@_0BG@EHFDDBHJ@IO601?1Initialize?1Step?$AA@ 10017af8     testmodel_1109_capi.obj
 0002:00001b10       ??_C@_0BO@MPHOKBEO@IO601?1DefaultConfig?1CAN?5Pack1?$AA@ 10017b10     testmodel_1109_capi.obj
 0002:00001b30       ??_C@_0BN@JFOKNHAM@IO601?1DefaultConfig?1CAN?5Pack?$AA@ 10017b30     testmodel_1109_capi.obj
 0002:00001b50       ??_C@_0BN@MNHCPAKE@IO601?1DefaultConfig?1Constant?$AA@ 10017b50     testmodel_1109_capi.obj
 0002:00001b70       ??_C@_0BO@KLPMNKLH@IO601?1Compare?5To?5Zero?1Compare?$AA@ 10017b70     testmodel_1109_capi.obj
 0002:00001b90       ??_C@_0BG@CPGPAGCK@IO601?1CANSend?1Product?$AA@ 10017b90     testmodel_1109_capi.obj
 0002:00001ba8       ??_C@_0M@CLGOOAGC@IO601?1Step5?$AA@ 10017ba8     testmodel_1109_capi.obj
 0002:00001bb4       ??_C@_0M@DCHFNBCD@IO601?1Step4?$AA@ 10017bb4     testmodel_1109_capi.obj
 0002:00001bc0       ??_C@_0M@EPACCFGG@IO601?1Step1?$AA@ 10017bc0     testmodel_1109_capi.obj
 0002:00001bcc       ??_C@_0BB@CHPKDDFL@IO601?1Write?5?$CIv3?$CJ?$AA@ 10017bcc     testmodel_1109_capi.obj
 0002:00001be0       ??_C@_0BD@MDHIKNKI@IO601?1Read?5?$CIv3?$CJ?1p2?$AA@ 10017be0     testmodel_1109_capi.obj
 0002:00001bf4       ??_C@_0BD@OIFFPOGL@IO601?1Read?5?$CIv3?$CJ?1p1?$AA@ 10017bf4     testmodel_1109_capi.obj
 0002:00001c08       ??_C@_0BC@KAAIJDJD@IO601?1Counter2?1p2?$AA@ 10017c08     testmodel_1109_capi.obj
 0002:00001c1c       ??_C@_0BC@ILCFMAFA@IO601?1Counter2?1p1?$AA@ 10017c1c     testmodel_1109_capi.obj
 0002:00001c30       ??_C@_0BC@OHKIOJED@IO601?1Counter1?1p2?$AA@ 10017c30     testmodel_1109_capi.obj
 0002:00001c44       ??_C@_0P@LDBKBOAO@IO601?1Product2?$AA@ 10017c44     testmodel_1109_capi.obj
 0002:00001c54       ??_C@_0P@JIDHENMN@IO601?1Product1?$AA@ 10017c54     testmodel_1109_capi.obj
 0002:00001c64       ??_C@_0N@OPNOANML@IO601?1Memory?$AA@ 10017c64     testmodel_1109_capi.obj
 0002:00001c74       ??_C@_0BP@OIHNNGJH@IO601?1Discrete?9Time?5Integrator?$AA@ 10017c74     testmodel_1109_capi.obj
 0002:00001c94       ??_C@_0BM@OEOKMLN@IO601?1Data?5Type?5Conversion4?$AA@ 10017c94     testmodel_1109_capi.obj
 0002:00001cb0       ??_C@_0BM@EBAPDKHK@IO601?1Data?5Type?5Conversion3?$AA@ 10017cb0     testmodel_1109_capi.obj
 0002:00003248       _serialfifoground          10019248     xpc_datatype_ground.obj
 0002:00003254       _bcmsg1553ground           10019254     xpc_datatype_ground.obj
 0002:00003264       _bcstatground              10019264     xpc_datatype_ground.obj
 0002:0000327c       _bmmsg1553ground           1001927c     xpc_datatype_ground.obj
 0002:0000328c       ??_C@_0P@OBNPAIIM@testmodel_1109?$AA@ 1001928c     xpctarget.obj
 0002:000032a0       _ptsetfilename             100192a0     xpctarget.obj
 0002:000032a8       _testmodel_1109_BIO        100192a8     xpctarget.obj
 0002:000035d8       _testmodel_1109_LBL        100195d8     xpctarget.obj
 0002:00003908       _testmodel_1109_SID        10019908     xpctarget.obj
 0002:00003c38       _xpcMMI                    10019c38     xpctarget.obj
 0002:00003c58       _testmodel_1109_PT         10019c58     xpctarget.obj
 0002:00003ec0       _xpcparamsMMI              10019ec0     xpctarget.obj
 0002:00003ed8       _xmlfile                   10019ed8     xpctarget.obj
 0002:00003ee0       ??_C@_0L@CHBJKKFC@xpceSetVar?$AA@ 10019ee0     xpctarget.obj
 0002:00003ef0       __real@3fb999999999999a    10019ef0     xpctarget.obj
 0002:00003ef8       ??_C@_03MNEDIJEE@6?43?$AA@ 10019ef8     xpctarget.obj
 0002:00003f00       ??_C@_0ED@LKHIFFLC@Wrong?5number?5of?5input?5arguments?5@ 10019f00     sg_IO601_write_s_3.obj
 0002:00003f44       ??_C@_0CI@NFFNBHJA@?$CFs?5?$CIbus?5?$CFd?0?5slot?5?$CFd?$CJ?3?5board?5not?5@ 10019f44     sg_IO601_write_s_3.obj
 0002:00003f6c       ??_C@_0BA@PEEBPDNK@Speedgoat?5IO601?$AA@ 10019f6c     sg_IO601_write_s_3.obj
 0002:00003f80       __real@3fa999999999999a    10019f80     sg_IO601_setup_s_3.obj
 0002:00003f88       ??_C@_0CC@JOAAOKEM@?$CFs?3?5Failed?5to?5start?5CAN?5on?5port?5@ 10019f88     sg_IO601_setup_s_3.obj
 0002:00003fac       ??_C@_0CJ@GOBCKFJL@?$CFs?3?5Failed?5to?5configure?5RX?5queue@ 10019fac     sg_IO601_setup_s_3.obj
 0002:00003fd8       ??_C@_0CM@NKLCILNM@Failed?5to?5set?5EXT?5acceptance?5mas@ 10019fd8     sg_IO601_setup_s_3.obj
 0002:00004004       ??_C@_0CM@DBIFDANP@Failed?5to?5set?5EXT?5acceptance?5mas@ 1001a004     sg_IO601_setup_s_3.obj
 0002:00004030       ??_C@_0DA@FAJCIGJF@?$CFs?3?5Failed?5to?5set?5STD?5acceptance@ 1001a030     sg_IO601_setup_s_3.obj
 0002:00004060       ??_C@_0DA@LLKFDNJG@?$CFs?3?5Failed?5to?5set?5STD?5acceptance@ 1001a060     sg_IO601_setup_s_3.obj
 0002:00004090       ??_C@_0BJ@PGMEJPIO@?$CFs?3?5Failed?5to?5init?5CAN?52?$AA@ 1001a090     sg_IO601_setup_s_3.obj
 0002:000040ac       ??_C@_0CC@CCDBKGEL@initialize?5Speedgoat?5IO601?5CAN?52@ 1001a0ac     sg_IO601_setup_s_3.obj
 0002:000040d0       ??_C@_0CC@LFCNLJIP@?$CFs?3?5Failed?5to?5start?5CAN?5on?5port?5@ 1001a0d0     sg_IO601_setup_s_3.obj
 0002:000040f4       ??_C@_0CJ@GMFEBLMC@?$CFs?3?5Failed?5to?5configure?5RX?5queue@ 1001a0f4     sg_IO601_setup_s_3.obj
 0002:00004120       ??_C@_0CM@NIPEDFIF@Failed?5to?5set?5EXT?5acceptance?5mas@ 1001a120     sg_IO601_setup_s_3.obj
 0002:0000414c       ??_C@_0CM@DDMDIOIG@Failed?5to?5set?5EXT?5acceptance?5mas@ 1001a14c     sg_IO601_setup_s_3.obj
 0002:00004178       ??_C@_0DA@FCNEDIMM@?$CFs?3?5Failed?5to?5set?5STD?5acceptance@ 1001a178     sg_IO601_setup_s_3.obj
 0002:000041a8       ??_C@_0DA@LJODIDMP@?$CFs?3?5Failed?5to?5set?5STD?5acceptance@ 1001a1a8     sg_IO601_setup_s_3.obj
 0002:000041d8       ??_C@_0BJ@NNOJMMEN@?$CFs?3?5Failed?5to?5init?5CAN?51?$AA@ 1001a1d8     sg_IO601_setup_s_3.obj
 0002:000041f4       ??_C@_0CC@CAHHBIBC@initialize?5Speedgoat?5IO601?5CAN?51@ 1001a1f4     sg_IO601_setup_s_3.obj
 0002:00004218       ??_C@_0BI@ODAKADLH@?$CFs?3?5wrong?5firmware?5?$CI?$CFs?$CJ?$AA@ 1001a218     sg_IO601_setup_s_3.obj
 0002:00004230       ??_C@_04BPKHPNPF@4?418?$AA@ 1001a230     sg_IO601_setup_s_3.obj
 0002:00004238       ??_C@_04JKHJFPGD@4?427?$AA@ 1001a238     sg_IO601_setup_s_3.obj
 0002:00004240       ??_C@_0CE@JCCAPNGC@IO601?3?5Failed?5to?5stop?5CAN?5on?5por@ 1001a240     sg_IO601_setup_s_3.obj
 0002:00004264       ??_C@_0CE@LJANKOKB@IO601?3?5Failed?5to?5stop?5CAN?5on?5por@ 1001a264     sg_IO601_setup_s_3.obj
 0002:00004288       ??_C@_0CF@PNCKPEHN@sendToAsyncQueueTgtAppSvc?5not?5fo@ 1001a288     xpcruntime:xpcimports.obj
 0002:000042b0       ??_C@_0BK@IDACEHAO@sendToAsyncQueueTgtAppSvc?$AA@ 1001a2b0     xpcruntime:xpcimports.obj
 0002:000042cc       ??_C@_0CK@NDEMAMKF@terminateToAsyncQueueTgtAppSvc?5n@ 1001a2cc     xpcruntime:xpcimports.obj
 0002:000042f8       ??_C@_0BP@IJNGPPPE@terminateToAsyncQueueTgtAppSvc?$AA@ 1001a2f8     xpcruntime:xpcimports.obj
 0002:00004318       ??_C@_0CG@JGOFFKEL@startToAsyncQueueTgtAppSvc?5not?5f@ 1001a318     xpcruntime:xpcimports.obj
 0002:00004340       ??_C@_0BL@CDFCLKOL@startToAsyncQueueTgtAppSvc?$AA@ 1001a340     xpcruntime:xpcimports.obj
 0002:0000435c       ??_C@_0BK@NEKDLJHG@getStatusFlags?5not?5found?6?$AA@ 1001a35c     xpcruntime:xpcimports.obj
 0002:00004378       ??_C@_0P@GDLHFECE@getStatusFlags?$AA@ 1001a378     xpcruntime:xpcimports.obj
 0002:00004388       ??_C@_0BK@NCECBKNM@getCommService?5not?5found?6?$AA@ 1001a388     xpcruntime:xpcimports.obj
 0002:000043a4       ??_C@_0P@KIKONDKK@getCommService?$AA@ 1001a3a4     xpcruntime:xpcimports.obj
 0002:000043b4       ??_C@_0BM@MPLCNIIE@getMemoryService?5not?5found?6?$AA@ 1001a3b4     xpcruntime:xpcimports.obj
 0002:000043d0       ??_C@_0BB@LCMHHHFN@getMemoryService?$AA@ 1001a3d0     xpcruntime:xpcimports.obj
 0002:000043e4       ??_C@_0BI@NHJNFMKH@xpceaddEvent?5not?5found?6?$AA@ 1001a3e4     xpcruntime:xpcimports.obj
 0002:000043fc       ??_C@_0N@IGGLCIGE@xpceaddEvent?$AA@ 1001a3fc     xpcruntime:xpcimports.obj
 0002:0000440c       ??_C@_0BH@OINCDMLA@StreamVideo?5not?5found?6?$AA@ 1001a40c     xpcruntime:xpcimports.obj
 0002:00004424       ??_C@_0M@MFJEGMHC@StreamVideo?$AA@ 1001a424     xpcruntime:xpcimports.obj
 0002:00004430       ??_C@_0BM@DBJBPLEL@StopVideoDisplay?5not?5found?6?$AA@ 1001a430     xpcruntime:xpcimports.obj
 0002:0000444c       ??_C@_0BB@JBBLMILG@StopVideoDisplay?$AA@ 1001a44c     xpcruntime:xpcimports.obj
 0002:00004460       ??_C@_0BN@EFIEBGOO@StartVideoDisplay?5not?5found?6?$AA@ 1001a460     xpcruntime:xpcimports.obj
 0002:00004480       ??_C@_0BC@HCMIMIDN@StartVideoDisplay?$AA@ 1001a480     xpcruntime:xpcimports.obj
 0002:00004494       ??_C@_0BP@FMGLJAIJ@DestroyVideoDisplay?5not?5found?6?$AA@ 1001a494     xpcruntime:xpcimports.obj
 0002:000044b4       ??_C@_0BE@KJCKGPHA@DestroyVideoDisplay?$AA@ 1001a4b4     xpcruntime:xpcimports.obj
 0002:000044c8       ??_C@_0BO@HPPLLNFP@CreateVideoDisplay?5not?5found?6?$AA@ 1001a4c8     xpcruntime:xpcimports.obj
 0002:000044e8       ??_C@_0BD@NKCBPBJJ@CreateVideoDisplay?$AA@ 1001a4e8     xpcruntime:xpcimports.obj
 0002:000044fc       ??_C@_0BJ@PHJKOAFL@ConvertUImage?5not?5found?6?$AA@ 1001a4fc     xpcruntime:xpcimports.obj
 0002:00004518       ??_C@_0O@MCPKDLLL@ConvertUImage?$AA@ 1001a518     xpcruntime:xpcimports.obj
 0002:00004528       ??_C@_0BF@NKGKKADL@StopVideo?5not?5found?6?$AA@ 1001a528     xpcruntime:xpcimports.obj
 0002:00004540       ??_C@_09FAHCLKAG@StopVideo?$AA@ 1001a540     xpcruntime:xpcimports.obj
 0002:0000454c       ??_C@_0BL@JHGHPNBI@ReadFrameBuffer?5not?5found?6?$AA@ 1001a54c     xpcruntime:xpcimports.obj
 0002:00004568       ??_C@_0BA@FDNPOCLN@ReadFrameBuffer?$AA@ 1001a568     xpcruntime:xpcimports.obj
 0002:00004578       ??_C@_0BG@HDCELEBP@StartVideo?5not?5found?6?$AA@ 1001a578     xpcruntime:xpcimports.obj
 0002:00004590       ??_C@_0L@GBAEMHMH@StartVideo?$AA@ 1001a590     xpcruntime:xpcimports.obj
 0002:0000459c       ??_C@_0BL@DALDHKHC@GetVideoConfigs?5not?5found?6?$AA@ 1001a59c     xpcruntime:xpcimports.obj
 0002:000045b8       ??_C@_0BA@PLPAPNAB@GetVideoConfigs?$AA@ 1001a5b8     xpcruntime:xpcimports.obj
 0002:000045c8       ??_C@_0BO@POKLDHMI@FindUsbVideoDevice?5not?5found?6?$AA@ 1001a5c8     xpcruntime:xpcimports.obj
 0002:000045e8       ??_C@_0BD@MFNDMBOF@FindUsbVideoDevice?$AA@ 1001a5e8     xpcruntime:xpcimports.obj
 0002:000045fc       ??_C@_0BP@OFNCKOJH@xpceDeleteSemaphore?5not?5found?6?$AA@ 1001a5fc     xpcruntime:xpcimports.obj
 0002:0000461c       ??_C@_0BE@MEBEKOIM@xpceDeleteSemaphore?$AA@ 1001a61c     xpcruntime:xpcimports.obj
 0002:00004630       ??_C@_0BP@LBANMHJP@xpceSignalSemaphore?5not?5found?6?$AA@ 1001a630     xpcruntime:xpcimports.obj
 0002:00004650       ??_C@_0BE@NNDIOBKE@xpceSignalSemaphore?$AA@ 1001a650     xpcruntime:xpcimports.obj
 0002:00004664       ??_C@_0BN@NMFAADIO@xpceWaitSemaphore?5not?5found?6?$AA@ 1001a664     xpcruntime:xpcimports.obj
 0002:00004684       ??_C@_0BC@IFNIONKJ@xpceWaitSemaphore?$AA@ 1001a684     xpcruntime:xpcimports.obj
 0002:00004698       ??_C@_0BP@KFBAFFKJ@xpceCreateSemaphore?5not?5found?6?$AA@ 1001a698     xpcruntime:xpcimports.obj
 0002:000046b8       ??_C@_0BE@IIGBFDHK@xpceCreateSemaphore?$AA@ 1001a6b8     xpcruntime:xpcimports.obj
 0002:000046cc       ??_C@_0BK@KGPJBJND@TBGiveSpinFast?5not?5found?6?$AA@ 1001a6cc     xpcruntime:xpcimports.obj
 0002:000046e8       ??_C@_0P@FKNAAELA@TBGiveSpinFast?$AA@ 1001a6e8     xpcruntime:xpcimports.obj
 0002:000046f8       ??_C@_0BK@NKAIBHGB@TBTakeSpinFast?5not?5found?6?$AA@ 1001a6f8     xpcruntime:xpcimports.obj
 0002:00004714       ??_C@_0P@DAHDDBJG@TBTakeSpinFast?$AA@ 1001a714     xpcruntime:xpcimports.obj
 0002:00004724       ??_C@_0BI@BKCPAAG@TBDeleteSpin?5not?5found?6?$AA@ 1001a724     xpcruntime:xpcimports.obj
 0002:0000473c       ??_C@_0N@HOAJHNBD@TBDeleteSpin?$AA@ 1001a73c     xpcruntime:xpcimports.obj
 0002:0000474c       ??_C@_0BI@FHKMLKOE@TBCreateSpin?5not?5found?6?$AA@ 1001a74c     xpcruntime:xpcimports.obj
 0002:00004764       ??_C@_0N@LKKJEKKA@TBCreateSpin?$AA@ 1001a764     xpcruntime:xpcimports.obj
 0002:00004774       ??_C@_0BH@FBOPECBI@xpcBusyWait?5not?5found?6?$AA@ 1001a774     xpcruntime:xpcimports.obj
 0002:0000478c       ??_C@_0M@ICBLMODA@xpcBusyWait?$AA@ 1001a78c     xpcruntime:xpcimports.obj
 0002:00004798       ??_C@_0BN@OEOAHCIO@xpcGetElapsedTime?5not?5found?6?$AA@ 1001a798     xpcruntime:xpcimports.obj
 0002:000047b8       ??_C@_0BC@JGKNLICL@xpcGetElapsedTime?$AA@ 1001a7b8     xpcruntime:xpcimports.obj
 0002:000047cc       ??_C@_0CB@PKJEBPOG@xpcFreePhysicalMemory?5not?5found?6@ 1001a7cc     xpcruntime:xpcimports.obj
 0002:000047f0       ??_C@_0BG@CBNPGAEL@xpcFreePhysicalMemory?$AA@ 1001a7f0     xpcruntime:xpcimports.obj
 0002:00004808       ??_C@_0CC@MOJPNHKL@xpcAllocPhysicalMemory?5not?5found@ 1001a808     xpcruntime:xpcimports.obj
 0002:0000482c       ??_C@_0BH@KJJLCAOJ@xpcAllocPhysicalMemory?$AA@ 1001a82c     xpcruntime:xpcimports.obj
 0002:00004844       ??_C@_0BK@DHEMLBIM@xpcIsModelInit?5not?5found?6?$AA@ 1001a844     xpcruntime:xpcimports.obj
 0002:00004860       ??_C@_0P@OKGNGAGH@xpcIsModelInit?$AA@ 1001a860     xpcruntime:xpcimports.obj
 0002:00004870       ??_C@_0BI@FHPFHECO@xpceUDPClose?5not?5found?6?$AA@ 1001a870     xpcruntime:xpcimports.obj
 0002:00004888       ??_C@_0N@IEHPMFME@xpceUDPClose?$AA@ 1001a888     xpcruntime:xpcimports.obj
 0002:00004898       ??_C@_0BK@OPJMLDLH@xpceUDPReceive?5not?5found?6?$AA@ 1001a898     xpcruntime:xpcimports.obj
 0002:000048b4       ??_C@_0P@PLFDECIN@xpceUDPReceive?$AA@ 1001a8b4     xpcruntime:xpcimports.obj
 0002:000048c4       ??_C@_0BH@NOIKLPAB@xpceUDPSend?5not?5found?6?$AA@ 1001a8c4     xpcruntime:xpcimports.obj
 0002:000048dc       ??_C@_0M@OFPFLJGN@xpceUDPSend?$AA@ 1001a8dc     xpcruntime:xpcimports.obj
 0002:000048e8       ??_C@_0BO@IFKJBHKC@xpceUDPOpenReceive?5not?5found?6?$AA@ 1001a8e8     xpcruntime:xpcimports.obj
 0002:00004908       ??_C@_0BD@BCELJJJL@xpceUDPOpenReceive?$AA@ 1001a908     xpcruntime:xpcimports.obj
 0002:0000491c       ??_C@_0BL@HNLPFEK@xpceUDPOpenSend?5not?5found?6?$AA@ 1001a91c     xpcruntime:xpcimports.obj
 0002:00004938       ??_C@_0BA@FHMIOKFL@xpceUDPOpenSend?$AA@ 1001a938     xpcruntime:xpcimports.obj
 0002:00004948       ??_C@_0BG@HNOFBOB@xpceGetTET?5not?5found?6?$AA@ 1001a948     xpcruntime:xpcimports.obj
 0002:00004960       ??_C@_0L@OCBLLHBM@xpceGetTET?$AA@ 1001a960     xpcruntime:xpcimports.obj
 0002:0000496c       ??_C@_0BM@OABDBKAO@xpceGetParamDims?5not?5found?6?$AA@ 1001a96c     xpcruntime:xpcimports.obj
 0002:00004988       ??_C@_0BB@CEIJLFCD@xpceGetParamDims?$AA@ 1001a988     xpcruntime:xpcimports.obj
 0002:0000499c       ??_C@_0BM@POHNKBC@xpceGetParameter?5not?5found?6?$AA@ 1001a99c     xpcruntime:xpcimports.obj
 0002:000049b8       ??_C@_0BB@GNFDFMCM@xpceGetParameter?$AA@ 1001a9b8     xpcruntime:xpcimports.obj
 0002:000049cc       ??_C@_0BM@BJIKDLHA@xpceSetParameter?5not?5found?6?$AA@ 1001a9cc     xpcruntime:xpcimports.obj
 0002:000049e8       ??_C@_0BB@BJONJAGA@xpceSetParameter?$AA@ 1001a9e8     xpcruntime:xpcimports.obj
 0002:000049fc       ??_C@_0BO@GCBDJHMB@xpceGetSignalValue?5not?5found?6?$AA@ 1001a9fc     xpcruntime:xpcimports.obj
 0002:00004a1c       ??_C@_0BD@PCKOKHO@xpceGetSignalValue?$AA@ 1001aa1c     xpcruntime:xpcimports.obj
 0002:00004a30       ??_C@_0BK@KNBNFIKH@rl32eSendBlock?5not?5found?6?$AA@ 1001aa30     xpcruntime:xpcimports.obj
 0002:00004a4c       ??_C@_0P@MDMKIJF@rl32eSendBlock?$AA@ 1001aa4c     xpcruntime:xpcimports.obj
 0002:00004a5c       ??_C@_0BL@PLIDKKGI@rl32eLineStatus?5not?5found?6?$AA@ 1001aa5c     xpcruntime:xpcimports.obj
 0002:00004a78       ??_C@_0BA@CFIJOJPK@rl32eLineStatus?$AA@ 1001aa78     xpcruntime:xpcimports.obj
 0002:00004a88       ??_C@_0CD@LNMOFLAH@rl32eReceiveBufferCount?5not?5foun@ 1001aa88     xpcruntime:xpcimports.obj
 0002:00004aac       ??_C@_0BI@PKEJFHMJ@rl32eReceiveBufferCount?$AA@ 1001aaac     xpcruntime:xpcimports.obj
 0002:00004ac4       ??_C@_0BM@HGAIOAND@rl32eReceiveChar?5not?5found?6?$AA@ 1001aac4     xpcruntime:xpcimports.obj
 0002:00004ae0       ??_C@_0BB@OMFKCOEK@rl32eReceiveChar?$AA@ 1001aae0     xpcruntime:xpcimports.obj
 0002:00004af4       ??_C@_0BJ@JCJKDACJ@rl32eSendChar?5not?5found?6?$AA@ 1001aaf4     xpcruntime:xpcimports.obj
 0002:00004b10       ??_C@_0O@LLJGKFOG@rl32eSendChar?$AA@ 1001ab10     xpcruntime:xpcimports.obj
 0002:00004b20       ??_C@_0BN@KCOFELEM@rl32eCloseCOMPort?5not?5found?6?$AA@ 1001ab20     xpcruntime:xpcimports.obj
 0002:00004b40       ??_C@_0BC@CHEEFCP@rl32eCloseCOMPort?$AA@ 1001ab40     xpcruntime:xpcimports.obj
 0002:00004b54       ??_C@_0BM@DDJGKAHB@rl32eInitCOMPort?5not?5found?6?$AA@ 1001ab54     xpcruntime:xpcimports.obj
 0002:00004b70       ??_C@_0BB@FCHHFAAH@rl32eInitCOMPort?$AA@ 1001ab70     xpcruntime:xpcimports.obj
 0002:00004b84       ??_C@_0CC@CDNDNJBJ@xpceAssignPCIInterrupt?5not?5found@ 1001ab84     xpcruntime:xpcimports.obj
 0002:00004ba8       ??_C@_0BH@OKBOPNFG@xpceAssignPCIInterrupt?$AA@ 1001aba8     xpcruntime:xpcimports.obj
 0002:00004bc0       ??_C@_0CB@BBKIPMLA@rl32eGetPCIInfoAtSlot?5not?5found?6@ 1001abc0     xpcruntime:xpcimports.obj
 0002:00004be4       ??_C@_0BG@NJPFKFDP@rl32eGetPCIInfoAtSlot?$AA@ 1001abe4     xpcruntime:xpcimports.obj
 0002:00004bfc       ??_C@_0BL@IGOMLDCK@rl32eGetPCIInfo?5not?5found?6?$AA@ 1001abfc     xpcruntime:xpcimports.obj
 0002:00004c18       ??_C@_0BA@BGPAADB@rl32eGetPCIInfo?$AA@ 1001ac18     xpcruntime:xpcimports.obj
 0002:00004c28       ??_C@_0BM@IFDMAGLO@rl32eShowPCIInfo?5not?5found?6?$AA@ 1001ac28     xpcruntime:xpcimports.obj
 0002:00004c44       ??_C@_0BB@KBCOJPFB@rl32eShowPCIInfo?$AA@ 1001ac44     xpcruntime:xpcimports.obj
 0002:00004c58       ??_C@_0BL@DDFFLNHI@rl32eShowPCIDev?5not?5found?6?$AA@ 1001ac58     xpcruntime:xpcimports.obj
 0002:00004c74       ??_C@_0BA@JGPMHGAF@rl32eShowPCIDev?$AA@ 1001ac74     xpcruntime:xpcimports.obj
 0002:00004c84       ??_C@_0CC@KAAAGPI@xpcReserveMemoryRegion?5not?5found@ 1001ac84     xpcruntime:xpcimports.obj
 0002:00004ca8       ??_C@_0BH@EHOLELHH@xpcReserveMemoryRegion?$AA@ 1001aca8     xpcruntime:xpcimports.obj
 0002:00004cc0       ??_C@_0BF@GJKLPNHB@xpcOutpDW?5not?5found?6?$AA@ 1001acc0     xpcruntime:xpcimports.obj
 0002:00004cd8       ??_C@_09FLIEKHJG@xpcOutpDW?$AA@ 1001acd8     xpcruntime:xpcimports.obj
 0002:00004ce4       ??_C@_0BE@NLIFDBGM@xpcOutpW?5not?5found?6?$AA@ 1001ace4     xpcruntime:xpcimports.obj
 0002:00004cf8       ??_C@_08MOOJAOHK@xpcOutpW?$AA@ 1001acf8     xpcruntime:xpcimports.obj
 0002:00004d04       ??_C@_0BE@HCKNCEKF@xpcOutpB?5not?5found?6?$AA@ 1001ad04     xpcruntime:xpcimports.obj
 0002:00004d18       ??_C@_08PJFMOIGO@xpcOutpB?$AA@ 1001ad18     xpcruntime:xpcimports.obj
 0002:00004d24       ??_C@_0BE@PIELDNIL@xpcInpDW?5not?5found?6?$AA@ 1001ad24     xpcruntime:xpcimports.obj
 0002:00004d38       ??_C@_08KDIAJBOP@xpcInpDW?$AA@ 1001ad38     xpcruntime:xpcimports.obj
 0002:00004d44       ??_C@_0BD@FPCJFMCC@xpcInpW?5not?5found?6?$AA@ 1001ad44     xpcruntime:xpcimports.obj
 0002:00004d58       ??_C@_07KIHBBOKH@xpcInpW?$AA@ 1001ad58     xpcruntime:xpcimports.obj
 0002:00004d60       ??_C@_0BD@PGABEJOL@xpcInpB?5not?5found?6?$AA@ 1001ad60     xpcruntime:xpcimports.obj
 0002:00004d74       ??_C@_07JPMEPILD@xpcInpB?$AA@ 1001ad74     xpcruntime:xpcimports.obj
 0002:00004d7c       ??_C@_0BK@HONODOKP@xpceFTSubtract?5not?5found?6?$AA@ 1001ad7c     xpcruntime:xpcimports.obj
 0002:00004d98       ??_C@_0P@KEODBLHO@xpceFTSubtract?$AA@ 1001ad98     xpcruntime:xpcimports.obj
 0002:00004da8       ??_C@_0BF@FJLEIILA@xpceFTAdd?5not?5found?6?$AA@ 1001ada8     xpcruntime:xpcimports.obj
 0002:00004dc0       ??_C@_09PHNHCHFH@xpceFTAdd?$AA@ 1001adc0     xpcruntime:xpcimports.obj
 0002:00004dcc       ??_C@_0BK@NMABIODN@xpceFTReadTime?5not?5found?6?$AA@ 1001adcc     xpcruntime:xpcimports.obj
 0002:00004de8       ??_C@_0P@CPGPNKEB@xpceFTReadTime?$AA@ 1001ade8     xpcruntime:xpcimports.obj
 0002:00004df8       ??_C@_0BN@DCAIKFFD@xpceDeRegisterISR?5not?5found?6?$AA@ 1001adf8     xpcruntime:xpcimports.obj
 0002:00004e18       ??_C@_0BC@NLBADGKF@xpceDeRegisterISR?$AA@ 1001ae18     xpcruntime:xpcimports.obj
 0002:00004e2c       ??_C@_0BL@NNDLOEJE@xpceRegisterISR?5not?5found?6?$AA@ 1001ae2c     xpcruntime:xpcimports.obj
 0002:00004e48       ??_C@_0BA@IJINKAHF@xpceRegisterISR?$AA@ 1001ae48     xpcruntime:xpcimports.obj
 0002:00004e58       ??_C@_0BK@NJCKNFPN@xpceScopeAcqOK?5not?5found?6?$AA@ 1001ae58     xpcruntime:xpcimports.obj
 0002:00004e74       ??_C@_0P@IEIIADJB@xpceScopeAcqOK?$AA@ 1001ae74     xpcruntime:xpcimports.obj
 0002:00004e84       ??_C@_0CD@LLBEFFBO@rl32eRestartAcquisition?5not?5foun@ 1001ae84     xpcruntime:xpcimports.obj
 0002:00004ea8       ??_C@_0BI@JAPOIDNG@rl32eRestartAcquisition?$AA@ 1001aea8     xpcruntime:xpcimports.obj
 0002:00004ec0       ??_C@_0CE@JLGHCFHI@rl32eSetTargetScopeSigFt?5not?5fou@ 1001aec0     xpcruntime:xpcimports.obj
 0002:00004ee4       ??_C@_0BJ@LIDLNDHC@rl32eSetTargetScopeSigFt?$AA@ 1001aee4     xpcruntime:xpcimports.obj
 0002:00004f00       ??_C@_0BP@JCHFMKPJ@rl32eSetTargetScope?5not?5found?6?$AA@ 1001af00     xpcruntime:xpcimports.obj
 0002:00004f20       ??_C@_0BE@DLACEEJM@rl32eSetTargetScope?$AA@ 1001af20     xpcruntime:xpcimports.obj
 0002:00004f34       ??_C@_0BK@JODJPNNH@xpceFSScopeSet?5not?5found?6?$AA@ 1001af34     xpcruntime:xpcimports.obj
 0002:00004f50       ??_C@_0P@IKMCBMHH@xpceFSScopeSet?$AA@ 1001af50     xpcruntime:xpcimports.obj
 0002:00004f60       ??_C@_0BJ@JCLHHIN@rl32eSetScope?5not?5found?6?$AA@ 1001af60     xpcruntime:xpcimports.obj
 0002:00004f7c       ??_C@_0O@CFDGALBP@rl32eSetScope?$AA@ 1001af7c     xpcruntime:xpcimports.obj
 0002:00004f8c       ??_C@_0BM@LGAMBAID@rl32eGetSignalNo?5not?5found?6?$AA@ 1001af8c     xpcruntime:xpcimports.obj
 0002:00004fa8       ??_C@_0BB@LDMIHGCE@rl32eGetSignalNo?$AA@ 1001afa8     xpcruntime:xpcimports.obj
 0002:00004fbc       ??_C@_0BK@GMJAJBAI@rl32eAddSignal?5not?5found?6?$AA@ 1001afbc     xpcruntime:xpcimports.obj
 0002:00004fd8       ??_C@_0P@CKNKILDP@rl32eAddSignal?$AA@ 1001afd8     xpcruntime:xpcimports.obj
 0002:00004fe8       ??_C@_0BJ@CDNOENKA@rl32eDefScope?5not?5found?6?$AA@ 1001afe8     xpcruntime:xpcimports.obj
 0002:00005004       ??_C@_0O@BNNGKJEA@rl32eDefScope?$AA@ 1001b004     xpcruntime:xpcimports.obj
 0002:00005014       ??_C@_0BM@FJBFEGFG@rl32eScopeExists?5not?5found?6?$AA@ 1001b014     xpcruntime:xpcimports.obj
 0002:00005030       ??_C@_0BB@BNNCEDPC@rl32eScopeExists?$AA@ 1001b030     xpcruntime:xpcimports.obj
 0002:00005098       __FPinit                   1001b098     LIBCMT:_fpinit_.obj
 0002:000050f0       __OP_FMODjmptab            1001b0f0     LIBCMT:_87fmod_.obj
 0002:00005140       ??_C@_0P@MIGLKIOC@CorExitProcess?$AA@ 1001b140     LIBCMT:crt0dat.obj
 0002:00005150       ??_C@_1BI@BGOHAHKC@?$AAm?$AAs?$AAc?$AAo?$AAr?$AAe?$AAe?$AA?4?$AAd?$AAl?$AAl?$AA?$AA@ 1001b150     LIBCMT:crt0dat.obj
 0002:00005168       ??_C@_15IABLJNFO@?$AA?6?$AA?6?$AA?$AA@ 1001b168     LIBCMT:wassert.obj
 0002:00005170       ??_C@_13LBAGMAIH@?$AA?6?$AA?$AA@ 1001b170     LIBCMT:wassert.obj
 0002:00005174       ??_C@_17LGKOMLJ@?$AA?4?$AA?4?$AA?4?$AA?$AA@ 1001b174     LIBCMT:wassert.obj
 0002:00005180       ??_C@_1EK@MBDPDCGA@?$AAM?$AAi?$AAc?$AAr?$AAo?$AAs?$AAo?$AAf?$AAt?$AA?5?$AAV?$AAi?$AAs?$AAu?$AAa?$AAl?$AA?5?$AAC?$AA?$CL?$AA?$CL?$AA?5?$AAR?$AAu?$AAn?$AAt?$AAi?$AAm?$AAe?$AA?5?$AAL?$AAi?$AAb@ 1001b180     LIBCMT:wassert.obj
 0002:000051cc       ??_C@_1CO@EAEJAADC@?$AA?$DM?$AAp?$AAr?$AAo?$AAg?$AAr?$AAa?$AAm?$AA?5?$AAn?$AAa?$AAm?$AAe?$AA?5?$AAu?$AAn?$AAk?$AAn?$AAo?$AAw?$AAn?$AA?$DO?$AA?$AA@ 1001b1cc     LIBCMT:wassert.obj
 0002:000051fc       __pDefaultRawDllMain       1001b1fc     LIBCMT:dllcrt0.obj
 0002:000051fc       __pRawDllMain              1001b1fc     LIBCMT:dllcrt0.obj
 0002:00005200       ??_C@_1BO@BKOMIGKJ@?$AAr?$AAu?$AAn?$AAt?$AAi?$AAm?$AAe?$AA?5?$AAe?$AAr?$AAr?$AAo?$AAr?$AA?5?$AA?$AA@ 1001b200     LIBCMT:crt0msg.obj
 0002:00005220       ??_C@_15JNBOKNOG@?$AA?$AN?$AA?6?$AA?$AA@ 1001b220     LIBCMT:crt0msg.obj
 0002:00005228       ??_C@_1BM@JBBEPPHI@?$AAT?$AAL?$AAO?$AAS?$AAS?$AA?5?$AAe?$AAr?$AAr?$AAo?$AAr?$AA?$AN?$AA?6?$AA?$AA@ 1001b228     LIBCMT:crt0msg.obj
 0002:00005244       ??_C@_1BK@KMOMNAAI@?$AAS?$AAI?$AAN?$AAG?$AA?5?$AAe?$AAr?$AAr?$AAo?$AAr?$AA?$AN?$AA?6?$AA?$AA@ 1001b244     LIBCMT:crt0msg.obj
 0002:00005260       ??_C@_1BO@BFCDCGC@?$AAD?$AAO?$AAM?$AAA?$AAI?$AAN?$AA?5?$AAe?$AAr?$AAr?$AAo?$AAr?$AA?$AN?$AA?6?$AA?$AA@ 1001b260     LIBCMT:crt0msg.obj
 0002:00005280       ??_C@_1BOO@KGEDBGAJ@?$AAR?$AA6?$AA0?$AA3?$AA3?$AA?$AN?$AA?6?$AA?9?$AA?5?$AAA?$AAt?$AAt?$AAe?$AAm?$AAp?$AAt?$AA?5?$AAt?$AAo?$AA?5?$AAu?$AAs?$AAe?$AA?5?$AAM?$AAS?$AAI?$AAL?$AA?5?$AAc?$AAo?$AAd@ 1001b280     LIBCMT:crt0msg.obj
 0002:00005470       ??_C@_1GG@GOPILAJP@?$AAR?$AA6?$AA0?$AA3?$AA2?$AA?$AN?$AA?6?$AA?9?$AA?5?$AAn?$AAo?$AAt?$AA?5?$AAe?$AAn?$AAo?$AAu?$AAg?$AAh?$AA?5?$AAs?$AAp?$AAa?$AAc?$AAe?$AA?5?$AAf?$AAo?$AAr?$AA?5?$AAl?$AAo@ 1001b470     LIBCMT:crt0msg.obj
 0002:000054d8       ??_C@_1MG@ENCOOIDF@?$AAR?$AA6?$AA0?$AA3?$AA1?$AA?$AN?$AA?6?$AA?9?$AA?5?$AAA?$AAt?$AAt?$AAe?$AAm?$AAp?$AAt?$AA?5?$AAt?$AAo?$AA?5?$AAi?$AAn?$AAi?$AAt?$AAi?$AAa?$AAl?$AAi?$AAz?$AAe?$AA?5?$AAt@ 1001b4d8     LIBCMT:crt0msg.obj
 0002:000055a0       ??_C@_1DO@BMFCDCD@?$AAR?$AA6?$AA0?$AA3?$AA0?$AA?$AN?$AA?6?$AA?9?$AA?5?$AAC?$AAR?$AAT?$AA?5?$AAn?$AAo?$AAt?$AA?5?$AAi?$AAn?$AAi?$AAt?$AAi?$AAa?$AAl?$AAi?$AAz?$AAe?$AAd?$AA?$AN?$AA?6?$AA?$AA@ 1001b5a0     LIBCMT:crt0msg.obj
 0002:000055e0       ??_C@_1EK@HHFLMAOL@?$AAR?$AA6?$AA0?$AA2?$AA8?$AA?$AN?$AA?6?$AA?9?$AA?5?$AAu?$AAn?$AAa?$AAb?$AAl?$AAe?$AA?5?$AAt?$AAo?$AA?5?$AAi?$AAn?$AAi?$AAt?$AAi?$AAa?$AAl?$AAi?$AAz?$AAe?$AA?5?$AAh?$AAe@ 1001b5e0     LIBCMT:crt0msg.obj
 0002:00005630       ??_C@_1GK@MFGOKLAG@?$AAR?$AA6?$AA0?$AA2?$AA7?$AA?$AN?$AA?6?$AA?9?$AA?5?$AAn?$AAo?$AAt?$AA?5?$AAe?$AAn?$AAo?$AAu?$AAg?$AAh?$AA?5?$AAs?$AAp?$AAa?$AAc?$AAe?$AA?5?$AAf?$AAo?$AAr?$AA?5?$AAl?$AAo@ 1001b630     LIBCMT:crt0msg.obj
 0002:000056a0       ??_C@_1GK@MCAAGJMO@?$AAR?$AA6?$AA0?$AA2?$AA6?$AA?$AN?$AA?6?$AA?9?$AA?5?$AAn?$AAo?$AAt?$AA?5?$AAe?$AAn?$AAo?$AAu?$AAg?$AAh?$AA?5?$AAs?$AAp?$AAa?$AAc?$AAe?$AA?5?$AAf?$AAo?$AAr?$AA?5?$AAs?$AAt@ 1001b6a0     LIBCMT:crt0msg.obj
 0002:00005710       ??_C@_1EM@MAADIHMB@?$AAR?$AA6?$AA0?$AA2?$AA5?$AA?$AN?$AA?6?$AA?9?$AA?5?$AAp?$AAu?$AAr?$AAe?$AA?5?$AAv?$AAi?$AAr?$AAt?$AAu?$AAa?$AAl?$AA?5?$AAf?$AAu?$AAn?$AAc?$AAt?$AAi?$AAo?$AAn?$AA?5?$AAc@ 1001b710     LIBCMT:crt0msg.obj
 0002:00005760       ??_C@_1GK@FHCKBEFA@?$AAR?$AA6?$AA0?$AA2?$AA4?$AA?$AN?$AA?6?$AA?9?$AA?5?$AAn?$AAo?$AAt?$AA?5?$AAe?$AAn?$AAo?$AAu?$AAg?$AAh?$AA?5?$AAs?$AAp?$AAa?$AAc?$AAe?$AA?5?$AAf?$AAo?$AAr?$AA?5?$AA_?$AAo@ 1001b760     LIBCMT:crt0msg.obj
 0002:000057d0       ??_C@_1FC@ECHBIFBC@?$AAR?$AA6?$AA0?$AA1?$AA9?$AA?$AN?$AA?6?$AA?9?$AA?5?$AAu?$AAn?$AAa?$AAb?$AAl?$AAe?$AA?5?$AAt?$AAo?$AA?5?$AAo?$AAp?$AAe?$AAn?$AA?5?$AAc?$AAo?$AAn?$AAs?$AAo?$AAl?$AAe?$AA?5@ 1001b7d0     LIBCMT:crt0msg.obj
[...]
 0002:00006ee8       __NULL_IMPORT_DESCRIPTOR   1001cee8     kernel32:KERNEL32.dll
 0003:000003e0       _testmodel_1109_P          1001e3e0     testmodel_1109_data.obj
 0003:00000d28       _pci20041digout            1001ed28     xpctarget.obj
 0003:00000d2c       _nipcdio24cnfg             1001ed2c     xpctarget.obj
 0003:00000d30       _rtddm6604cnfg             1001ed30     xpctarget.obj
 0003:00000e18       _DefaultCOMIOBase          1001ee18     xpcruntime:xpcimports.obj
 0003:00000e28       _DefaultCOMIRQ             1001ee28     xpcruntime:xpcimports.obj
 0003:00000e40       __fltused                  1001ee40     LIBCMT:_fpinit_.obj
 0003:00000e44       __ldused                   1001ee44     LIBCMT:_fpinit_.obj
 0003:00000e50       __iob                      1001ee50     LIBCMT:_file.obj
 0003:000010d0       ___security_cookie         1001f0d0     LIBCMT:gs_cookie.obj
 0003:000010d4       ___security_cookie_complement 1001f0d4     LIBCMT:gs_cookie.obj
 0003:000012b4       __cfltcvt_tab              1001f2b4     LIBCMT:cmiscdat.obj
 0003:000012e0       ___nullstring              1001f2e0     LIBCMT:output.obj
 0003:000012e4       ___wnullstring             1001f2e4     LIBCMT:output.obj
 0003:000012f0       __d_inf                    1001f2f0     LIBCMT:_util_.obj
 0003:000012f8       __d_ind                    1001f2f8     LIBCMT:_util_.obj
 0003:00001300       __d_max                    1001f300     LIBCMT:_util_.obj
 0003:00001308       __d_min                    1001f308     LIBCMT:_util_.obj
 0003:00001310       __d_mzero                  1001f310     LIBCMT:_util_.obj
 0003:00001420       ___badioinfo               1001f420     LIBCMT:ioinit.obj
 0003:00001580       __lookuptrailbytes         1001f580     LIBCMT:read.obj
 0003:00001680       ___flsindex                1001f680     LIBCMT:tidtable.obj
 0003:00001684       ___getvalueindex           1001f684     LIBCMT:tidtable.obj
 0003:00001688       ___abort_behavior          1001f688     LIBCMT:abort.obj
 0003:00001690       __matherr_flag             1001f690     LIBCMT:_matherr_.obj
 0003:000016a0       ___initialmbcinfo          1001f6a0     LIBCMT:mbctype.obj
 0003:000018c0       __mbctype                  1001f8c0     LIBCMT:mbctype.obj
 0003:000019c8       __mbcasemap                1001f9c8     LIBCMT:mbctype.obj
 0003:00001ac8       ___ptmbcinfo               1001fac8     LIBCMT:mbctype.obj
 0003:00001bc0       ___globallocalestatus      1001fbc0     LIBCMT:glstatus.obj
 0003:00001bc4       ___clocalestr              1001fbc4     LIBCMT:nlsdata2.obj
 0003:00001bc8       ___lc_time_c               1001fbc8     LIBCMT:nlsdata2.obj
 0003:00001d30       ___initiallocinfo          1001fd30     LIBCMT:nlsdata2.obj
 0003:00001e08       ___ptlocinfo               1001fe08     LIBCMT:nlsdata2.obj
 0003:00001e10       __NLG_Destination          1001fe10     LIBCMT:exsup.obj
 0003:00001e20       ___lconv_static_decimal    1001fe20     LIBCMT:lconv.obj
 0003:00001e24       ___lconv_static_W_decimal  1001fe24     LIBCMT:lconv.obj
 0003:00001e28       ___lconv_c                 1001fe28     LIBCMT:lconv.obj
 0003:00001e78       ___lconv                   1001fe78     LIBCMT:lconv.obj
 0003:00001e7c       __pctype                   1001fe7c     LIBCMT:ctype.obj
 0003:00001e80       __pwctype                  1001fe80     LIBCMT:ctype.obj
 0003:00001eb8       __confh                    1001feb8     LIBCMT:initcon.obj
 0003:00001ec0       ___mb_cur_max              1001fec0     LIBCMT:nlsdata1.obj
 0003:00001ec4       ___decimal_point           1001fec4     LIBCMT:nlsdata1.obj
 0003:00001ec8       ___decimal_point_length    1001fec8     LIBCMT:nlsdata1.obj
 0003:00001ed0       __pow10pos                 1001fed0     LIBCMT:_constpow_.obj
 0003:00002030       __pow10neg                 10020030     LIBCMT:_constpow_.obj
 0003:000021f8       _pci20098PortA             100201f8     xpctarget.obj
 0003:000021fc       _pci20098PortB             100201fc     xpctarget.obj
 0003:00002200       _siepowercan_firmware_initialized 10020200     xpctarget.obj
 0003:00002204       _siepowercan_port1_configured 10020204     xpctarget.obj
 0003:00002208       _siepowercan_port2_configured 10020208     xpctarget.obj
 0003:0000220c       _CANAC2_FIRMWARE_LOADED    1002020c     xpctarget.obj
 0003:00002210       _rs232ports                10020210     xpctarget.obj
 0003:00002220       _NI_AT_MIO_16F_5_commreg2  10020220     xpctarget.obj
 0003:00002224       _RTD_DM6430_init           10020224     xpctarget.obj
 0003:00002228       _RTD_DM6420_init           10020228     xpctarget.obj
 0003:0000222c       _CANAC2_FIRMWARE_LOADED_mb1 1002022c     xpctarget.obj
 0003:00002230       _CANAC2_FIRMWARE_LOADED_mb2 10020230     xpctarget.obj
 0003:00002234       _CANAC2_FIRMWARE_LOADED_mb3 10020234     xpctarget.obj
 0003:00002238       _xmlsize                   10020238     xpctarget.obj
 0003:00002540       ___fastflag                10020540     LIBCMT:_fpinit_.obj
 0003:00002548       __cflush                   10020548     LIBCMT:_file.obj
 0003:0000254c       __umaskval                 1002054c     LIBCMT:crt0dat.obj
 0003:00002550       ___argc                    10020550     LIBCMT:crt0dat.obj
 0003:00002554       ___argv                    10020554     LIBCMT:crt0dat.obj
 0003:00002558       ___wargv                   10020558     LIBCMT:crt0dat.obj
 0003:0000255c       __environ                  1002055c     LIBCMT:crt0dat.obj
 0003:00002560       ___initenv                 10020560     LIBCMT:crt0dat.obj
 0003:00002564       __wenviron                 10020564     LIBCMT:crt0dat.obj
 0003:00002568       ___winitenv                10020568     LIBCMT:crt0dat.obj
 0003:0000256c       __pgmptr                   1002056c     LIBCMT:crt0dat.obj
 0003:00002570       __wpgmptr                  10020570     LIBCMT:crt0dat.obj
 0003:00002574       __exitflag                 10020574     LIBCMT:crt0dat.obj
 0003:00002578       __C_Termination_Done       10020578     LIBCMT:crt0dat.obj
 0003:0000257c       __C_Exit_Done              1002057c     LIBCMT:crt0dat.obj
 0003:00002584       __aenvptr                  10020584     LIBCMT:dllcrt0.obj
 0003:00002588       __wenvptr                  10020588     LIBCMT:dllcrt0.obj
 0003:0000258c       ___error_mode              1002058c     LIBCMT:dllcrt0.obj
 0003:00002590       ___app_type                10020590     LIBCMT:dllcrt0.obj
 0003:00002bc0       __crtheap                  10020bc0     LIBCMT:heapinit.obj
 0003:00002bc4       ?_pnhHeap@@3P6AHI@ZA       10020bc4     LIBCMT:handler.obj
 0003:00002bc8       __newmode                  10020bc8     LIBCMT:_newmode.obj
 0003:00002bd0       __stdbuf                   10020bd0     LIBCMT:_sftbuf.obj
 0003:00002bd8       ___pInvalidArgHandler      10020bd8     LIBCMT:invarg.obj
 0003:00002bdc       __maxwait                  10020bdc     LIBCMT:crtheap.obj
 0003:00003054       ?__pInconsistency@@3P6AXXZA 10021054     LIBCMT:hooks.obj
 0003:00003070       ___pPurecall               10021070     LIBCMT:inithelp.obj
 0003:00003074       _gpFlsAlloc                10021074     LIBCMT:tidtable.obj
 0003:00003078       _gpFlsGetValue             10021078     LIBCMT:tidtable.obj
 0003:0000307c       _gpFlsSetValue             1002107c     LIBCMT:tidtable.obj
 0003:00003080       _gpFlsFree                 10021080     LIBCMT:tidtable.obj
 0003:000031a4       ___mbulinfo                100211a4     LIBCMT:mbctype.obj
 0003:000031b0       ___mbcodepage              100211b0     LIBCMT:mbctype.obj
 0003:000031b4       ___ismbcodepage            100211b4     LIBCMT:mbctype.obj
 0003:000031b8       ___mblcid                  100211b8     LIBCMT:mbctype.obj
 0003:000031bc       __outputformat             100211bc     LIBCMT:outputformat.obj
 0003:000031c0       __commode                  100211c0     LIBCMT:ncommode.obj
 0003:000031c4       ___lconv_static_null       100211c4     LIBCMT:lconv.obj
 0003:000031c8       ___lconv_static_W_null     100211c8     LIBCMT:lconv.obj
 0003:000031cc       ___locale_changed          100211cc     LIBCMT:setlocal.obj
 0003:000031d0       __fmode                    100211d0     LIBCMT:txtmode.obj
 0003:000031e0       _ptrWritePointer2          100211e0     <common>
 0003:000031f0       _ptrWritePointer1          100211f0     <common>
 0003:00003200       _rtInf                     10021200     <common>
 0003:00003208       _rtMinusInfF               10021208     <common>
 0003:0000320c       _rtInfF                    1002120c     <common>
 0003:00003210       _rtMinusInf                10021210     <common>
 0003:00003218       _rtNaN                     10021218     <common>
 0003:00003220       _rtNaNF                    10021220     <common>
 0003:00003240       _testmodel_1109_DW         10021240     <common>
 0003:00003380       _testmodel_1109_B          10021380     <common>
 0003:00003a30       _testmodel_1109_PrevZCX    10021a30     <common>
 0003:00003a40       _testmodel_1109_M_         10021a40     <common>
 0003:00006088       _xpcInpB                   10024088     <common>
 0003:0000608c       _rl32eReceiveChar          1002408c     <common>
 0003:00006090       _xpceUDPClose              10024090     <common>
 0003:00006094       _rl32eScopeExists          10024094     <common>
 0003:00006098       _CreateVideoDisplay        10024098     <common>
 0003:0000609c       _xpceCreateSemaphore       1002409c     <common>
 0003:000060a0       _xpceSetParameter          100240a0     <common>
 0003:000060a4       _TBTakeSpinFast            100240a4     <common>
 0003:000060a8       _xpcGetElapsedTime         100240a8     <common>
 0003:000060ac       _xpceUDPSend               100240ac     <common>
 0003:000060b0       _rl32eSetTargetScope       100240b0     <common>
 0003:000060b4       _rl32eAddSignal            100240b4     <common>
 0003:000060b8       _xpceAssignPCIInterrupt    100240b8     <common>
 0003:000060bc       _xpceSignalSemaphore       100240bc     <common>
 0003:000060c0       _StartVideo                100240c0     <common>
 0003:000060c4       _startToAsyncQueueTgtAppSvc 100240c4     <common>
 0003:000060c8       _rl32eSetTargetScopeSigFt  100240c8     <common>
 0003:000060cc       _rl32eSetScope             100240cc     <common>
 0003:000060d0       _xpceUDPOpenReceive        100240d0     <common>
 0003:000060d4       _xpcReserveMemoryRegion    100240d4     <common>
 0003:000060d8       _getCommService            100240d8     <common>
 0003:000060dc       _rl32eGetPCIInfoAtSlot     100240dc     <common>
 0003:000060e0       _GetVideoConfigs           100240e0     <common>
 0003:000060e4       _rl32eReceiveBufferCount   100240e4     <common>
 0003:000060e8       _rl32eSendBlock            100240e8     <common>
 0003:000060ec       _StartVideoDisplay         100240ec     <common>
 0003:000060f0       _ReadFrameBuffer           100240f0     <common>
 0003:000060f4       _xpceDeRegisterISR         100240f4     <common>
 0003:000060f8       _xpceFSScopeSet            100240f8     <common>
 0003:000060fc       _rl32eCloseCOMPort         100240fc     <common>
 0003:00006100       _TBDeleteSpin              10024100     <common>
 0003:00006104       _rl32eRestartAcquisition   10024104     <common>
 0003:00006108       _rl32eDefScope             10024108     <common>
 0003:0000610c       _rl32eShowPCIInfo          1002410c     <common>
 0003:00006110       _xpcOutpB                  10024110     <common>
 0003:00006114       _xpceWaitSemaphore         10024114     <common>
 0003:00006118       _rl32eSendChar             10024118     <common>
 0003:0000611c       _sendToAsyncQueueTgtAppSvc 1002411c     <common>
 0003:00006120       _xpceDeleteSemaphore       10024120     <common>
 0003:00006124       _getStatusFlags            10024124     <common>
 0003:00006128       _rl32eGetSignalNo          10024128     <common>
 0003:0000612c       _xpceGetTET                1002412c     <common>
 0003:00006130       _xpceGetParameter          10024130     <common>
 0003:00006134       _StopVideo                 10024134     <common>
 0003:00006138       _getMemoryService          10024138     <common>
 0003:0000613c       _terminateToAsyncQueueTgtAppSvc 1002413c     <common>
 0003:00006140       _xpcBusyWait               10024140     <common>
 0003:00006144       _FindUsbVideoDevice        10024144     <common>
 0003:00006148       _xpceaddEvent              10024148     <common>
 0003:0000614c       _rl32eLineStatus           1002414c     <common>
 0003:00006150       _ConvertUImage             10024150     <common>
 0003:00006154       _xpceGetParamDims          10024154     <common>
 0003:00006158       _xpcIsModelInit            10024158     <common>
 0003:0000615c       _xpceFTReadTime            1002415c     <common>
 0003:00006160       _rl32eGetPCIInfo           10024160     <common>
 0003:00006164       _DestroyVideoDisplay       10024164     <common>
 0003:00006168       _xpceUDPReceive            10024168     <common>
 0003:0000616c       _xpceFTSubtract            1002416c     <common>
 0003:00006170       _TBCreateSpin              10024170     <common>
 0003:00006174       _rl32eShowPCIDev           10024174     <common>
 0003:00006178       _xpceFTAdd                 10024178     <common>
 0003:0000617c       _xpcFreePhysicalMemory     1002417c     <common>
 0003:00006180       _xpcAllocPhysicalMemory    10024180     <common>
 0003:00006184       _StreamVideo               10024184     <common>
 0003:00006188       _xpceScopeAcqOK            10024188     <common>
 0003:0000618c       _xpcInpDW                  1002418c     <common>
 0003:00006190       _xpcOutpDW                 10024190     <common>
 0003:00006194       _rl32eInitCOMPort          10024194     <common>
 0003:00006198       _StopVideoDisplay          10024198     <common>
 0003:0000619c       _xpcOutpW                  1002419c     <common>
 0003:000061a0       _xpceGetSignalValue        100241a0     <common>
 0003:000061a4       _xpceUDPOpenSend           100241a4     <common>
 0003:000061a8       _xpcInpW                   100241a8     <common>
 0003:000061ac       _TBGiveSpinFast            100241ac     <common>
 0003:000061b0       _xpceRegisterISR           100241b0     <common>
 0003:000061b4       __debugger_hook_dummy      100241b4     <common>
 0003:000061b8       __nhandle                  100241b8     <common>
 0003:000061c0       ___pioinfo                 100241c0     <common>
 0003:000062c0       __pDestructExceptionObject 100242c0     <common>
 0003:000062c4       ___sse2_available          100242c4     <common>
 0003:000062c8       ___use_sse2_mathfcns       100242c8     <common>
 0003:000062cc       __pmatherr                 100242cc     <common>
 0003:000062d0       __acmdln                   100242d0     <common>
 0003:000062d4       ___env_initialized         100242d4     <common>
 0003:000062d8       ___onexitend               100242d8     <common>
 0003:000062dc       ___onexitbegin             100242dc     <common>
 0003:000062e0       ___mbctype_initialized     100242e0     <common>
 0003:000062e4       ___dyn_tls_init_callback   100242e4     <common>
 0003:000062e8       ___piob                    100242e8     <common>
 0003:00006300       __bufin                    10024300     <common>
 0003:00007300       __nstream                  10025300     <common>

 entry point at        0001:00009d48

 Static symbols

 0001:000000a0       _testmodel_1109_output     100010a0 f   testmodel_1109.obj
 0001:00002200       _testmodel_1109_update     10003200 f   testmodel_1109.obj
 0001:000022e0       _testmodel_1109_initialize 100032e0 f   testmodel_1109.obj
 0001:00002db0       _testmodel_1109_terminate  10003db0 f   testmodel_1109.obj
 0001:00002e60       _mdlOutputs                10003e60 f   testmodel_1109.obj
 0001:00002e60       _mdlTerminate              10003e60 f   testmodel_1109.obj
 0001:00004b30       _zffbcd1020c               10005b30 f   sg_IO601_write_s_3.obj
 0001:00004cb0       _z50a448c4af               10005cb0 f   sg_IO601_write_s_3.obj
 0001:00004e50       _mdlInitializeSizes        10005e50 f   sg_IO601_write_s_3.obj
 0001:00004fe0       _mdlInitializeSampleTimes  10005fe0 f   sg_IO601_write_s_3.obj
 0001:00005050       _mdlStart                  10006050 f   sg_IO601_write_s_3.obj
 0001:00005440       _mdlOutputs                10006440 f   sg_IO601_write_s_3.obj
 0001:000056b0       _mdlTerminate              100066b0 f   sg_IO601_write_s_3.obj
 0001:00005910       _z2521217c2d               10006910 f   sg_IO601_setup_s_3.obj
 0001:000059a0       _z36e52286a2               100069a0 f   sg_IO601_setup_s_3.obj
 0001:000059d0       _z2cb48b8ffe               100069d0 f   sg_IO601_setup_s_3.obj
 0001:00005a10       _z49452fc13f               10006a10 f   sg_IO601_setup_s_3.obj
 0001:00005a90       _mdlInitializeSizes        10006a90 f   sg_IO601_setup_s_3.obj
 0001:00005b00       _mdlInitializeSampleTimes  10006b00 f   sg_IO601_setup_s_3.obj
 0001:00005b20       _mdlStart                  10006b20 f   sg_IO601_setup_s_3.obj
 0001:00006730       _mdlTerminate              10007730 f   sg_IO601_setup_s_3.obj
 0001:00006890       _z825df60379               10007890 f   sg_IO601_read_s_3.obj
 0001:00006ae0       _mdlInitializeSizes        10007ae0 f   sg_IO601_read_s_3.obj
 0001:00006c30       _mdlInitializeSampleTimes  10007c30 f   sg_IO601_read_s_3.obj
 0001:00006ca0       _mdlStart                  10007ca0 f   sg_IO601_read_s_3.obj
 0001:00006dd0       _mdlOutputs                10007dd0 f   sg_IO601_read_s_3.obj
 0001:00007370       _getPciDeviceAtSlot        10008370 f   xpcruntime:xpcimports.obj
 0001:00008050       _getPciDevice              10009050 f   xpcruntime:xpcimports.obj
 0001:00009727       _doexit                    1000a727 f   LIBCMT:crt0dat.obj
 0001:00009c52       ___DllMainCRTStartup       1000ac52 f   LIBCMT:dllcrt0.obj
 0001:0000a616       __shift                    1000b616 f   LIBCMT:cvt.obj
 0001:0000a65b       __cftoe2_l                 1000b65b f   LIBCMT:cvt.obj
 0001:0000ac19       __cftof2_l                 1000bc19 f   LIBCMT:cvt.obj
 0001:0000b5ca       _write_char                1000c5ca f   LIBCMT:output.obj
 0001:0000b5fd       _write_string              1000c5fd f   LIBCMT:output.obj
 0001:0000d543       _flsall                    1000e543 f   LIBCMT:fflush.obj
 0001:0000e540       __unwind_handler4          1000f540 f   LIBCMT:exsup4.obj
 0001:0000e66a       _siglookup                 1000f66a f   LIBCMT:winsig.obj
 0001:0000ed51       __onexit_nolock            1000fd51 f   LIBCMT:onexit.obj
 0001:0000f4a6       _parse_cmdline             100104a6 f   LIBCMT:stdargv.obj
 0001:0000fa7d       ?CPtoLCID@@YAHH@Z          10010a7d f   LIBCMT:mbctype.obj
 0001:0000faac       ?setSBCS@@YAXPAUthreadmbcinfostruct@@@Z 10010aac f   LIBCMT:mbctype.obj
 0001:0000fb10       ?setSBUpLow@@YAXPAUthreadmbcinfostruct@@@Z 10010b10 f   LIBCMT:mbctype.obj
 0001:0000fd44       ?getSystemCP@@YAHH@Z       10010d44 f   LIBCMT:mbctype.obj
 0001:00011560       __unwind_handler           10012560 f   LIBCMT:exsup.obj
 0001:000116ca       ?x_ismbbtype_l@@YAHPAUlocaleinfo_struct@@IHH@Z 100126ca f   LIBCMT:ismbbyte.obj
 0001:00011735       ?__crtLCMapStringA_stat@@YAHPAUlocaleinfo_struct@@KKPBDHPADHHH@Z 10012735 f   LIBCMT:a_map.obj
 0001:00011962       ?__crtGetStringTypeA_stat@@YAHPAUlocaleinfo_struct@@KPBDHPAGHHH@Z 10012962 f   LIBCMT:a_str.obj
 0001:00013a95       __hw_cw                    10014a95 f   LIBCMT:_ieee87_.obj
 0001:00013b23       ___hw_cw_sse2              10014b23 f   LIBCMT:_ieee87_.obj
